[2026-04-05 21:01:41,036] 14 root - INFO - Reading YAML file from the path: params.yaml
[2026-04-05 21:01:41,037] 37 root - INFO - ----------------------------------------------------------------------------------------------------
[2026-04-05 21:01:41,037] 38 root - INFO - START OF: DATA INGSETION
[2026-04-05 21:01:41,037] 39 root - INFO - ----------------------------------------------------------------------------------------------------

[2026-04-05 21:01:41,039] 122 root - INFO - Data Ingestion Pipeline Started:
[2026-04-05 21:02:44,723] 51 root - INFO - RAW data shape: (1067371, 9) pulled from MongoDB.
[2026-04-05 21:02:45,049] 57 root - INFO - Total number of dropped rows: 243,007 or 22.77% with missing Customer ID
[2026-04-05 21:02:45,383] 68 root - INFO - Cut-off date: 2011-03-31 00:00:00 | Before: 824,364 samples | After: 513,367 samples. 
[2026-04-05 21:02:45,947] 75 root - INFO - Data Import From MongoDB As DataFrame Success | Records: 513,367 & Features: 8
[2026-04-05 21:02:46,576] 93 root - INFO - Dataframe saved as Parquet file in feature store in the path: Artifacts\data_ingestion\feature_store as a backup file.
[2026-04-05 21:02:46,897] 106 root - INFO - Train-test split completed | Training: (410693, 8) (80.0%)  and Test: (102674, 8) (20.0%).
[2026-04-05 21:02:47,496] 111 root - INFO - Exporting train and test data as Parquet completed.
[2026-04-05 21:02:47,566] 137 root - INFO - Data Ingestion Artifacts:
DataIngestionArtifacts(training_file_path='Artifacts\\data_ingestion\\ingested\\train.parquet', test_file_path='Artifacts\\data_ingestion\\ingested\\test.parquet')

[2026-04-05 21:02:47,567] 138 root - INFO - Data Ingestion Completed | Total Execution Time: 1.109 min.
[2026-04-05 21:02:47,737] 41 root - INFO - ----------------------------------------------------------------------------------------------------
[2026-04-05 21:02:47,737] 42 root - INFO - END OF: DATA INGSETION
[2026-04-05 21:02:47,737] 43 root - INFO - ----------------------------------------------------------------------------------------------------



[2026-04-05 21:02:47,737] 37 root - INFO - ----------------------------------------------------------------------------------------------------
[2026-04-05 21:02:47,737] 38 root - INFO - START OF: DATA VALIDATION
[2026-04-05 21:02:47,737] 39 root - INFO - ----------------------------------------------------------------------------------------------------

[2026-04-05 21:02:47,737] 14 root - INFO - Reading YAML file from the path: data_schema\schema.yaml
[2026-04-05 21:02:47,741] 125 root - INFO - Data Validation Pipeline Started:
[2026-04-05 21:02:47,944] 44 root - INFO - Training dataframe: Column length validation success!
[2026-04-05 21:02:47,944] 44 root - INFO - Testing dataframe: Column length validation success!
[2026-04-05 21:02:47,944] 76 root - INFO - 'Training' dataframe: All column data-type validations passed.
[2026-04-05 21:02:47,945] 76 root - INFO - 'Testing' dataframe: All column data-type validations passed.
[2026-04-05 21:02:48,300] 145 root - INFO - Data Validation Artifacts:
DataValidationArtifacts(validation_status=True, valid_train_file_path='Artifacts\\data_validation\\valid\\train.parquet', valid_test_file_path='Artifacts\\data_validation\\valid\\test.parquet', invalid_train_file_path=None, invalid_test_file_path=None, drift_report_file_path=None)

[2026-04-05 21:02:48,300] 146 root - INFO - Data Validation Completed | Total Execution Time: 0.009 min.
[2026-04-05 21:02:48,300] 41 root - INFO - ----------------------------------------------------------------------------------------------------
[2026-04-05 21:02:48,300] 42 root - INFO - END OF: DATA VALIDATION
[2026-04-05 21:02:48,300] 43 root - INFO - ----------------------------------------------------------------------------------------------------



[2026-04-05 21:02:48,300] 37 root - INFO - ----------------------------------------------------------------------------------------------------
[2026-04-05 21:02:48,300] 38 root - INFO - START OF: DATA CLEANING: TRAINING DATA
[2026-04-05 21:02:48,300] 39 root - INFO - ----------------------------------------------------------------------------------------------------

[2026-04-05 21:02:48,301] 14 root - INFO - Reading YAML file from the path: params.yaml
[2026-04-05 21:02:48,302] 28 root - INFO - Data cleaning parameters loaded with success: {'imputation_strategy': 'median', 'capping_quantiles': 0.99}
[2026-04-05 21:02:48,302] 152 root - INFO - Cleaning Training Data Pipeline Started:
[2026-04-05 21:02:48,420] 156 root - INFO - Reading training data success!
[2026-04-05 21:02:48,860] 38 root - INFO - Total number of duplicates in the given training dataframe: 14,486 were dropped.
[2026-04-05 21:02:48,861] 158 root - INFO - Duplicates handled in the training data.
[2026-04-05 21:02:48,911] 88 root - INFO - training dataframe missing value report:
invoice         0
stockcode       0
description     0
quantity        0
invoicedate     0
price          32
customerid      0
country         0
dtype: int64
[2026-04-05 21:02:48,948] 61 root - INFO - SimpleImputer used median as strategy and saved the imputer at: Artifacts\data_cleaning\missing_data_imputer\SimpleImputerForPrice.joblib path.
[2026-04-05 21:02:48,949] 74 root - INFO - Imputer loading Success from Artifacts\data_cleaning\missing_data_imputer\SimpleImputerForPrice.joblib
[2026-04-05 21:02:48,956] 76 root - INFO - Dataframe: training on column Price, imputation success!
[2026-04-05 21:02:49,477] 106 root - INFO - Total number of cancelled orders in training dataframe: 9,561
[2026-04-05 21:02:49,775] 176 root - INFO - Unclipped training data saved for tree models in: Artifacts\data_cleaning\data_unclipped\train.parquet
[2026-04-05 21:02:49,785] 124 root - INFO - Clipping values calculated on training data: {'quantity_abs': 144.0, 'price': 14.95}
[2026-04-05 21:02:49,786] 130 root - INFO - Clipping data from training file saved at: Artifacts\data_cleaning\caps.yaml
[2026-04-05 21:02:49,789] 135 root - INFO - Column: quantity_abs has been clipped by 99th quantile: 144.0
[2026-04-05 21:02:49,794] 135 root - INFO - Column: price has been clipped by 99th quantile: 14.95
[2026-04-05 21:02:50,089] 183 root - INFO - Clipped training data saved for linear models in: Artifacts\data_cleaning\data_clipped\train.parquet
[2026-04-05 21:02:50,090] 196 root - INFO - Data Cleaning Artifacts:
DataCleaningArtifacts(clipped_training_file_path='Artifacts\\data_cleaning\\data_clipped\\train.parquet', clipped_testing_file_path=None, unclipped_training_file_path='Artifacts\\data_cleaning\\data_unclipped\\train.parquet', unclipped_testing_file_path=None, simple_imputer_file_path='Artifacts\\data_cleaning\\missing_data_imputer\\SimpleImputerForPrice.joblib', caps_file_path_yaml='Artifacts\\data_cleaning\\caps.yaml')

[2026-04-05 21:02:50,090] 197 root - INFO - Cleaning Training Data Completed | Total Execution Time: 0.03 min.
[2026-04-05 21:02:50,101] 41 root - INFO - ----------------------------------------------------------------------------------------------------
[2026-04-05 21:02:50,101] 42 root - INFO - END OF: DATA CLEANING: TRAINING DATA
[2026-04-05 21:02:50,101] 43 root - INFO - ----------------------------------------------------------------------------------------------------



[2026-04-05 21:02:50,101] 37 root - INFO - ----------------------------------------------------------------------------------------------------
[2026-04-05 21:02:50,101] 38 root - INFO - START OF: DATA CLEANING: TESTING DATA
[2026-04-05 21:02:50,101] 39 root - INFO - ----------------------------------------------------------------------------------------------------

[2026-04-05 21:02:50,101] 14 root - INFO - Reading YAML file from the path: params.yaml
[2026-04-05 21:02:50,102] 28 root - INFO - Data cleaning parameters loaded with success: {'imputation_strategy': 'median', 'capping_quantiles': 0.99}
[2026-04-05 21:02:50,102] 207 root - INFO - Cleaning Testing Data Pipeline Started:
[2026-04-05 21:02:50,142] 211 root - INFO - Reading testing data success!!
[2026-04-05 21:02:50,241] 38 root - INFO - Total number of duplicates in the given testing dataframe: 913 were dropped.
[2026-04-05 21:02:50,242] 213 root - INFO - Duplicates removed in the testing data.
[2026-04-05 21:02:50,255] 88 root - INFO - testing dataframe missing value report:
invoice        0
stockcode      0
description    0
quantity       0
invoicedate    0
price          7
customerid     0
country        0
dtype: int64
[2026-04-05 21:02:50,256] 74 root - INFO - Imputer loading Success from Artifacts\data_cleaning\missing_data_imputer\SimpleImputerForPrice.joblib
[2026-04-05 21:02:50,258] 76 root - INFO - Dataframe: testing on column Price, imputation success!
[2026-04-05 21:02:50,391] 106 root - INFO - Total number of cancelled orders in testing dataframe: 2,419
[2026-04-05 21:02:50,476] 229 root - INFO - Unclipped test file saved at: Artifacts\data_cleaning\data_unclipped\test.parquet
[2026-04-05 21:02:50,477] 14 root - INFO - Reading YAML file from the path: Artifacts\data_cleaning\caps.yaml
[2026-04-05 21:02:50,480] 141 root - INFO - Column: price has been clipped using 14.95
[2026-04-05 21:02:50,481] 141 root - INFO - Column: quantity_abs has been clipped using 144.0
[2026-04-05 21:02:50,563] 237 root - INFO - Clipped testing data saved at: Artifacts\data_cleaning\data_clipped\test.parquet
[2026-04-05 21:02:50,563] 249 root - INFO - Data Cleaning Artifacts:
DataCleaningArtifacts(clipped_training_file_path=None, clipped_testing_file_path='Artifacts\\data_cleaning\\data_clipped\\test.parquet', unclipped_training_file_path=None, unclipped_testing_file_path='Artifacts\\data_cleaning\\data_unclipped\\test.parquet', simple_imputer_file_path=None, caps_file_path_yaml=None)

[2026-04-05 21:02:50,563] 250 root - INFO - Cleaning Testing Data Completed | Total Execution Time: 0.008 min.
[2026-04-05 21:02:50,565] 41 root - INFO - ----------------------------------------------------------------------------------------------------
[2026-04-05 21:02:50,566] 42 root - INFO - END OF: DATA CLEANING: TESTING DATA
[2026-04-05 21:02:50,566] 43 root - INFO - ----------------------------------------------------------------------------------------------------



[2026-04-05 21:02:50,566] 37 root - INFO - ----------------------------------------------------------------------------------------------------
[2026-04-05 21:02:50,566] 38 root - INFO - START OF: FEATURE ENGINEERING: CLIPPED DATASET
[2026-04-05 21:02:50,566] 39 root - INFO - ----------------------------------------------------------------------------------------------------

[2026-04-05 21:02:50,567] 27 root - INFO - FeatureEngineering Class initialization success!
[2026-04-05 21:02:50,567] 251 root - INFO - Feature Engineering For: clipped dataframes:
[2026-04-05 21:02:50,567] 252 root - INFO - ----------------------------------------------------------------------------------------------------
[2026-04-05 21:02:50,567] 255 root - INFO - Feature engineering pipeline started, given branch name: 'clipped'
[2026-04-05 21:02:50,682] 267 root - INFO - Reading Artifacts\data_cleaning\data_clipped\train.parquet data completed.
[2026-04-05 21:02:50,683] 268 root - INFO - Training clipped data has a shape of: (396207, 12)
[2026-04-05 21:02:50,721] 271 root - INFO - Reading Artifacts\data_cleaning\data_clipped\test.parquet data completed.
[2026-04-05 21:02:50,721] 272 root - INFO - Testing clipped data has a shape of: (101761, 12)
[2026-04-05 21:02:50,721] 47 root - INFO - Creating observation dataframe via 'create_observation_df()' method started for 'training:clipped' df.
[2026-04-05 21:02:50,762] 50 root - INFO - The shape of the training observation dataframe is: (341434, 12).
[2026-04-05 21:02:50,762] 51 root - INFO - The transactions in the training observation window ranges between: 2009-12-01 07:45:00 : 2010-12-23 16:06:00
[2026-04-05 21:02:50,762] 52 root - INFO - Creating observation dataframe via 'create_observation_df()' method for 'training:clipped' df success.
[2026-04-05 21:02:50,762] 47 root - INFO - Creating observation dataframe via 'create_observation_df()' method started for 'testing:clipped' df.
[2026-04-05 21:02:50,772] 50 root - INFO - The shape of the testing observation dataframe is: (88078, 12).
[2026-04-05 21:02:50,772] 51 root - INFO - The transactions in the testing observation window ranges between: 2009-12-01 07:45:00 : 2010-12-23 16:06:00
[2026-04-05 21:02:50,772] 52 root - INFO - Creating observation dataframe via 'create_observation_df()' method for 'testing:clipped' df success.
[2026-04-05 21:02:50,772] 280 root - INFO - --------------------------------------------------
[2026-04-05 21:02:50,772] 75 root - INFO - Creating the product/stockcode level metrics using 'create_stockcode_lvl_metrics()' method.
[2026-04-05 21:02:50,798] 77 root - INFO - There are a total of 4,005 unique products on the given training dataset.
[2026-04-05 21:02:50,856] 87 root - INFO - Creating the product/stockcode level metrics using 'create_stockcode_lvl_metrics()' method success
[2026-04-05 21:02:50,858] 284 root - INFO - --------------------------------------------------
[2026-04-05 21:02:50,858] 114 root - INFO - Creating the customer level risk for the products they buy: 'training:clipped df'
[2026-04-05 21:02:50,964] 127 root - INFO - Success for creating the customer level risk for the products they buy for 'training:clipped df'
[2026-04-05 21:02:50,966] 114 root - INFO - Creating the customer level risk for the products they buy: 'testing:clipped df'
[2026-04-05 21:02:51,006] 127 root - INFO - Success for creating the customer level risk for the products they buy for 'testing:clipped df'
[2026-04-05 21:02:51,007] 296 root - INFO - --------------------------------------------------
[2026-04-05 21:02:51,008] 156 root - INFO - Creating the customer level aggregated metrics for training:clipped data.
[2026-04-05 21:02:51,974] 200 root - INFO - Success in creating the customer level aggregated metrics.
[2026-04-05 21:02:51,978] 156 root - INFO - Creating the customer level aggregated metrics for testing:clipped data.
[2026-04-05 21:02:52,767] 200 root - INFO - Success in creating the customer level aggregated metrics.
[2026-04-05 21:02:52,768] 309 root - INFO - --------------------------------------------------
[2026-04-05 21:02:52,768] 225 root - INFO - Defining the churn label for training:clipped df.
[2026-04-05 21:02:52,768] 226 root - INFO - The observation window will be until: 2010-12-31 00:00:00.
[2026-04-05 21:02:52,768] 227 root - INFO - The churn window will be from: 2011-01-01 00:00:00 until:   2011-03-31 00:00:00
[2026-04-05 21:02:52,779] 229 root - INFO - The min invoice date in churn df: 2011-01-04 10:00:00 and the max is: 2011-03-30 17:33:00
[2026-04-05 21:02:52,781] 231 root - INFO - There are a total of: 1778 customer IDs who made the transaction in churn window.
[2026-04-05 21:02:52,783] 233 root - INFO - The count for the churn label is:
churn
1    2969
0    1415
Name: count, dtype: int64
[2026-04-05 21:02:52,783] 234 root - INFO - The shape of the finalized df is:(4384, 15)
[2026-04-05 21:02:52,783] 235 root - INFO - Success at defining the churn label for training:clipped df.
[2026-04-05 21:02:52,784] 225 root - INFO - Defining the churn label for testing:clipped df.
[2026-04-05 21:02:52,784] 226 root - INFO - The observation window will be until: 2010-12-31 00:00:00.
[2026-04-05 21:02:52,785] 227 root - INFO - The churn window will be from: 2011-01-01 00:00:00 until:   2011-03-31 00:00:00
[2026-04-05 21:02:52,788] 229 root - INFO - The min invoice date in churn df: 2011-01-04 10:00:00 and the max is: 2011-03-30 17:33:00
[2026-04-05 21:02:52,788] 231 root - INFO - There are a total of: 1621 customer IDs who made the transaction in churn window.
[2026-04-05 21:02:52,790] 233 root - INFO - The count for the churn label is:
churn
1    2872
0    1278
Name: count, dtype: int64
[2026-04-05 21:02:52,790] 234 root - INFO - The shape of the finalized df is:(4150, 15)
[2026-04-05 21:02:52,790] 235 root - INFO - Success at defining the churn label for testing:clipped df.
[2026-04-05 21:02:52,815] 331 root - INFO - Clipped training data saved to: Artifacts\feature_engineering\data_clipped\train.parquet
[2026-04-05 21:02:52,815] 332 root - INFO - Clipped testing data saved to: Artifacts\feature_engineering\data_clipped\test.parquet
[2026-04-05 21:02:52,815] 353 root - INFO - Feature Engineering Artifacts:
FeatureEngineeringArtifacts(clipped_training_file_path='Artifacts\\feature_engineering\\data_clipped\\train.parquet', clipped_testing_file_path='Artifacts\\feature_engineering\\data_clipped\\test.parquet', unclipped_training_file_path=None, unclipped_testing_file_path=None)

[2026-04-05 21:02:52,815] 354 root - INFO - Feature Engineering Completed | Total Execution Time: 0.037 min.
[2026-04-05 21:02:52,828] 41 root - INFO - ----------------------------------------------------------------------------------------------------
[2026-04-05 21:02:52,829] 42 root - INFO - END OF: FEATURE ENGINEERING
[2026-04-05 21:02:52,829] 43 root - INFO - ----------------------------------------------------------------------------------------------------



[2026-04-05 21:02:52,829] 37 root - INFO - ----------------------------------------------------------------------------------------------------
[2026-04-05 21:02:52,829] 38 root - INFO - START OF: FEATURE ENGINEERING
[2026-04-05 21:02:52,829] 39 root - INFO - ----------------------------------------------------------------------------------------------------

[2026-04-05 21:02:52,829] 27 root - INFO - FeatureEngineering Class initialization success!
[2026-04-05 21:02:52,830] 251 root - INFO - Feature Engineering For: unclipped dataframes:
[2026-04-05 21:02:52,830] 252 root - INFO - ----------------------------------------------------------------------------------------------------
[2026-04-05 21:02:52,830] 255 root - INFO - Feature engineering pipeline started, given branch name: 'unclipped'
[2026-04-05 21:02:52,945] 267 root - INFO - Reading Artifacts\data_cleaning\data_unclipped\train.parquet data completed.
[2026-04-05 21:02:52,945] 268 root - INFO - Training unclipped data has a shape of: (396207, 10)
[2026-04-05 21:02:52,983] 271 root - INFO - Reading Artifacts\data_cleaning\data_unclipped\test.parquet data completed.
[2026-04-05 21:02:52,983] 272 root - INFO - Testing unclipped data has a shape of: (101761, 10)
[2026-04-05 21:02:52,983] 47 root - INFO - Creating observation dataframe via 'create_observation_df()' method started for 'training:unclipped' df.
[2026-04-05 21:02:53,020] 50 root - INFO - The shape of the training observation dataframe is: (341434, 10).
[2026-04-05 21:02:53,020] 51 root - INFO - The transactions in the training observation window ranges between: 2009-12-01 07:45:00 : 2010-12-23 16:06:00
[2026-04-05 21:02:53,020] 52 root - INFO - Creating observation dataframe via 'create_observation_df()' method for 'training:unclipped' df success.
[2026-04-05 21:02:53,020] 47 root - INFO - Creating observation dataframe via 'create_observation_df()' method started for 'testing:unclipped' df.
[2026-04-05 21:02:53,029] 50 root - INFO - The shape of the testing observation dataframe is: (88078, 10).
[2026-04-05 21:02:53,029] 51 root - INFO - The transactions in the testing observation window ranges between: 2009-12-01 07:45:00 : 2010-12-23 16:06:00
[2026-04-05 21:02:53,029] 52 root - INFO - Creating observation dataframe via 'create_observation_df()' method for 'testing:unclipped' df success.
[2026-04-05 21:02:53,029] 280 root - INFO - --------------------------------------------------
[2026-04-05 21:02:53,030] 75 root - INFO - Creating the product/stockcode level metrics using 'create_stockcode_lvl_metrics()' method.
[2026-04-05 21:02:53,057] 77 root - INFO - There are a total of 4,005 unique products on the given training dataset.
[2026-04-05 21:02:53,115] 87 root - INFO - Creating the product/stockcode level metrics using 'create_stockcode_lvl_metrics()' method success
[2026-04-05 21:02:53,117] 284 root - INFO - --------------------------------------------------
[2026-04-05 21:02:53,118] 114 root - INFO - Creating the customer level risk for the products they buy: 'training:unclipped df'
[2026-04-05 21:02:53,227] 127 root - INFO - Success for creating the customer level risk for the products they buy for 'training:unclipped df'
[2026-04-05 21:02:53,230] 114 root - INFO - Creating the customer level risk for the products they buy: 'testing:unclipped df'
[2026-04-05 21:02:53,276] 127 root - INFO - Success for creating the customer level risk for the products they buy for 'testing:unclipped df'
[2026-04-05 21:02:53,277] 296 root - INFO - --------------------------------------------------
[2026-04-05 21:02:53,277] 156 root - INFO - Creating the customer level aggregated metrics for training:unclipped data.
[2026-04-05 21:02:54,209] 200 root - INFO - Success in creating the customer level aggregated metrics.
[2026-04-05 21:02:54,215] 156 root - INFO - Creating the customer level aggregated metrics for testing:unclipped data.
[2026-04-05 21:02:55,026] 200 root - INFO - Success in creating the customer level aggregated metrics.
[2026-04-05 21:02:55,027] 309 root - INFO - --------------------------------------------------
[2026-04-05 21:02:55,027] 225 root - INFO - Defining the churn label for training:unclipped df.
[2026-04-05 21:02:55,027] 226 root - INFO - The observation window will be until: 2010-12-31 00:00:00.
[2026-04-05 21:02:55,028] 227 root - INFO - The churn window will be from: 2011-01-01 00:00:00 until:   2011-03-31 00:00:00
[2026-04-05 21:02:55,038] 229 root - INFO - The min invoice date in churn df: 2011-01-04 10:00:00 and the max is: 2011-03-30 17:33:00
[2026-04-05 21:02:55,040] 231 root - INFO - There are a total of: 1778 customer IDs who made the transaction in churn window.
[2026-04-05 21:02:55,042] 233 root - INFO - The count for the churn label is:
churn
1    2969
0    1415
Name: count, dtype: int64
[2026-04-05 21:02:55,042] 234 root - INFO - The shape of the finalized df is:(4384, 15)
[2026-04-05 21:02:55,042] 235 root - INFO - Success at defining the churn label for training:unclipped df.
[2026-04-05 21:02:55,043] 225 root - INFO - Defining the churn label for testing:unclipped df.
[2026-04-05 21:02:55,043] 226 root - INFO - The observation window will be until: 2010-12-31 00:00:00.
[2026-04-05 21:02:55,043] 227 root - INFO - The churn window will be from: 2011-01-01 00:00:00 until:   2011-03-31 00:00:00
[2026-04-05 21:02:55,047] 229 root - INFO - The min invoice date in churn df: 2011-01-04 10:00:00 and the max is: 2011-03-30 17:33:00
[2026-04-05 21:02:55,047] 231 root - INFO - There are a total of: 1621 customer IDs who made the transaction in churn window.
[2026-04-05 21:02:55,049] 233 root - INFO - The count for the churn label is:
churn
1    2872
0    1278
Name: count, dtype: int64
[2026-04-05 21:02:55,049] 234 root - INFO - The shape of the finalized df is:(4150, 15)
[2026-04-05 21:02:55,049] 235 root - INFO - Success at defining the churn label for testing:unclipped df.
[2026-04-05 21:02:55,075] 338 root - INFO - Unclipped training data saved to: Artifacts\feature_engineering\data_unclipped\train.parquet
[2026-04-05 21:02:55,075] 339 root - INFO - Unclipped testing data saved to: Artifacts\feature_engineering\data_unclipped\test.parquet
[2026-04-05 21:02:55,075] 353 root - INFO - Feature Engineering Artifacts:
FeatureEngineeringArtifacts(clipped_training_file_path=None, clipped_testing_file_path=None, unclipped_training_file_path='Artifacts\\feature_engineering\\data_unclipped\\train.parquet', unclipped_testing_file_path='Artifacts\\feature_engineering\\data_unclipped\\test.parquet')

[2026-04-05 21:02:55,075] 354 root - INFO - Feature Engineering Completed | Total Execution Time: 0.037 min.
[2026-04-05 21:02:55,089] 41 root - INFO - ----------------------------------------------------------------------------------------------------
[2026-04-05 21:02:55,089] 42 root - INFO - END OF: FEATURE ENGINEERING: UNCLIPPED DATASET
[2026-04-05 21:02:55,089] 43 root - INFO - ----------------------------------------------------------------------------------------------------



[2026-04-05 21:02:55,089] 37 root - INFO - ----------------------------------------------------------------------------------------------------
[2026-04-05 21:02:55,089] 38 root - INFO - START OF: CREATING PRE-PROCESSOR
[2026-04-05 21:02:55,089] 39 root - INFO - ----------------------------------------------------------------------------------------------------

[2026-04-05 21:02:55,089] 22 root - INFO - Data Pre-Processing Class Initialization Success!
[2026-04-05 21:02:55,089] 117 root - INFO - Pre-Processor Pipeline Trigerred.
[2026-04-05 21:02:55,089] 31 root - INFO - Concatenating the final dataset.
[2026-04-05 21:02:55,111] 36 root - INFO - Concatenation completed. Final data size: (8533, 15)
[2026-04-05 21:02:55,112] 119 root - INFO - Pre-processor created on the full data size of: (8533, 15)
[2026-04-05 21:02:55,113] 48 root - INFO - The finalized dataset has a total of 14 numerical features and a total of 1 categorical features.
[2026-04-05 21:02:55,113] 121 root - INFO - The numerical features are:
['customerid', 'order_frequency', 'total_monetary_value', 'total_quantity_abs', 'total_order_issues', 'avg_order_value', 'avg_quantity_per_order', 'customer_order_issue_rate', 'recency', 'tenure', 'avg_stockcode_issue_rate', 'max_stockcode_issue_rate', 'total_orders_made_for_stock', 'churn'] and the categoical features are:
['country']
[2026-04-05 21:02:55,113] 122 root - INFO - Creating dependent and independent features:
[2026-04-05 21:02:55,114] 62 root - INFO - Dependent and independent features created. Independent: (8533, 13) and dependent: (8533,)
