[2026-03-07 13:42:54,152] 37 root - INFO - ----------------------------------------------------------------------------------------------------
[2026-03-07 13:42:54,153] 38 root - INFO - START OF: DATA INGSETION
[2026-03-07 13:42:54,153] 39 root - INFO - ----------------------------------------------------------------------------------------------------

[2026-03-07 13:42:54,155] 122 root - INFO - Data Ingestion Pipeline Started:
[2026-03-07 13:43:43,689] 51 root - INFO - RAW data shape: (1067371, 9) pulled from MongoDB.
[2026-03-07 13:43:43,960] 57 root - INFO - Total number of dropped rows: 243,007 or 22.77% with missing Customer ID
[2026-03-07 13:43:44,660] 68 root - INFO - Cut-off date: 2011-03-31 00:00:00 | Before: 824,364 samples | After: 513,367 sampples. 
[2026-03-07 13:43:45,276] 75 root - INFO - Data Import From MongoDB As DataFrame Success | Records: 513,367 & Features: 8
[2026-03-07 13:43:45,972] 93 root - INFO - Dataframe saved as Parquet file in feature store in the path: Artifacts\data_ingestion\feature_store as a backup file.
[2026-03-07 13:43:46,335] 106 root - INFO - Train-test split completed | Training: (410693, 8) (80.0%)  and Test: (102674, 8) (20.0%).
[2026-03-07 13:43:47,126] 111 root - INFO - Exporting train and test data as Parquet completed.
[2026-03-07 13:43:47,205] 137 root - INFO - Data Ingestion Artifacts:
DataIngestionArtifacts(training_file_path='Artifacts\\data_ingestion\\ingested\\train.parquet', test_file_path='Artifacts\\data_ingestion\\ingested\\test.parquet')

[2026-03-07 13:43:47,206] 138 root - INFO - Data Ingestion Completed | Total Execution Time: 0.884 min.
[2026-03-07 13:43:47,412] 41 root - INFO - ----------------------------------------------------------------------------------------------------
[2026-03-07 13:43:47,413] 42 root - INFO - END OF: DATA INGSETION
[2026-03-07 13:43:47,413] 43 root - INFO - ----------------------------------------------------------------------------------------------------



[2026-03-07 13:43:47,413] 37 root - INFO - ----------------------------------------------------------------------------------------------------
[2026-03-07 13:43:47,413] 38 root - INFO - START OF: DATA VALIDATION
[2026-03-07 13:43:47,413] 39 root - INFO - ----------------------------------------------------------------------------------------------------

[2026-03-07 13:43:47,413] 14 root - INFO - Reading YAML file from the path: data_schema\schema.yaml
[2026-03-07 13:43:47,421] 113 root - INFO - Data Validation Pipeline Started:
[2026-03-07 13:43:47,791] 44 root - INFO - Training dataframe: Column length validation success!
[2026-03-07 13:43:47,791] 44 root - INFO - Testing dataframe: Column length validation success!
[2026-03-07 13:43:47,791] 65 root - INFO - Training dataframe: Data types validation success!
[2026-03-07 13:43:47,791] 65 root - INFO - Testing dataframe: Data types validation success!
[2026-03-07 13:43:48,227] 134 root - INFO - Data Validation Artifacts:
DataValidationArtifacts(validation_status=True, valid_train_file_path='Artifacts\\data_validation\\valid\\train.parquet', valid_test_file_path='Artifacts\\data_validation\\valid\\test.parquet', invalid_train_file_path=None, invalid_test_file_path=None, drift_report_file_path=None)

[2026-03-07 13:43:48,227] 135 root - INFO - Data Validation Completed | Total Execution Time: 0.013 min.
[2026-03-07 13:43:48,227] 41 root - INFO - ----------------------------------------------------------------------------------------------------
[2026-03-07 13:43:48,227] 42 root - INFO - END OF: DATA VALIDATION
[2026-03-07 13:43:48,227] 43 root - INFO - ----------------------------------------------------------------------------------------------------



[2026-03-07 13:43:48,227] 37 root - INFO - ----------------------------------------------------------------------------------------------------
[2026-03-07 13:43:48,227] 38 root - INFO - START OF: DATA CLEANING: TRAINING DATA
[2026-03-07 13:43:48,227] 39 root - INFO - ----------------------------------------------------------------------------------------------------

