[2026-04-05 20:35:17,542] 14 root - INFO - Reading YAML file from the path: params.yaml
[2026-04-05 20:35:17,543] 37 root - INFO - ----------------------------------------------------------------------------------------------------
[2026-04-05 20:35:17,543] 38 root - INFO - START OF: DATA INGSETION
[2026-04-05 20:35:17,543] 39 root - INFO - ----------------------------------------------------------------------------------------------------

[2026-04-05 20:35:17,545] 122 root - INFO - Data Ingestion Pipeline Started:
[2026-04-05 20:36:24,124] 51 root - INFO - RAW data shape: (1067371, 9) pulled from MongoDB.
[2026-04-05 20:36:24,434] 57 root - INFO - Total number of dropped rows: 243,007 or 22.77% with missing Customer ID
[2026-04-05 20:36:24,816] 68 root - INFO - Cut-off date: 2011-03-31 00:00:00 | Before: 824,364 samples | After: 513,367 samples. 
[2026-04-05 20:36:25,566] 75 root - INFO - Data Import From MongoDB As DataFrame Success | Records: 513,367 & Features: 8
[2026-04-05 20:36:26,217] 93 root - INFO - Dataframe saved as Parquet file in feature store in the path: Artifacts\data_ingestion\feature_store as a backup file.
[2026-04-05 20:36:26,529] 106 root - INFO - Train-test split completed | Training: (410693, 8) (80.0%)  and Test: (102674, 8) (20.0%).
[2026-04-05 20:36:27,342] 111 root - INFO - Exporting train and test data as Parquet completed.
[2026-04-05 20:36:27,415] 137 root - INFO - Data Ingestion Artifacts:
DataIngestionArtifacts(training_file_path='Artifacts\\data_ingestion\\ingested\\train.parquet', test_file_path='Artifacts\\data_ingestion\\ingested\\test.parquet')

[2026-04-05 20:36:27,415] 138 root - INFO - Data Ingestion Completed | Total Execution Time: 1.165 min.
[2026-04-05 20:36:27,626] 41 root - INFO - ----------------------------------------------------------------------------------------------------
[2026-04-05 20:36:27,626] 42 root - INFO - END OF: DATA INGSETION
[2026-04-05 20:36:27,627] 43 root - INFO - ----------------------------------------------------------------------------------------------------



[2026-04-05 20:36:27,627] 37 root - INFO - ----------------------------------------------------------------------------------------------------
[2026-04-05 20:36:27,627] 38 root - INFO - START OF: DATA VALIDATION
[2026-04-05 20:36:27,627] 39 root - INFO - ----------------------------------------------------------------------------------------------------

[2026-04-05 20:36:27,627] 14 root - INFO - Reading YAML file from the path: data_schema\schema.yaml
[2026-04-05 20:36:27,634] 125 root - INFO - Data Validation Pipeline Started:
[2026-04-05 20:36:27,842] 44 root - INFO - Training dataframe: Column length validation success!
[2026-04-05 20:36:27,842] 44 root - INFO - Testing dataframe: Column length validation success!
[2026-04-05 20:36:27,843] 76 root - INFO - 'Training' dataframe: All column data-type validations passed.
[2026-04-05 20:36:27,843] 76 root - INFO - 'Testing' dataframe: All column data-type validations passed.
[2026-04-05 20:36:28,201] 145 root - INFO - Data Validation Artifacts:
DataValidationArtifacts(validation_status=True, valid_train_file_path='Artifacts\\data_validation\\valid\\train.parquet', valid_test_file_path='Artifacts\\data_validation\\valid\\test.parquet', invalid_train_file_path=None, invalid_test_file_path=None, drift_report_file_path=None)

[2026-04-05 20:36:28,201] 146 root - INFO - Data Validation Completed | Total Execution Time: 0.009 min.
[2026-04-05 20:36:28,201] 41 root - INFO - ----------------------------------------------------------------------------------------------------
[2026-04-05 20:36:28,201] 42 root - INFO - END OF: DATA VALIDATION
[2026-04-05 20:36:28,201] 43 root - INFO - ----------------------------------------------------------------------------------------------------



[2026-04-05 20:36:28,201] 37 root - INFO - ----------------------------------------------------------------------------------------------------
[2026-04-05 20:36:28,201] 38 root - INFO - START OF: DATA CLEANING: TRAINING DATA
[2026-04-05 20:36:28,201] 39 root - INFO - ----------------------------------------------------------------------------------------------------

[2026-04-05 20:36:28,202] 14 root - INFO - Reading YAML file from the path: params.yaml
[2026-04-05 20:36:28,203] 28 root - INFO - Data cleaning parameters loaded with success: {'imputation_strategy': 'median', 'capping_quantiles': 0.99}
[2026-04-05 20:36:28,203] 152 root - INFO - Cleaning Training Data Pipeline Started:
[2026-04-05 20:36:28,323] 156 root - INFO - Reading training data success!
[2026-04-05 20:36:28,737] 38 root - INFO - Total number of duplicates in the given training dataframe: 14,593 were dropped.
[2026-04-05 20:36:28,737] 158 root - INFO - Duplicates handled in the training data.
[2026-04-05 20:36:28,786] 88 root - INFO - training dataframe missing value report:
invoice         0
stockcode       0
description     0
quantity        0
invoicedate     0
price          29
customerid      0
country         0
dtype: int64
[2026-04-05 20:36:28,823] 61 root - INFO - SimpleImputer used median as strategy and saved the imputer at: Artifacts\data_cleaning\missing_data_imputer\SimpleImputerForPrice.joblib path.
[2026-04-05 20:36:28,825] 74 root - INFO - Imputer loading Success from Artifacts\data_cleaning\missing_data_imputer\SimpleImputerForPrice.joblib
[2026-04-05 20:36:28,832] 76 root - INFO - Dataframe: training on column Price, imputation success!
[2026-04-05 20:36:29,396] 106 root - INFO - Total number of cancelled orders in training dataframe: 9,587
[2026-04-05 20:36:29,713] 176 root - INFO - Unclipped training data saved for tree models in: Artifacts\data_cleaning\data_unclipped\train.parquet
[2026-04-05 20:36:29,723] 124 root - INFO - Clipping values calculated on training data: {'quantity_abs': 144.0, 'price': 14.95}
[2026-04-05 20:36:29,724] 130 root - INFO - Clipping data from training file saved at: Artifacts\data_cleaning\caps.yaml
[2026-04-05 20:36:29,728] 135 root - INFO - Column: quantity_abs has been clipped by 99th quantile: 144.0
[2026-04-05 20:36:29,733] 135 root - INFO - Column: price has been clipped by 99th quantile: 14.95
[2026-04-05 20:36:30,049] 183 root - INFO - Clipped training data saved for linear models in: Artifacts\data_cleaning\data_clipped\train.parquet
[2026-04-05 20:36:30,049] 196 root - INFO - Data Cleaning Artifacts:
DataCleaningArtifacts(clipped_training_file_path='Artifacts\\data_cleaning\\data_clipped\\train.parquet', clipped_testing_file_path=None, unclipped_training_file_path='Artifacts\\data_cleaning\\data_unclipped\\train.parquet', unclipped_testing_file_path=None, simple_imputer_file_path='Artifacts\\data_cleaning\\missing_data_imputer\\SimpleImputerForPrice.joblib', caps_file_path_yaml='Artifacts\\data_cleaning\\caps.yaml')

[2026-04-05 20:36:30,049] 197 root - INFO - Cleaning Training Data Completed | Total Execution Time: 0.031 min.
[2026-04-05 20:36:30,060] 41 root - INFO - ----------------------------------------------------------------------------------------------------
[2026-04-05 20:36:30,061] 42 root - INFO - END OF: DATA CLEANING: TRAINING DATA
[2026-04-05 20:36:30,061] 43 root - INFO - ----------------------------------------------------------------------------------------------------



[2026-04-05 20:36:30,061] 37 root - INFO - ----------------------------------------------------------------------------------------------------
[2026-04-05 20:36:30,061] 38 root - INFO - START OF: DATA CLEANING: TESTING DATA
[2026-04-05 20:36:30,061] 39 root - INFO - ----------------------------------------------------------------------------------------------------

[2026-04-05 20:36:30,061] 14 root - INFO - Reading YAML file from the path: params.yaml
[2026-04-05 20:36:30,062] 28 root - INFO - Data cleaning parameters loaded with success: {'imputation_strategy': 'median', 'capping_quantiles': 0.99}
[2026-04-05 20:36:30,062] 207 root - INFO - Cleaning Testing Data Pipeline Started:
[2026-04-05 20:36:30,100] 211 root - INFO - Reading testing data success!!
[2026-04-05 20:36:30,200] 38 root - INFO - Total number of duplicates in the given testing dataframe: 978 were dropped.
[2026-04-05 20:36:30,200] 213 root - INFO - Duplicates removed in the testing data.
[2026-04-05 20:36:30,214] 88 root - INFO - testing dataframe missing value report:
invoice         0
stockcode       0
description     0
quantity        0
invoicedate     0
price          10
customerid      0
country         0
dtype: int64
[2026-04-05 20:36:30,215] 74 root - INFO - Imputer loading Success from Artifacts\data_cleaning\missing_data_imputer\SimpleImputerForPrice.joblib
[2026-04-05 20:36:30,218] 76 root - INFO - Dataframe: testing on column Price, imputation success!
[2026-04-05 20:36:30,353] 106 root - INFO - Total number of cancelled orders in testing dataframe: 2,363
[2026-04-05 20:36:30,436] 229 root - INFO - Unclipped test file saved at: Artifacts\data_cleaning\data_unclipped\test.parquet
[2026-04-05 20:36:30,437] 14 root - INFO - Reading YAML file from the path: Artifacts\data_cleaning\caps.yaml
[2026-04-05 20:36:30,440] 141 root - INFO - Column: price has been clipped using 14.95
[2026-04-05 20:36:30,442] 141 root - INFO - Column: quantity_abs has been clipped using 144.0
[2026-04-05 20:36:30,525] 237 root - INFO - Clipped testing data saved at: Artifacts\data_cleaning\data_clipped\test.parquet
[2026-04-05 20:36:30,525] 249 root - INFO - Data Cleaning Artifacts:
DataCleaningArtifacts(clipped_training_file_path=None, clipped_testing_file_path='Artifacts\\data_cleaning\\data_clipped\\test.parquet', unclipped_training_file_path=None, unclipped_testing_file_path='Artifacts\\data_cleaning\\data_unclipped\\test.parquet', simple_imputer_file_path=None, caps_file_path_yaml=None)

[2026-04-05 20:36:30,525] 250 root - INFO - Cleaning Testing Data Completed | Total Execution Time: 0.008 min.
[2026-04-05 20:36:30,527] 41 root - INFO - ----------------------------------------------------------------------------------------------------
[2026-04-05 20:36:30,527] 42 root - INFO - END OF: DATA CLEANING: TESTING DATA
[2026-04-05 20:36:30,528] 43 root - INFO - ----------------------------------------------------------------------------------------------------



[2026-04-05 20:36:30,528] 37 root - INFO - ----------------------------------------------------------------------------------------------------
[2026-04-05 20:36:30,528] 38 root - INFO - START OF: FEATURE ENGINEERING: CLIPPED DATASET
[2026-04-05 20:36:30,528] 39 root - INFO - ----------------------------------------------------------------------------------------------------

[2026-04-05 20:36:30,529] 27 root - INFO - FeatureEngineering Class initialization success!
[2026-04-05 20:36:30,529] 251 root - INFO - Feature Engineering For: clipped dataframes:
[2026-04-05 20:36:30,529] 252 root - INFO - ----------------------------------------------------------------------------------------------------
[2026-04-05 20:36:30,529] 255 root - INFO - Feature engineering pipeline started, given branch name: 'clipped'
[2026-04-05 20:36:30,645] 267 root - INFO - Reading Artifacts\data_cleaning\data_clipped\train.parquet data completed.
[2026-04-05 20:36:30,645] 268 root - INFO - Training clipped data has a shape of: (396100, 12)
[2026-04-05 20:36:30,683] 271 root - INFO - Reading Artifacts\data_cleaning\data_clipped\test.parquet data completed.
[2026-04-05 20:36:30,683] 272 root - INFO - Testing clipped data has a shape of: (101696, 12)
[2026-04-05 20:36:30,683] 47 root - INFO - Creating observation dataframe via 'create_observation_df()' method started for 'training:clipped' df.
[2026-04-05 20:36:30,721] 50 root - INFO - The shape of the training observation dataframe is: (341354, 12).
[2026-04-05 20:36:30,721] 51 root - INFO - The transactions in the training observation window ranges between: 2009-12-01 07:45:00 : 2010-12-23 16:06:00
[2026-04-05 20:36:30,722] 52 root - INFO - Creating observation dataframe via 'create_observation_df()' method for 'training:clipped' df success.
[2026-04-05 20:36:30,722] 47 root - INFO - Creating observation dataframe via 'create_observation_df()' method started for 'testing:clipped' df.
[2026-04-05 20:36:30,733] 50 root - INFO - The shape of the testing observation dataframe is: (87980, 12).
[2026-04-05 20:36:30,733] 51 root - INFO - The transactions in the testing observation window ranges between: 2009-12-01 07:46:00 : 2010-12-23 16:06:00
[2026-04-05 20:36:30,733] 52 root - INFO - Creating observation dataframe via 'create_observation_df()' method for 'testing:clipped' df success.
[2026-04-05 20:36:30,733] 280 root - INFO - --------------------------------------------------
[2026-04-05 20:36:30,733] 75 root - INFO - Creating the product/stockcode level metrics using 'create_stockcode_lvl_metrics()' method.
[2026-04-05 20:36:30,759] 77 root - INFO - There are a total of 4,008 unique products on the given training dataset.
[2026-04-05 20:36:30,818] 87 root - INFO - Creating the product/stockcode level metrics using 'create_stockcode_lvl_metrics()' method success
[2026-04-05 20:36:30,820] 284 root - INFO - --------------------------------------------------
[2026-04-05 20:36:30,820] 114 root - INFO - Creating the customer level risk for the products they buy: 'training:clipped df'
[2026-04-05 20:36:30,916] 127 root - INFO - Success for creating the customer level risk for the products they buy for 'training:clipped df'
[2026-04-05 20:36:30,918] 114 root - INFO - Creating the customer level risk for the products they buy: 'testing:clipped df'
[2026-04-05 20:36:30,955] 127 root - INFO - Success for creating the customer level risk for the products they buy for 'testing:clipped df'
[2026-04-05 20:36:30,956] 296 root - INFO - --------------------------------------------------
[2026-04-05 20:36:30,956] 156 root - INFO - Creating the customer level aggregated metrics for training:clipped data.
[2026-04-05 20:36:31,907] 200 root - INFO - Success in creating the customer level aggregated metrics.
[2026-04-05 20:36:31,910] 156 root - INFO - Creating the customer level aggregated metrics for testing:clipped data.
[2026-04-05 20:36:32,700] 200 root - INFO - Success in creating the customer level aggregated metrics.
[2026-04-05 20:36:32,701] 309 root - INFO - --------------------------------------------------
[2026-04-05 20:36:32,701] 225 root - INFO - Defining the churn label for training:clipped df.
[2026-04-05 20:36:32,701] 226 root - INFO - The observation window will be until: 2010-12-31 00:00:00.
[2026-04-05 20:36:32,701] 227 root - INFO - The churn window will be from: 2011-01-01 00:00:00 until:   2011-03-31 00:00:00
[2026-04-05 20:36:32,712] 229 root - INFO - The min invoice date in churn df: 2011-01-04 10:00:00 and the max is: 2011-03-30 17:33:00
[2026-04-05 20:36:32,713] 231 root - INFO - There are a total of: 1777 customer IDs who made the transaction in churn window.
[2026-04-05 20:36:32,715] 233 root - INFO - The count for the churn label is:
churn
1    2977
0    1415
Name: count, dtype: int64
[2026-04-05 20:36:32,715] 234 root - INFO - The shape of the finalized df is:(4392, 15)
[2026-04-05 20:36:32,715] 235 root - INFO - Success at defining the churn label for training:clipped df.
[2026-04-05 20:36:32,716] 225 root - INFO - Defining the churn label for testing:clipped df.
[2026-04-05 20:36:32,716] 226 root - INFO - The observation window will be until: 2010-12-31 00:00:00.
[2026-04-05 20:36:32,717] 227 root - INFO - The churn window will be from: 2011-01-01 00:00:00 until:   2011-03-31 00:00:00
[2026-04-05 20:36:32,720] 229 root - INFO - The min invoice date in churn df: 2011-01-04 10:00:00 and the max is: 2011-03-30 17:33:00
[2026-04-05 20:36:32,720] 231 root - INFO - There are a total of: 1630 customer IDs who made the transaction in churn window.
[2026-04-05 20:36:32,722] 233 root - INFO - The count for the churn label is:
churn
1    2836
0    1277
Name: count, dtype: int64
[2026-04-05 20:36:32,722] 234 root - INFO - The shape of the finalized df is:(4113, 15)
[2026-04-05 20:36:32,722] 235 root - INFO - Success at defining the churn label for testing:clipped df.
[2026-04-05 20:36:32,750] 331 root - INFO - Clipped training data saved to: Artifacts\feature_engineering\data_clipped\train.parquet
[2026-04-05 20:36:32,750] 332 root - INFO - Clipped testing data saved to: Artifacts\feature_engineering\data_clipped\test.parquet
[2026-04-05 20:36:32,750] 353 root - INFO - Feature Engineering Artifacts:
FeatureEngineeringArtifacts(clipped_training_file_path='Artifacts\\feature_engineering\\data_clipped\\train.parquet', clipped_testing_file_path='Artifacts\\feature_engineering\\data_clipped\\test.parquet', unclipped_training_file_path=None, unclipped_testing_file_path=None)

[2026-04-05 20:36:32,750] 354 root - INFO - Feature Engineering Completed | Total Execution Time: 0.037 min.
[2026-04-05 20:36:32,763] 41 root - INFO - ----------------------------------------------------------------------------------------------------
[2026-04-05 20:36:32,763] 42 root - INFO - END OF: FEATURE ENGINEERING
[2026-04-05 20:36:32,763] 43 root - INFO - ----------------------------------------------------------------------------------------------------



[2026-04-05 20:36:32,763] 37 root - INFO - ----------------------------------------------------------------------------------------------------
[2026-04-05 20:36:32,763] 38 root - INFO - START OF: FEATURE ENGINEERING
[2026-04-05 20:36:32,763] 39 root - INFO - ----------------------------------------------------------------------------------------------------

[2026-04-05 20:36:32,764] 27 root - INFO - FeatureEngineering Class initialization success!
[2026-04-05 20:36:32,764] 251 root - INFO - Feature Engineering For: unclipped dataframes:
[2026-04-05 20:36:32,764] 252 root - INFO - ----------------------------------------------------------------------------------------------------
[2026-04-05 20:36:32,764] 255 root - INFO - Feature engineering pipeline started, given branch name: 'unclipped'
[2026-04-05 20:36:32,880] 267 root - INFO - Reading Artifacts\data_cleaning\data_unclipped\train.parquet data completed.
[2026-04-05 20:36:32,880] 268 root - INFO - Training unclipped data has a shape of: (396100, 10)
[2026-04-05 20:36:32,917] 271 root - INFO - Reading Artifacts\data_cleaning\data_unclipped\test.parquet data completed.
[2026-04-05 20:36:32,917] 272 root - INFO - Testing unclipped data has a shape of: (101696, 10)
[2026-04-05 20:36:32,917] 47 root - INFO - Creating observation dataframe via 'create_observation_df()' method started for 'training:unclipped' df.
[2026-04-05 20:36:32,953] 50 root - INFO - The shape of the training observation dataframe is: (341354, 10).
[2026-04-05 20:36:32,953] 51 root - INFO - The transactions in the training observation window ranges between: 2009-12-01 07:45:00 : 2010-12-23 16:06:00
[2026-04-05 20:36:32,953] 52 root - INFO - Creating observation dataframe via 'create_observation_df()' method for 'training:unclipped' df success.
[2026-04-05 20:36:32,953] 47 root - INFO - Creating observation dataframe via 'create_observation_df()' method started for 'testing:unclipped' df.
[2026-04-05 20:36:32,963] 50 root - INFO - The shape of the testing observation dataframe is: (87980, 10).
[2026-04-05 20:36:32,963] 51 root - INFO - The transactions in the testing observation window ranges between: 2009-12-01 07:46:00 : 2010-12-23 16:06:00
[2026-04-05 20:36:32,964] 52 root - INFO - Creating observation dataframe via 'create_observation_df()' method for 'testing:unclipped' df success.
[2026-04-05 20:36:32,964] 280 root - INFO - --------------------------------------------------
[2026-04-05 20:36:32,964] 75 root - INFO - Creating the product/stockcode level metrics using 'create_stockcode_lvl_metrics()' method.
[2026-04-05 20:36:32,989] 77 root - INFO - There are a total of 4,008 unique products on the given training dataset.
[2026-04-05 20:36:33,047] 87 root - INFO - Creating the product/stockcode level metrics using 'create_stockcode_lvl_metrics()' method success
[2026-04-05 20:36:33,049] 284 root - INFO - --------------------------------------------------
[2026-04-05 20:36:33,049] 114 root - INFO - Creating the customer level risk for the products they buy: 'training:unclipped df'
[2026-04-05 20:36:33,144] 127 root - INFO - Success for creating the customer level risk for the products they buy for 'training:unclipped df'
[2026-04-05 20:36:33,146] 114 root - INFO - Creating the customer level risk for the products they buy: 'testing:unclipped df'
[2026-04-05 20:36:33,184] 127 root - INFO - Success for creating the customer level risk for the products they buy for 'testing:unclipped df'
[2026-04-05 20:36:33,185] 296 root - INFO - --------------------------------------------------
[2026-04-05 20:36:33,185] 156 root - INFO - Creating the customer level aggregated metrics for training:unclipped data.
[2026-04-05 20:36:34,141] 200 root - INFO - Success in creating the customer level aggregated metrics.
[2026-04-05 20:36:34,144] 156 root - INFO - Creating the customer level aggregated metrics for testing:unclipped data.
[2026-04-05 20:36:35,027] 200 root - INFO - Success in creating the customer level aggregated metrics.
[2026-04-05 20:36:35,028] 309 root - INFO - --------------------------------------------------
[2026-04-05 20:36:35,028] 225 root - INFO - Defining the churn label for training:unclipped df.
[2026-04-05 20:36:35,028] 226 root - INFO - The observation window will be until: 2010-12-31 00:00:00.
[2026-04-05 20:36:35,029] 227 root - INFO - The churn window will be from: 2011-01-01 00:00:00 until:   2011-03-31 00:00:00
[2026-04-05 20:36:35,039] 229 root - INFO - The min invoice date in churn df: 2011-01-04 10:00:00 and the max is: 2011-03-30 17:33:00
[2026-04-05 20:36:35,040] 231 root - INFO - There are a total of: 1777 customer IDs who made the transaction in churn window.
[2026-04-05 20:36:35,042] 233 root - INFO - The count for the churn label is:
churn
1    2977
0    1415
Name: count, dtype: int64
[2026-04-05 20:36:35,042] 234 root - INFO - The shape of the finalized df is:(4392, 15)
[2026-04-05 20:36:35,042] 235 root - INFO - Success at defining the churn label for training:unclipped df.
[2026-04-05 20:36:35,043] 225 root - INFO - Defining the churn label for testing:unclipped df.
[2026-04-05 20:36:35,043] 226 root - INFO - The observation window will be until: 2010-12-31 00:00:00.
[2026-04-05 20:36:35,043] 227 root - INFO - The churn window will be from: 2011-01-01 00:00:00 until:   2011-03-31 00:00:00
[2026-04-05 20:36:35,046] 229 root - INFO - The min invoice date in churn df: 2011-01-04 10:00:00 and the max is: 2011-03-30 17:33:00
[2026-04-05 20:36:35,046] 231 root - INFO - There are a total of: 1630 customer IDs who made the transaction in churn window.
[2026-04-05 20:36:35,048] 233 root - INFO - The count for the churn label is:
churn
1    2836
0    1277
Name: count, dtype: int64
[2026-04-05 20:36:35,048] 234 root - INFO - The shape of the finalized df is:(4113, 15)
[2026-04-05 20:36:35,048] 235 root - INFO - Success at defining the churn label for testing:unclipped df.
[2026-04-05 20:36:35,073] 338 root - INFO - Unclipped training data saved to: Artifacts\feature_engineering\data_unclipped\train.parquet
[2026-04-05 20:36:35,073] 339 root - INFO - Unclipped testing data saved to: Artifacts\feature_engineering\data_unclipped\test.parquet
[2026-04-05 20:36:35,073] 353 root - INFO - Feature Engineering Artifacts:
FeatureEngineeringArtifacts(clipped_training_file_path=None, clipped_testing_file_path=None, unclipped_training_file_path='Artifacts\\feature_engineering\\data_unclipped\\train.parquet', unclipped_testing_file_path='Artifacts\\feature_engineering\\data_unclipped\\test.parquet')

[2026-04-05 20:36:35,073] 354 root - INFO - Feature Engineering Completed | Total Execution Time: 0.038 min.
[2026-04-05 20:36:35,086] 41 root - INFO - ----------------------------------------------------------------------------------------------------
[2026-04-05 20:36:35,087] 42 root - INFO - END OF: FEATURE ENGINEERING: UNCLIPPED DATASET
[2026-04-05 20:36:35,087] 43 root - INFO - ----------------------------------------------------------------------------------------------------



[2026-04-05 20:36:35,087] 37 root - INFO - ----------------------------------------------------------------------------------------------------
[2026-04-05 20:36:35,087] 38 root - INFO - START OF: CREATING PRE-PROCESSOR
[2026-04-05 20:36:35,087] 39 root - INFO - ----------------------------------------------------------------------------------------------------

[2026-04-05 20:36:35,087] 22 root - INFO - Data Pre-Processing Class Initialization Success!
[2026-04-05 20:36:35,087] 109 root - INFO - Pre-Processor Pipeline Trigerred.
[2026-04-05 20:36:35,087] 31 root - INFO - Concatenating the final dataset.
[2026-04-05 20:36:35,111] 36 root - INFO - Concatenation completed. Final data size: (8505, 15)
[2026-04-05 20:36:35,111] 111 root - INFO - Pre-processor created on the full data size of: (8505, 15)
[2026-04-05 20:36:35,113] 48 root - INFO - The finalized dataset has a total of 14 numerical features and a total of 1 categorical features.
[2026-04-05 20:36:35,113] 113 root - INFO - The numerical features are:
['customerid', 'order_frequency', 'total_monetary_value', 'total_quantity_abs', 'total_order_issues', 'avg_order_value', 'avg_quantity_per_order', 'customer_order_issue_rate', 'recency', 'tenure', 'avg_stockcode_issue_rate', 'max_stockcode_issue_rate', 'total_orders_made_for_stock', 'churn'] and the categoical features are:
['country']
[2026-04-05 20:36:35,113] 114 root - INFO - Creating dependent and independent features:
[2026-04-05 20:36:35,115] 62 root - INFO - Dependent and independent features created. Independent: (8505, 13) and dependent: (8505,)
