[2026-03-09 19:23:24,889] 14 root - INFO - Reading YAML file from the path: params.yaml
[2026-03-09 19:23:24,890] 37 root - INFO - ----------------------------------------------------------------------------------------------------
[2026-03-09 19:23:24,890] 38 root - INFO - START OF: DATA INGSETION
[2026-03-09 19:23:24,890] 39 root - INFO - ----------------------------------------------------------------------------------------------------

[2026-03-09 19:23:24,892] 122 root - INFO - Data Ingestion Pipeline Started:
[2026-03-09 19:24:20,560] 51 root - INFO - RAW data shape: (1067371, 9) pulled from MongoDB.
[2026-03-09 19:24:20,901] 57 root - INFO - Total number of dropped rows: 243,007 or 22.77% with missing Customer ID
[2026-03-09 19:24:21,729] 68 root - INFO - Cut-off date: 2011-03-31 00:00:00 | Before: 824,364 samples | After: 513,367 samples. 
[2026-03-09 19:24:22,364] 75 root - INFO - Data Import From MongoDB As DataFrame Success | Records: 513,367 & Features: 8
[2026-03-09 19:24:23,075] 93 root - INFO - Dataframe saved as Parquet file in feature store in the path: Artifacts\data_ingestion\feature_store as a backup file.
[2026-03-09 19:24:23,456] 106 root - INFO - Train-test split completed | Training: (410693, 8) (80.0%)  and Test: (102674, 8) (20.0%).
[2026-03-09 19:24:24,379] 111 root - INFO - Exporting train and test data as Parquet completed.
[2026-03-09 19:24:24,460] 137 root - INFO - Data Ingestion Artifacts:
DataIngestionArtifacts(training_file_path='Artifacts\\data_ingestion\\ingested\\train.parquet', test_file_path='Artifacts\\data_ingestion\\ingested\\test.parquet')

[2026-03-09 19:24:24,460] 138 root - INFO - Data Ingestion Completed | Total Execution Time: 0.993 min.
[2026-03-09 19:24:24,672] 41 root - INFO - ----------------------------------------------------------------------------------------------------
[2026-03-09 19:24:24,673] 42 root - INFO - END OF: DATA INGSETION
[2026-03-09 19:24:24,673] 43 root - INFO - ----------------------------------------------------------------------------------------------------



[2026-03-09 19:24:24,673] 37 root - INFO - ----------------------------------------------------------------------------------------------------
[2026-03-09 19:24:24,673] 38 root - INFO - START OF: DATA VALIDATION
[2026-03-09 19:24:24,673] 39 root - INFO - ----------------------------------------------------------------------------------------------------

[2026-03-09 19:24:24,673] 14 root - INFO - Reading YAML file from the path: data_schema\schema.yaml
[2026-03-09 19:24:24,679] 113 root - INFO - Data Validation Pipeline Started:
[2026-03-09 19:24:24,939] 44 root - INFO - Training dataframe: Column length validation success!
[2026-03-09 19:24:24,939] 44 root - INFO - Testing dataframe: Column length validation success!
[2026-03-09 19:24:24,939] 65 root - INFO - Training dataframe: Data types validation success!
[2026-03-09 19:24:24,939] 65 root - INFO - Testing dataframe: Data types validation success!
[2026-03-09 19:24:25,392] 133 root - INFO - Data Validation Artifacts:
DataValidationArtifacts(validation_status=True, valid_train_file_path='Artifacts\\data_validation\\valid\\train.parquet', valid_test_file_path='Artifacts\\data_validation\\valid\\test.parquet', invalid_train_file_path=None, invalid_test_file_path=None, drift_report_file_path=None)

[2026-03-09 19:24:25,392] 134 root - INFO - Data Validation Completed | Total Execution Time: 0.012 min.
[2026-03-09 19:24:25,392] 41 root - INFO - ----------------------------------------------------------------------------------------------------
[2026-03-09 19:24:25,392] 42 root - INFO - END OF: DATA VALIDATION
[2026-03-09 19:24:25,392] 43 root - INFO - ----------------------------------------------------------------------------------------------------



[2026-03-09 19:24:25,392] 37 root - INFO - ----------------------------------------------------------------------------------------------------
[2026-03-09 19:24:25,392] 38 root - INFO - START OF: DATA CLEANING: TRAINING DATA
[2026-03-09 19:24:25,392] 39 root - INFO - ----------------------------------------------------------------------------------------------------

[2026-03-09 19:24:25,392] 14 root - INFO - Reading YAML file from the path: params.yaml
[2026-03-09 19:24:25,393] 28 root - INFO - Data cleaning parameters loaded with success: {'imputation_strategy': 'median', 'capping_quantiles': 0.99}
[2026-03-09 19:24:25,393] 153 root - INFO - Cleaning Training Data Pipeline Started:
[2026-03-09 19:24:25,568] 157 root - INFO - Reading training data success!
[2026-03-09 19:24:26,103] 38 root - INFO - Total number of duplicates in the given training dataframe: 14,553 were dropped.
[2026-03-09 19:24:26,103] 159 root - INFO - Duplicates handled in the training data.
[2026-03-09 19:24:26,165] 88 root - INFO - training dataframe missing value report:
invoice         0
stockcode       0
description     0
quantity        0
invoicedate     0
price          28
customerid      0
country         0
dtype: int64
[2026-03-09 19:24:26,202] 61 root - INFO - SimpleImputer used median as strategy and saved the imputer at: Artifacts\data_cleaning\missing_data_imputer\SimpleImputerForPrice.joblib path.
[2026-03-09 19:24:26,204] 74 root - INFO - Imputer loading Success from Artifacts\data_cleaning\missing_data_imputer\SimpleImputerForPrice.joblib
[2026-03-09 19:24:26,211] 76 root - INFO - Dataframe: training on column Price, imputation success!
