[2026-03-13 23:34:43,835] 14 root - INFO - Reading YAML file from the path: params.yaml
[2026-03-13 23:34:43,837] 37 root - INFO - ----------------------------------------------------------------------------------------------------
[2026-03-13 23:34:43,838] 38 root - INFO - START OF: DATA INGSETION
[2026-03-13 23:34:43,838] 39 root - INFO - ----------------------------------------------------------------------------------------------------

[2026-03-13 23:34:43,841] 122 root - INFO - Data Ingestion Pipeline Started:
[2026-03-13 23:35:34,986] 51 root - INFO - RAW data shape: (1067371, 9) pulled from MongoDB.
[2026-03-13 23:35:35,331] 57 root - INFO - Total number of dropped rows: 243,007 or 22.77% with missing Customer ID
[2026-03-13 23:35:36,242] 68 root - INFO - Cut-off date: 2011-03-31 00:00:00 | Before: 824,364 samples | After: 513,367 samples. 
[2026-03-13 23:35:36,875] 75 root - INFO - Data Import From MongoDB As DataFrame Success | Records: 513,367 & Features: 8
[2026-03-13 23:35:37,659] 93 root - INFO - Dataframe saved as Parquet file in feature store in the path: Artifacts\data_ingestion\feature_store as a backup file.
[2026-03-13 23:35:38,068] 106 root - INFO - Train-test split completed | Training: (410693, 8) (80.0%)  and Test: (102674, 8) (20.0%).
[2026-03-13 23:35:38,928] 111 root - INFO - Exporting train and test data as Parquet completed.
[2026-03-13 23:35:39,005] 137 root - INFO - Data Ingestion Artifacts:
DataIngestionArtifacts(training_file_path='Artifacts\\data_ingestion\\ingested\\train.parquet', test_file_path='Artifacts\\data_ingestion\\ingested\\test.parquet')

[2026-03-13 23:35:39,005] 138 root - INFO - Data Ingestion Completed | Total Execution Time: 0.919 min.
[2026-03-13 23:35:39,228] 41 root - INFO - ----------------------------------------------------------------------------------------------------
[2026-03-13 23:35:39,228] 42 root - INFO - END OF: DATA INGSETION
[2026-03-13 23:35:39,228] 43 root - INFO - ----------------------------------------------------------------------------------------------------



[2026-03-13 23:35:39,229] 37 root - INFO - ----------------------------------------------------------------------------------------------------
[2026-03-13 23:35:39,229] 38 root - INFO - START OF: DATA VALIDATION
[2026-03-13 23:35:39,229] 39 root - INFO - ----------------------------------------------------------------------------------------------------

[2026-03-13 23:35:39,229] 14 root - INFO - Reading YAML file from the path: data_schema\schema.yaml
[2026-03-13 23:35:39,245] 113 root - INFO - Data Validation Pipeline Started:
[2026-03-13 23:35:39,519] 44 root - INFO - Training dataframe: Column length validation success!
[2026-03-13 23:35:39,519] 44 root - INFO - Testing dataframe: Column length validation success!
[2026-03-13 23:35:39,519] 65 root - INFO - Training dataframe: Data types validation success!
[2026-03-13 23:35:39,520] 65 root - INFO - Testing dataframe: Data types validation success!
[2026-03-13 23:35:39,987] 133 root - INFO - Data Validation Artifacts:
DataValidationArtifacts(validation_status=True, valid_train_file_path='Artifacts\\data_validation\\valid\\train.parquet', valid_test_file_path='Artifacts\\data_validation\\valid\\test.parquet', invalid_train_file_path=None, invalid_test_file_path=None, drift_report_file_path=None)

[2026-03-13 23:35:39,987] 134 root - INFO - Data Validation Completed | Total Execution Time: 0.012 min.
[2026-03-13 23:35:39,987] 41 root - INFO - ----------------------------------------------------------------------------------------------------
[2026-03-13 23:35:39,987] 42 root - INFO - END OF: DATA VALIDATION
[2026-03-13 23:35:39,987] 43 root - INFO - ----------------------------------------------------------------------------------------------------



[2026-03-13 23:35:39,987] 37 root - INFO - ----------------------------------------------------------------------------------------------------
[2026-03-13 23:35:39,987] 38 root - INFO - START OF: DATA CLEANING: TRAINING DATA
[2026-03-13 23:35:39,987] 39 root - INFO - ----------------------------------------------------------------------------------------------------

[2026-03-13 23:35:39,987] 14 root - INFO - Reading YAML file from the path: params.yaml
[2026-03-13 23:35:39,988] 28 root - INFO - Data cleaning parameters loaded with success: {'imputation_strategy': 'median', 'capping_quantiles': 0.99}
[2026-03-13 23:35:39,988] 152 root - INFO - Cleaning Training Data Pipeline Started:
[2026-03-13 23:35:40,147] 156 root - INFO - Reading training data success!
[2026-03-13 23:35:40,643] 38 root - INFO - Total number of duplicates in the given training dataframe: 14,555 were dropped.
[2026-03-13 23:35:40,644] 158 root - INFO - Duplicates handled in the training data.
[2026-03-13 23:35:40,719] 88 root - INFO - training dataframe missing value report:
invoice         0
stockcode       0
description     0
quantity        0
invoicedate     0
price          33
customerid      0
country         0
dtype: int64
[2026-03-13 23:35:40,774] 61 root - INFO - SimpleImputer used median as strategy and saved the imputer at: Artifacts\data_cleaning\missing_data_imputer\SimpleImputerForPrice.joblib path.
[2026-03-13 23:35:40,782] 74 root - INFO - Imputer loading Success from Artifacts\data_cleaning\missing_data_imputer\SimpleImputerForPrice.joblib
[2026-03-13 23:35:40,790] 76 root - INFO - Dataframe: training on column Price, imputation success!
[2026-03-13 23:35:41,320] 106 root - INFO - Total number of cancelled orders in training dataframe: 9,571
[2026-03-13 23:35:41,711] 176 root - INFO - Unclipped training data saved for tree models in: Artifacts\data_cleaning\data_unclipped\train.parquet
[2026-03-13 23:35:41,726] 124 root - INFO - Clipping values calculated on training data: {'quantity_abs': 144.0, 'price': 14.95}
[2026-03-13 23:35:41,727] 130 root - INFO - Clipping data from training file saved at: Artifacts\data_cleaning\caps.yaml
[2026-03-13 23:35:41,731] 135 root - INFO - Column: quantity_abs has been clipped by 99th quantile: 144.0
[2026-03-13 23:35:41,735] 135 root - INFO - Column: price has been clipped by 99th quantile: 14.95
[2026-03-13 23:35:42,092] 183 root - INFO - Clipped training data saved for linear models in: Artifacts\data_cleaning\data_clipped\train.parquet
[2026-03-13 23:35:42,093] 196 root - INFO - Data Cleaning Artifacts:
DataCleaningArtifacts(clipped_training_file_path='Artifacts\\data_cleaning\\data_clipped\\train.parquet', clipped_testing_file_path=None, unclipped_training_file_path='Artifacts\\data_cleaning\\data_unclipped\\train.parquet', unclipped_testing_file_path=None, simple_imputer_file_path='Artifacts\\data_cleaning\\missing_data_imputer\\SimpleImputerForPrice.joblib', caps_file_path_yaml='Artifacts\\data_cleaning\\caps.yaml')

[2026-03-13 23:35:42,093] 197 root - INFO - Cleaning Training Data Completed | Total Execution Time: 0.035 min.
[2026-03-13 23:35:42,115] 41 root - INFO - ----------------------------------------------------------------------------------------------------
[2026-03-13 23:35:42,115] 42 root - INFO - END OF: DATA CLEANING: TRAINING DATA
[2026-03-13 23:35:42,116] 43 root - INFO - ----------------------------------------------------------------------------------------------------



[2026-03-13 23:35:42,116] 37 root - INFO - ----------------------------------------------------------------------------------------------------
[2026-03-13 23:35:42,116] 38 root - INFO - START OF: DATA CLEANING: TESTING DATA
[2026-03-13 23:35:42,116] 39 root - INFO - ----------------------------------------------------------------------------------------------------

[2026-03-13 23:35:42,116] 14 root - INFO - Reading YAML file from the path: params.yaml
[2026-03-13 23:35:42,117] 28 root - INFO - Data cleaning parameters loaded with success: {'imputation_strategy': 'median', 'capping_quantiles': 0.99}
[2026-03-13 23:35:42,117] 206 root - INFO - Cleaning Testing Data Pipeline Started:
[2026-03-13 23:35:42,163] 210 root - INFO - Reading testing data success!!
[2026-03-13 23:35:42,292] 38 root - INFO - Total number of duplicates in the given testing dataframe: 945 were dropped.
[2026-03-13 23:35:42,292] 212 root - INFO - Duplicates removed in the testing data.
[2026-03-13 23:35:42,309] 88 root - INFO - testing dataframe missing value report:
invoice        0
stockcode      0
description    0
quantity       0
invoicedate    0
price          6
customerid     0
country        0
dtype: int64
[2026-03-13 23:35:42,310] 74 root - INFO - Imputer loading Success from Artifacts\data_cleaning\missing_data_imputer\SimpleImputerForPrice.joblib
[2026-03-13 23:35:42,312] 76 root - INFO - Dataframe: testing on column Price, imputation success!
[2026-03-13 23:35:42,447] 106 root - INFO - Total number of cancelled orders in testing dataframe: 2,401
[2026-03-13 23:35:42,547] 228 root - INFO - Unclipped test file saved at: Artifacts\data_cleaning\data_unclipped\test.parquet
[2026-03-13 23:35:42,547] 14 root - INFO - Reading YAML file from the path: Artifacts\data_cleaning\caps.yaml
[2026-03-13 23:35:42,555] 141 root - INFO - Column: price has been clipped using 14.95
[2026-03-13 23:35:42,556] 141 root - INFO - Column: quantity_abs has been clipped using 144.0
[2026-03-13 23:35:42,659] 236 root - INFO - Clipped testing data saved at: Artifacts\data_cleaning\data_clipped\test.parquet
[2026-03-13 23:35:42,659] 248 root - INFO - Data Cleaning Artifacts:
DataCleaningArtifacts(clipped_training_file_path=None, clipped_testing_file_path='Artifacts\\data_cleaning\\data_clipped\\test.parquet', unclipped_training_file_path=None, unclipped_testing_file_path='Artifacts\\data_cleaning\\data_unclipped\\test.parquet', simple_imputer_file_path=None, caps_file_path_yaml=None)

[2026-03-13 23:35:42,659] 249 root - INFO - Cleaning Testing Data Completed | Total Execution Time: 0.009 min.
[2026-03-13 23:35:42,666] 41 root - INFO - ----------------------------------------------------------------------------------------------------
[2026-03-13 23:35:42,666] 42 root - INFO - END OF: DATA CLEANING: TESTING DATA
[2026-03-13 23:35:42,666] 43 root - INFO - ----------------------------------------------------------------------------------------------------



