[2026-04-07 20:33:15,189] 14 root - INFO - Reading YAML file from the path: params.yaml
[2026-04-07 20:33:15,199] 37 root - INFO - ----------------------------------------------------------------------------------------------------
[2026-04-07 20:33:15,199] 38 root - INFO - START OF: DATA INGSETION
[2026-04-07 20:33:15,199] 39 root - INFO - ----------------------------------------------------------------------------------------------------

[2026-04-07 20:33:15,206] 122 root - INFO - Data Ingestion Pipeline Started:
[2026-04-07 20:34:33,808] 51 root - INFO - RAW data shape: (1067371, 9) pulled from MongoDB.
[2026-04-07 20:34:34,132] 57 root - INFO - Total number of dropped rows: 243,007 or 22.77% with missing Customer ID
[2026-04-07 20:34:34,498] 68 root - INFO - Cut-off date: 2011-03-31 00:00:00 | Before: 824,364 samples | After: 513,367 samples. 
[2026-04-07 20:34:35,095] 75 root - INFO - Data Import From MongoDB As DataFrame Success | Records: 513,367 & Features: 8
[2026-04-07 20:34:35,755] 93 root - INFO - Dataframe saved as Parquet file in feature store in the path: Artifacts\data_ingestion\feature_store as a backup file.
[2026-04-07 20:34:36,064] 106 root - INFO - Train-test split completed | Training: (410693, 8) (80.0%)  and Test: (102674, 8) (20.0%).
[2026-04-07 20:34:36,664] 111 root - INFO - Exporting train and test data as Parquet completed.
[2026-04-07 20:34:36,733] 137 root - INFO - Data Ingestion Artifacts:
DataIngestionArtifacts(training_file_path='Artifacts\\data_ingestion\\ingested\\train.parquet', test_file_path='Artifacts\\data_ingestion\\ingested\\test.parquet')

[2026-04-07 20:34:36,733] 138 root - INFO - Data Ingestion Completed | Total Execution Time: 1.359 min.
[2026-04-07 20:34:36,898] 41 root - INFO - ----------------------------------------------------------------------------------------------------
[2026-04-07 20:34:36,898] 42 root - INFO - END OF: DATA INGSETION
[2026-04-07 20:34:36,898] 43 root - INFO - ----------------------------------------------------------------------------------------------------



[2026-04-07 20:34:36,898] 37 root - INFO - ----------------------------------------------------------------------------------------------------
[2026-04-07 20:34:36,898] 38 root - INFO - START OF: DATA VALIDATION
[2026-04-07 20:34:36,898] 39 root - INFO - ----------------------------------------------------------------------------------------------------

[2026-04-07 20:34:36,898] 14 root - INFO - Reading YAML file from the path: data_schema\schema.yaml
[2026-04-07 20:34:36,912] 125 root - INFO - Data Validation Pipeline Started:
[2026-04-07 20:34:37,115] 44 root - INFO - Training dataframe: Column length validation success!
[2026-04-07 20:34:37,115] 44 root - INFO - Testing dataframe: Column length validation success!
[2026-04-07 20:34:37,115] 76 root - INFO - 'Training' dataframe: All column data-type validations passed.
[2026-04-07 20:34:37,116] 76 root - INFO - 'Testing' dataframe: All column data-type validations passed.
[2026-04-07 20:34:37,460] 145 root - INFO - Data Validation Artifacts:
DataValidationArtifacts(validation_status=True, valid_train_file_path='Artifacts\\data_validation\\valid\\train.parquet', valid_test_file_path='Artifacts\\data_validation\\valid\\test.parquet', invalid_train_file_path=None, invalid_test_file_path=None, drift_report_file_path=None)

[2026-04-07 20:34:37,460] 146 root - INFO - Data Validation Completed | Total Execution Time: 0.009 min.
[2026-04-07 20:34:37,460] 41 root - INFO - ----------------------------------------------------------------------------------------------------
[2026-04-07 20:34:37,460] 42 root - INFO - END OF: DATA VALIDATION
[2026-04-07 20:34:37,460] 43 root - INFO - ----------------------------------------------------------------------------------------------------



[2026-04-07 20:34:37,460] 37 root - INFO - ----------------------------------------------------------------------------------------------------
[2026-04-07 20:34:37,460] 38 root - INFO - START OF: DATA CLEANING: TRAINING DATA
[2026-04-07 20:34:37,461] 39 root - INFO - ----------------------------------------------------------------------------------------------------

[2026-04-07 20:34:37,461] 14 root - INFO - Reading YAML file from the path: params.yaml
[2026-04-07 20:34:37,463] 27 root - INFO - Data cleaning parameters loaded with success: {'imputation_strategy': 'median', 'capping_quantiles': 0.99}
[2026-04-07 20:34:37,463] 151 root - INFO - Cleaning Training Data Pipeline Started:
[2026-04-07 20:34:37,587] 155 root - INFO - Reading training data success!
[2026-04-07 20:34:38,004] 37 root - INFO - Total number of duplicates in the given training dataframe: 14,474 were dropped.
[2026-04-07 20:34:38,005] 157 root - INFO - Duplicates handled in the training data.
[2026-04-07 20:34:38,054] 87 root - INFO - training dataframe missing value report:
invoice         0
stockcode       0
description     0
quantity        0
invoicedate     0
price          30
customerid      0
country         0
dtype: int64
[2026-04-07 20:34:38,096] 60 root - INFO - SimpleImputer used median as strategy and saved the imputer at: Artifacts\data_cleaning\missing_data_imputer\SimpleImputerForPrice.joblib path.
[2026-04-07 20:34:38,103] 73 root - INFO - Imputer loading Success from Artifacts\data_cleaning\missing_data_imputer\SimpleImputerForPrice.joblib
[2026-04-07 20:34:38,110] 75 root - INFO - Dataframe: training on column Price, imputation success!
[2026-04-07 20:34:38,636] 105 root - INFO - Total number of cancelled orders in training dataframe: 9,466
[2026-04-07 20:34:38,932] 175 root - INFO - Unclipped training data saved for tree models in: Artifacts\data_cleaning\data_unclipped\train.parquet
[2026-04-07 20:34:38,946] 123 root - INFO - Clipping values calculated on training data: {'quantity_abs': 144.0, 'price': 14.95}
[2026-04-07 20:34:38,947] 129 root - INFO - Clipping data from training file saved at: Artifacts\data_cleaning\caps.yaml
[2026-04-07 20:34:38,951] 134 root - INFO - Column: quantity_abs has been clipped by 99th quantile: 144.0
[2026-04-07 20:34:38,955] 134 root - INFO - Column: price has been clipped by 99th quantile: 14.95
[2026-04-07 20:34:39,251] 182 root - INFO - Clipped training data saved for linear models in: Artifacts\data_cleaning\data_clipped\train.parquet
[2026-04-07 20:34:39,251] 195 root - INFO - Data Cleaning Artifacts:
DataCleaningArtifacts(clipped_training_file_path='Artifacts\\data_cleaning\\data_clipped\\train.parquet', clipped_testing_file_path=None, unclipped_training_file_path='Artifacts\\data_cleaning\\data_unclipped\\train.parquet', unclipped_testing_file_path=None, simple_imputer_file_path='Artifacts\\data_cleaning\\missing_data_imputer\\SimpleImputerForPrice.joblib', caps_file_path_yaml='Artifacts\\data_cleaning\\caps.yaml')

[2026-04-07 20:34:39,251] 196 root - INFO - Cleaning Training Data Completed | Total Execution Time: 0.03 min.
[2026-04-07 20:34:39,263] 41 root - INFO - ----------------------------------------------------------------------------------------------------
[2026-04-07 20:34:39,263] 42 root - INFO - END OF: DATA CLEANING: TRAINING DATA
[2026-04-07 20:34:39,263] 43 root - INFO - ----------------------------------------------------------------------------------------------------



[2026-04-07 20:34:39,263] 37 root - INFO - ----------------------------------------------------------------------------------------------------
[2026-04-07 20:34:39,263] 38 root - INFO - START OF: DATA CLEANING: TESTING DATA
[2026-04-07 20:34:39,263] 39 root - INFO - ----------------------------------------------------------------------------------------------------

[2026-04-07 20:34:39,263] 14 root - INFO - Reading YAML file from the path: params.yaml
[2026-04-07 20:34:39,265] 27 root - INFO - Data cleaning parameters loaded with success: {'imputation_strategy': 'median', 'capping_quantiles': 0.99}
[2026-04-07 20:34:39,265] 206 root - INFO - Cleaning Testing Data Pipeline Started:
[2026-04-07 20:34:39,304] 210 root - INFO - Reading testing data success!!
[2026-04-07 20:34:39,406] 37 root - INFO - Total number of duplicates in the given testing dataframe: 948 were dropped.
[2026-04-07 20:34:39,406] 212 root - INFO - Duplicates removed in the testing data.
[2026-04-07 20:34:39,420] 87 root - INFO - testing dataframe missing value report:
invoice        0
stockcode      0
description    0
quantity       0
invoicedate    0
price          9
customerid     0
country        0
dtype: int64
[2026-04-07 20:34:39,421] 73 root - INFO - Imputer loading Success from Artifacts\data_cleaning\missing_data_imputer\SimpleImputerForPrice.joblib
[2026-04-07 20:34:39,424] 75 root - INFO - Dataframe: testing on column Price, imputation success!
[2026-04-07 20:34:39,558] 105 root - INFO - Total number of cancelled orders in testing dataframe: 2,506
[2026-04-07 20:34:39,640] 228 root - INFO - Unclipped test file saved at: Artifacts\data_cleaning\data_unclipped\test.parquet
[2026-04-07 20:34:39,641] 14 root - INFO - Reading YAML file from the path: Artifacts\data_cleaning\caps.yaml
[2026-04-07 20:34:39,651] 140 root - INFO - Column: price has been clipped using 14.95
[2026-04-07 20:34:39,652] 140 root - INFO - Column: quantity_abs has been clipped using 144.0
[2026-04-07 20:34:39,735] 236 root - INFO - Clipped testing data saved at: Artifacts\data_cleaning\data_clipped\test.parquet
[2026-04-07 20:34:39,735] 248 root - INFO - Data Cleaning Artifacts:
DataCleaningArtifacts(clipped_training_file_path=None, clipped_testing_file_path='Artifacts\\data_cleaning\\data_clipped\\test.parquet', unclipped_training_file_path=None, unclipped_testing_file_path='Artifacts\\data_cleaning\\data_unclipped\\test.parquet', simple_imputer_file_path=None, caps_file_path_yaml=None)

[2026-04-07 20:34:39,735] 249 root - INFO - Cleaning Testing Data Completed | Total Execution Time: 0.008 min.
[2026-04-07 20:34:39,737] 41 root - INFO - ----------------------------------------------------------------------------------------------------
[2026-04-07 20:34:39,737] 42 root - INFO - END OF: DATA CLEANING: TESTING DATA
[2026-04-07 20:34:39,738] 43 root - INFO - ----------------------------------------------------------------------------------------------------



[2026-04-07 20:34:39,738] 37 root - INFO - ----------------------------------------------------------------------------------------------------
[2026-04-07 20:34:39,738] 38 root - INFO - START OF: FEATURE ENGINEERING
[2026-04-07 20:34:39,738] 39 root - INFO - ----------------------------------------------------------------------------------------------------

[2026-04-07 20:34:39,743] 27 root - INFO - FeatureEngineering Class initialization success!
[2026-04-07 20:34:39,743] 251 root - INFO - Feature Engineering For: unclipped dataframes:
[2026-04-07 20:34:39,743] 252 root - INFO - ----------------------------------------------------------------------------------------------------
[2026-04-07 20:34:39,743] 255 root - INFO - Feature engineering pipeline started, given branch name: 'unclipped'
[2026-04-07 20:34:39,864] 267 root - INFO - Reading Artifacts\data_cleaning\data_unclipped\train.parquet data completed.
[2026-04-07 20:34:39,864] 268 root - INFO - Training unclipped data has a shape of: (396219, 10)
[2026-04-07 20:34:39,902] 271 root - INFO - Reading Artifacts\data_cleaning\data_unclipped\test.parquet data completed.
[2026-04-07 20:34:39,902] 272 root - INFO - Testing unclipped data has a shape of: (101726, 10)
[2026-04-07 20:34:39,902] 47 root - INFO - Creating observation dataframe via 'create_observation_df()' method started for 'training:unclipped' df.
[2026-04-07 20:34:39,937] 50 root - INFO - The shape of the training observation dataframe is: (341595, 10).
[2026-04-07 20:34:39,938] 51 root - INFO - The transactions in the training observation window ranges between: 2009-12-01 07:45:00 : 2010-12-23 16:06:00
[2026-04-07 20:34:39,938] 52 root - INFO - Creating observation dataframe via 'create_observation_df()' method for 'training:unclipped' df success.
[2026-04-07 20:34:39,938] 47 root - INFO - Creating observation dataframe via 'create_observation_df()' method started for 'testing:unclipped' df.
[2026-04-07 20:34:39,948] 50 root - INFO - The shape of the testing observation dataframe is: (87908, 10).
[2026-04-07 20:34:39,948] 51 root - INFO - The transactions in the testing observation window ranges between: 2009-12-01 07:45:00 : 2010-12-23 16:06:00
[2026-04-07 20:34:39,948] 52 root - INFO - Creating observation dataframe via 'create_observation_df()' method for 'testing:unclipped' df success.
[2026-04-07 20:34:39,948] 280 root - INFO - --------------------------------------------------
[2026-04-07 20:34:39,948] 75 root - INFO - Creating the product/stockcode level metrics using 'create_stockcode_lvl_metrics()' method.
[2026-04-07 20:34:39,975] 77 root - INFO - There are a total of 3,998 unique products on the given training dataset.
[2026-04-07 20:34:40,043] 87 root - INFO - Creating the product/stockcode level metrics using 'create_stockcode_lvl_metrics()' method success
[2026-04-07 20:34:40,045] 284 root - INFO - --------------------------------------------------
[2026-04-07 20:34:40,045] 114 root - INFO - Creating the customer level risk for the products they buy: 'training:unclipped df'
[2026-04-07 20:34:40,146] 127 root - INFO - Success for creating the customer level risk for the products they buy for 'training:unclipped df'
[2026-04-07 20:34:40,148] 114 root - INFO - Creating the customer level risk for the products they buy: 'testing:unclipped df'
[2026-04-07 20:34:40,184] 127 root - INFO - Success for creating the customer level risk for the products they buy for 'testing:unclipped df'
[2026-04-07 20:34:40,185] 296 root - INFO - --------------------------------------------------
[2026-04-07 20:34:40,185] 156 root - INFO - Creating the customer level aggregated metrics for training:unclipped data.
[2026-04-07 20:34:41,146] 200 root - INFO - Success in creating the customer level aggregated metrics.
[2026-04-07 20:34:41,149] 156 root - INFO - Creating the customer level aggregated metrics for testing:unclipped data.
[2026-04-07 20:34:41,940] 200 root - INFO - Success in creating the customer level aggregated metrics.
[2026-04-07 20:34:41,941] 309 root - INFO - --------------------------------------------------
[2026-04-07 20:34:41,941] 225 root - INFO - Defining the churn label for training:unclipped df.
[2026-04-07 20:34:41,941] 226 root - INFO - The observation window will be until: 2010-12-31 00:00:00.
[2026-04-07 20:34:41,942] 227 root - INFO - The churn window will be from: 2011-01-01 00:00:00 until:   2011-03-31 00:00:00
[2026-04-07 20:34:41,952] 229 root - INFO - The min invoice date in churn df: 2011-01-04 10:00:00 and the max is: 2011-03-30 17:33:00
[2026-04-07 20:34:41,954] 231 root - INFO - There are a total of: 1770 customer IDs who made the transaction in churn window.
[2026-04-07 20:34:41,959] 233 root - INFO - The count for the churn label is:
churn
1    2977
0    1404
Name: count, dtype: int64
[2026-04-07 20:34:41,959] 234 root - INFO - The shape of the finalized df is:(4381, 15)
[2026-04-07 20:34:41,959] 235 root - INFO - Success at defining the churn label for training:unclipped df.
[2026-04-07 20:34:41,960] 225 root - INFO - Defining the churn label for testing:unclipped df.
[2026-04-07 20:34:41,960] 226 root - INFO - The observation window will be until: 2010-12-31 00:00:00.
[2026-04-07 20:34:41,960] 227 root - INFO - The churn window will be from: 2011-01-01 00:00:00 until:   2011-03-31 00:00:00
[2026-04-07 20:34:41,963] 229 root - INFO - The min invoice date in churn df: 2011-01-04 10:00:00 and the max is: 2011-03-30 17:33:00
[2026-04-07 20:34:41,964] 231 root - INFO - There are a total of: 1617 customer IDs who made the transaction in churn window.
[2026-04-07 20:34:41,965] 233 root - INFO - The count for the churn label is:
churn
1    2837
0    1282
Name: count, dtype: int64
[2026-04-07 20:34:41,966] 234 root - INFO - The shape of the finalized df is:(4119, 15)
[2026-04-07 20:34:41,966] 235 root - INFO - Success at defining the churn label for testing:unclipped df.
[2026-04-07 20:34:41,990] 338 root - INFO - Unclipped training data saved to: Artifacts\feature_engineering\data_unclipped\train.parquet
[2026-04-07 20:34:41,990] 339 root - INFO - Unclipped testing data saved to: Artifacts\feature_engineering\data_unclipped\test.parquet
[2026-04-07 20:34:41,990] 353 root - INFO - Feature Engineering Artifacts:
FeatureEngineeringArtifacts(clipped_training_file_path=None, clipped_testing_file_path=None, unclipped_training_file_path='Artifacts\\feature_engineering\\data_unclipped\\train.parquet', unclipped_testing_file_path='Artifacts\\feature_engineering\\data_unclipped\\test.parquet')

[2026-04-07 20:34:41,990] 354 root - INFO - Feature Engineering Completed | Total Execution Time: 0.037 min.
[2026-04-07 20:34:42,002] 41 root - INFO - ----------------------------------------------------------------------------------------------------
[2026-04-07 20:34:42,002] 42 root - INFO - END OF: FEATURE ENGINEERING: UNCLIPPED DATASET
[2026-04-07 20:34:42,002] 43 root - INFO - ----------------------------------------------------------------------------------------------------



[2026-04-07 20:34:42,002] 37 root - INFO - ----------------------------------------------------------------------------------------------------
[2026-04-07 20:34:42,003] 38 root - INFO - START OF: CREATING PRE-PROCESSOR
[2026-04-07 20:34:42,003] 39 root - INFO - ----------------------------------------------------------------------------------------------------

[2026-04-07 20:34:42,003] 23 root - INFO - Data Pre-Processing Class Initialization Success!
[2026-04-07 20:34:42,003] 159 root - INFO - Pre-Processor Pipeline Trigerred.
[2026-04-07 20:34:42,003] 37 root - INFO - Concatenating the final dataset.
[2026-04-07 20:34:42,030] 42 root - INFO - Concatenation completed. Final data size: (8499, 15)
[2026-04-07 20:34:42,031] 62 root - INFO - The numerical features are:
['order_frequency', 'total_monetary_value', 'total_quantity_abs', 'total_order_issues', 'avg_order_value', 'avg_quantity_per_order', 'customer_order_issue_rate', 'recency', 'tenure', 'avg_stockcode_issue_rate', 'max_stockcode_issue_rate', 'total_orders_made_for_stock'] and the categoical features are:
['country']
[2026-04-07 20:34:42,031] 63 root - INFO - The dataset has 12 numerical features and 1 categorical features.
[2026-04-07 20:34:42,032] 83 root - INFO - Dependent and independent features created. Independent: (8499, 13) and dependent: (8499,)
[2026-04-07 20:34:42,046] 91 root - INFO - Independent feature saved at: Artifacts\pre_processing\full_dataset\X.parquet
[2026-04-07 20:34:42,046] 92 root - INFO - Dependent features saved at: Artifacts\pre_processing\full_dataset\y.parquet
[2026-04-07 20:34:42,046] 109 root - INFO - Creating the pre-processing file:
[2026-04-07 20:34:42,063] 115 root - INFO - Preprocessor fitted successfully.
ColumnTransformer(transformers=[('numerical', RobustScaler(),
                                 ['order_frequency', 'total_monetary_value',
                                  'total_quantity_abs', 'total_order_issues',
                                  'avg_order_value', 'avg_quantity_per_order',
                                  'customer_order_issue_rate', 'recency',
                                  'tenure', 'avg_stockcode_issue_rate',
                                  'max_stockcode_issue_rate',
                                  'total_orders_made_for_stock']),
                                ('categorical',
                                 OneHotEncoder(handle_unknown='ignore',
                                               sparse_output=False),
                                 ['country'])])
[2026-04-07 20:34:42,065] 122 root - INFO - Preprocessor saved to Artifacts\pre_processing\pre_processor.pkl
[2026-04-07 20:34:42,066] 172 root - INFO - Pre-Processing Artifacts:
PreProcessingArtifacts(pre_processor_file_path='Artifacts\\pre_processing\\pre_processor.pkl', X_path='Artifacts\\pre_processing\\full_dataset\\X.parquet', y_path='Artifacts\\pre_processing\\full_dataset\\y.parquet')
[2026-04-07 20:34:42,066] 173 root - INFO - Pre-processor completed! | Total Execution Time: 0.001 min.
[2026-04-07 20:34:42,066] 41 root - INFO - ----------------------------------------------------------------------------------------------------
[2026-04-07 20:34:42,066] 42 root - INFO - END OF: CREATING PRE-PROCESSOR
[2026-04-07 20:34:42,066] 43 root - INFO - ----------------------------------------------------------------------------------------------------



[2026-04-07 20:34:42,066] 37 root - INFO - ----------------------------------------------------------------------------------------------------
[2026-04-07 20:34:42,066] 38 root - INFO - START OF: MODEL TRAINING
[2026-04-07 20:34:42,066] 39 root - INFO - ----------------------------------------------------------------------------------------------------

[2026-04-07 20:34:42,066] 14 root - INFO - Reading YAML file from the path: params.yaml
[2026-04-07 20:34:42,068] 27 root - INFO - ModelTraining class initialization completed!
[2026-04-07 20:34:42,068] 98 root - INFO - Model Training Pipeline Trigerred.
[2026-04-07 20:34:42,088] 43 root - INFO - Data loading success! | X:(8499, 13) | y: (8499,)
[2026-04-07 20:34:42,098] 59 root - INFO - Pre-processor loading success!
[2026-04-07 20:34:42,098] 67 root - INFO - Transforming data features using the saved preprocessor.
[2026-04-07 20:34:42,105] 70 root - INFO - Training the full data on XGBoost.
[2026-04-07 20:34:43,015] 76 root - INFO - Model Training Completed!
[2026-04-07 20:34:43,027] 81 root - INFO - Final model saved to: Artifacts\model_training\final_model.pkl
[2026-04-07 20:34:43,029] 108 root - INFO - Model Trainer Artifacts:
ModelTrainerArtifacts(final_model_path='Artifacts\\model_training\\final_model.pkl')
[2026-04-07 20:34:43,029] 109 root - INFO - Model Training Completed | Total Execution Time: 0.016 min.
[2026-04-07 20:34:43,030] 41 root - INFO - ----------------------------------------------------------------------------------------------------
[2026-04-07 20:34:43,030] 42 root - INFO - END OF: MODEL TRAINING
[2026-04-07 20:34:43,030] 43 root - INFO - ----------------------------------------------------------------------------------------------------



