[2026-03-13 23:51:34,343] 14 root - INFO - Reading YAML file from the path: params.yaml
[2026-03-13 23:51:34,345] 37 root - INFO - ----------------------------------------------------------------------------------------------------
[2026-03-13 23:51:34,345] 38 root - INFO - START OF: DATA INGSETION
[2026-03-13 23:51:34,345] 39 root - INFO - ----------------------------------------------------------------------------------------------------

[2026-03-13 23:51:34,347] 122 root - INFO - Data Ingestion Pipeline Started:
[2026-03-13 23:52:31,142] 51 root - INFO - RAW data shape: (1067371, 9) pulled from MongoDB.
[2026-03-13 23:52:31,560] 57 root - INFO - Total number of dropped rows: 243,007 or 22.77% with missing Customer ID
[2026-03-13 23:52:32,634] 68 root - INFO - Cut-off date: 2011-03-31 00:00:00 | Before: 824,364 samples | After: 513,367 samples. 
[2026-03-13 23:52:33,552] 75 root - INFO - Data Import From MongoDB As DataFrame Success | Records: 513,367 & Features: 8
[2026-03-13 23:52:34,488] 93 root - INFO - Dataframe saved as Parquet file in feature store in the path: Artifacts\data_ingestion\feature_store as a backup file.
[2026-03-13 23:52:35,021] 106 root - INFO - Train-test split completed | Training: (410693, 8) (80.0%)  and Test: (102674, 8) (20.0%).
[2026-03-13 23:52:36,212] 111 root - INFO - Exporting train and test data as Parquet completed.
[2026-03-13 23:52:36,318] 137 root - INFO - Data Ingestion Artifacts:
DataIngestionArtifacts(training_file_path='Artifacts\\data_ingestion\\ingested\\train.parquet', test_file_path='Artifacts\\data_ingestion\\ingested\\test.parquet')

[2026-03-13 23:52:36,319] 138 root - INFO - Data Ingestion Completed | Total Execution Time: 1.033 min.
[2026-03-13 23:52:36,571] 41 root - INFO - ----------------------------------------------------------------------------------------------------
[2026-03-13 23:52:36,572] 42 root - INFO - END OF: DATA INGSETION
[2026-03-13 23:52:36,572] 43 root - INFO - ----------------------------------------------------------------------------------------------------



[2026-03-13 23:52:36,572] 37 root - INFO - ----------------------------------------------------------------------------------------------------
[2026-03-13 23:52:36,572] 38 root - INFO - START OF: DATA VALIDATION
[2026-03-13 23:52:36,572] 39 root - INFO - ----------------------------------------------------------------------------------------------------

[2026-03-13 23:52:36,572] 14 root - INFO - Reading YAML file from the path: data_schema\schema.yaml
[2026-03-13 23:52:36,576] 113 root - INFO - Data Validation Pipeline Started:
[2026-03-13 23:52:36,949] 44 root - INFO - Training dataframe: Column length validation success!
[2026-03-13 23:52:36,949] 44 root - INFO - Testing dataframe: Column length validation success!
[2026-03-13 23:52:36,949] 65 root - INFO - Training dataframe: Data types validation success!
[2026-03-13 23:52:36,949] 65 root - INFO - Testing dataframe: Data types validation success!
[2026-03-13 23:52:37,512] 133 root - INFO - Data Validation Artifacts:
DataValidationArtifacts(validation_status=True, valid_train_file_path='Artifacts\\data_validation\\valid\\train.parquet', valid_test_file_path='Artifacts\\data_validation\\valid\\test.parquet', invalid_train_file_path=None, invalid_test_file_path=None, drift_report_file_path=None)

[2026-03-13 23:52:37,513] 134 root - INFO - Data Validation Completed | Total Execution Time: 0.016 min.
[2026-03-13 23:52:37,513] 41 root - INFO - ----------------------------------------------------------------------------------------------------
[2026-03-13 23:52:37,514] 42 root - INFO - END OF: DATA VALIDATION
[2026-03-13 23:52:37,514] 43 root - INFO - ----------------------------------------------------------------------------------------------------



[2026-03-13 23:52:37,515] 37 root - INFO - ----------------------------------------------------------------------------------------------------
[2026-03-13 23:52:37,515] 38 root - INFO - START OF: DATA CLEANING: TRAINING DATA
[2026-03-13 23:52:37,515] 39 root - INFO - ----------------------------------------------------------------------------------------------------

[2026-03-13 23:52:37,516] 14 root - INFO - Reading YAML file from the path: params.yaml
[2026-03-13 23:52:37,518] 28 root - INFO - Data cleaning parameters loaded with success: {'imputation_strategy': 'median', 'capping_quantiles': 0.99}
[2026-03-13 23:52:37,518] 152 root - INFO - Cleaning Training Data Pipeline Started:
[2026-03-13 23:52:37,829] 156 root - INFO - Reading training data success!
[2026-03-13 23:52:38,620] 38 root - INFO - Total number of duplicates in the given training dataframe: 14,591 were dropped.
[2026-03-13 23:52:38,620] 158 root - INFO - Duplicates handled in the training data.
[2026-03-13 23:52:38,699] 88 root - INFO - training dataframe missing value report:
invoice         0
stockcode       0
description     0
quantity        0
invoicedate     0
price          29
customerid      0
country         0
dtype: int64
[2026-03-13 23:52:38,765] 61 root - INFO - SimpleImputer used median as strategy and saved the imputer at: Artifacts\data_cleaning\missing_data_imputer\SimpleImputerForPrice.joblib path.
[2026-03-13 23:52:38,767] 74 root - INFO - Imputer loading Success from Artifacts\data_cleaning\missing_data_imputer\SimpleImputerForPrice.joblib
[2026-03-13 23:52:38,779] 76 root - INFO - Dataframe: training on column Price, imputation success!
[2026-03-13 23:52:39,496] 106 root - INFO - Total number of cancelled orders in training dataframe: 9,494
[2026-03-13 23:52:39,996] 176 root - INFO - Unclipped training data saved for tree models in: Artifacts\data_cleaning\data_unclipped\train.parquet
[2026-03-13 23:52:40,008] 124 root - INFO - Clipping values calculated on training data: {'quantity_abs': 144.0, 'price': 14.95}
[2026-03-13 23:52:40,009] 130 root - INFO - Clipping data from training file saved at: Artifacts\data_cleaning\caps.yaml
[2026-03-13 23:52:40,014] 135 root - INFO - Column: quantity_abs has been clipped by 99th quantile: 144.0
[2026-03-13 23:52:40,018] 135 root - INFO - Column: price has been clipped by 99th quantile: 14.95
[2026-03-13 23:52:40,454] 183 root - INFO - Clipped training data saved for linear models in: Artifacts\data_cleaning\data_clipped\train.parquet
[2026-03-13 23:52:40,454] 196 root - INFO - Data Cleaning Artifacts:
DataCleaningArtifacts(clipped_training_file_path='Artifacts\\data_cleaning\\data_clipped\\train.parquet', clipped_testing_file_path=None, unclipped_training_file_path='Artifacts\\data_cleaning\\data_unclipped\\train.parquet', unclipped_testing_file_path=None, simple_imputer_file_path='Artifacts\\data_cleaning\\missing_data_imputer\\SimpleImputerForPrice.joblib', caps_file_path_yaml='Artifacts\\data_cleaning\\caps.yaml')

[2026-03-13 23:52:40,454] 197 root - INFO - Cleaning Training Data Completed | Total Execution Time: 0.049 min.
[2026-03-13 23:52:40,489] 41 root - INFO - ----------------------------------------------------------------------------------------------------
[2026-03-13 23:52:40,489] 42 root - INFO - END OF: DATA CLEANING: TRAINING DATA
[2026-03-13 23:52:40,490] 43 root - INFO - ----------------------------------------------------------------------------------------------------



[2026-03-13 23:52:40,490] 37 root - INFO - ----------------------------------------------------------------------------------------------------
[2026-03-13 23:52:40,491] 38 root - INFO - START OF: DATA CLEANING: TESTING DATA
[2026-03-13 23:52:40,491] 39 root - INFO - ----------------------------------------------------------------------------------------------------

[2026-03-13 23:52:40,491] 14 root - INFO - Reading YAML file from the path: params.yaml
[2026-03-13 23:52:40,492] 28 root - INFO - Data cleaning parameters loaded with success: {'imputation_strategy': 'median', 'capping_quantiles': 0.99}
[2026-03-13 23:52:40,492] 206 root - INFO - Cleaning Testing Data Pipeline Started:
[2026-03-13 23:52:40,570] 210 root - INFO - Reading testing data success!!
[2026-03-13 23:52:41,007] 38 root - INFO - Total number of duplicates in the given testing dataframe: 954 were dropped.
[2026-03-13 23:52:41,007] 212 root - INFO - Duplicates removed in the testing data.
[2026-03-13 23:52:41,035] 88 root - INFO - testing dataframe missing value report:
invoice         0
stockcode       0
description     0
quantity        0
invoicedate     0
price          10
customerid      0
country         0
dtype: int64
[2026-03-13 23:52:41,035] 74 root - INFO - Imputer loading Success from Artifacts\data_cleaning\missing_data_imputer\SimpleImputerForPrice.joblib
[2026-03-13 23:52:41,040] 76 root - INFO - Dataframe: testing on column Price, imputation success!
[2026-03-13 23:52:41,196] 106 root - INFO - Total number of cancelled orders in testing dataframe: 2,460
[2026-03-13 23:52:41,324] 228 root - INFO - Unclipped test file saved at: Artifacts\data_cleaning\data_unclipped\test.parquet
[2026-03-13 23:52:41,325] 14 root - INFO - Reading YAML file from the path: Artifacts\data_cleaning\caps.yaml
[2026-03-13 23:52:41,330] 141 root - INFO - Column: price has been clipped using 14.95
[2026-03-13 23:52:41,333] 141 root - INFO - Column: quantity_abs has been clipped using 144.0
[2026-03-13 23:52:41,497] 236 root - INFO - Clipped testing data saved at: Artifacts\data_cleaning\data_clipped\test.parquet
[2026-03-13 23:52:41,497] 248 root - INFO - Data Cleaning Artifacts:
DataCleaningArtifacts(clipped_training_file_path=None, clipped_testing_file_path='Artifacts\\data_cleaning\\data_clipped\\test.parquet', unclipped_training_file_path=None, unclipped_testing_file_path='Artifacts\\data_cleaning\\data_unclipped\\test.parquet', simple_imputer_file_path=None, caps_file_path_yaml=None)

[2026-03-13 23:52:41,497] 249 root - INFO - Cleaning Testing Data Completed | Total Execution Time: 0.017 min.
[2026-03-13 23:52:41,505] 41 root - INFO - ----------------------------------------------------------------------------------------------------
[2026-03-13 23:52:41,506] 42 root - INFO - END OF: DATA CLEANING: TESTING DATA
[2026-03-13 23:52:41,506] 43 root - INFO - ----------------------------------------------------------------------------------------------------



