[2026-03-16 16:42:02,161] 14 root - INFO - Reading YAML file from the path: params.yaml
[2026-03-16 16:42:02,162] 37 root - INFO - ----------------------------------------------------------------------------------------------------
[2026-03-16 16:42:02,162] 38 root - INFO - START OF: DATA INGSETION
[2026-03-16 16:42:02,163] 39 root - INFO - ----------------------------------------------------------------------------------------------------

[2026-03-16 16:42:02,165] 122 root - INFO - Data Ingestion Pipeline Started:
[2026-03-16 16:42:52,917] 51 root - INFO - RAW data shape: (1067371, 9) pulled from MongoDB.
[2026-03-16 16:42:53,213] 57 root - INFO - Total number of dropped rows: 243,007 or 22.77% with missing Customer ID
[2026-03-16 16:42:53,545] 68 root - INFO - Cut-off date: 2011-03-31 00:00:00 | Before: 824,364 samples | After: 513,367 samples. 
[2026-03-16 16:42:54,130] 75 root - INFO - Data Import From MongoDB As DataFrame Success | Records: 513,367 & Features: 8
[2026-03-16 16:42:54,788] 93 root - INFO - Dataframe saved as Parquet file in feature store in the path: Artifacts\data_ingestion\feature_store as a backup file.
[2026-03-16 16:42:55,126] 106 root - INFO - Train-test split completed | Training: (410693, 8) (80.0%)  and Test: (102674, 8) (20.0%).
[2026-03-16 16:42:55,760] 111 root - INFO - Exporting train and test data as Parquet completed.
[2026-03-16 16:42:55,831] 137 root - INFO - Data Ingestion Artifacts:
DataIngestionArtifacts(training_file_path='Artifacts\\data_ingestion\\ingested\\train.parquet', test_file_path='Artifacts\\data_ingestion\\ingested\\test.parquet')

[2026-03-16 16:42:55,831] 138 root - INFO - Data Ingestion Completed | Total Execution Time: 0.894 min.
[2026-03-16 16:42:56,008] 41 root - INFO - ----------------------------------------------------------------------------------------------------
[2026-03-16 16:42:56,008] 42 root - INFO - END OF: DATA INGSETION
[2026-03-16 16:42:56,008] 43 root - INFO - ----------------------------------------------------------------------------------------------------



[2026-03-16 16:42:56,008] 37 root - INFO - ----------------------------------------------------------------------------------------------------
[2026-03-16 16:42:56,008] 38 root - INFO - START OF: DATA VALIDATION
[2026-03-16 16:42:56,008] 39 root - INFO - ----------------------------------------------------------------------------------------------------

[2026-03-16 16:42:56,008] 14 root - INFO - Reading YAML file from the path: data_schema\schema.yaml
[2026-03-16 16:42:56,012] 125 root - INFO - Data Validation Pipeline Started:
[2026-03-16 16:42:56,210] 44 root - INFO - Training dataframe: Column length validation success!
[2026-03-16 16:42:56,210] 44 root - INFO - Testing dataframe: Column length validation success!
[2026-03-16 16:42:56,210] 76 root - INFO - 'Training' dataframe: All column data-type validations passed.
[2026-03-16 16:42:56,211] 76 root - INFO - 'Testing' dataframe: All column data-type validations passed.
[2026-03-16 16:42:56,586] 145 root - INFO - Data Validation Artifacts:
DataValidationArtifacts(validation_status=True, valid_train_file_path='Artifacts\\data_validation\\valid\\train.parquet', valid_test_file_path='Artifacts\\data_validation\\valid\\test.parquet', invalid_train_file_path=None, invalid_test_file_path=None, drift_report_file_path=None)

[2026-03-16 16:42:56,586] 146 root - INFO - Data Validation Completed | Total Execution Time: 0.01 min.
[2026-03-16 16:42:56,586] 41 root - INFO - ----------------------------------------------------------------------------------------------------
[2026-03-16 16:42:56,587] 42 root - INFO - END OF: DATA VALIDATION
[2026-03-16 16:42:56,587] 43 root - INFO - ----------------------------------------------------------------------------------------------------



[2026-03-16 16:42:56,587] 37 root - INFO - ----------------------------------------------------------------------------------------------------
[2026-03-16 16:42:56,587] 38 root - INFO - START OF: DATA CLEANING: TRAINING DATA
[2026-03-16 16:42:56,587] 39 root - INFO - ----------------------------------------------------------------------------------------------------

[2026-03-16 16:42:56,587] 14 root - INFO - Reading YAML file from the path: params.yaml
[2026-03-16 16:42:56,588] 28 root - INFO - Data cleaning parameters loaded with success: {'imputation_strategy': 'median', 'capping_quantiles': 0.99}
[2026-03-16 16:42:56,588] 152 root - INFO - Cleaning Training Data Pipeline Started:
[2026-03-16 16:42:56,751] 156 root - INFO - Reading training data success!
[2026-03-16 16:42:57,194] 38 root - INFO - Total number of duplicates in the given training dataframe: 14,616 were dropped.
[2026-03-16 16:42:57,195] 158 root - INFO - Duplicates handled in the training data.
[2026-03-16 16:42:57,245] 88 root - INFO - training dataframe missing value report:
invoice         0
stockcode       0
description     0
quantity        0
invoicedate     0
price          35
customerid      0
country         0
dtype: int64
[2026-03-16 16:42:57,290] 61 root - INFO - SimpleImputer used median as strategy and saved the imputer at: Artifacts\data_cleaning\missing_data_imputer\SimpleImputerForPrice.joblib path.
[2026-03-16 16:42:57,301] 74 root - INFO - Imputer loading Success from Artifacts\data_cleaning\missing_data_imputer\SimpleImputerForPrice.joblib
[2026-03-16 16:42:57,308] 76 root - INFO - Dataframe: training on column Price, imputation success!
[2026-03-16 16:42:57,859] 106 root - INFO - Total number of cancelled orders in training dataframe: 9,453
[2026-03-16 16:42:58,164] 176 root - INFO - Unclipped training data saved for tree models in: Artifacts\data_cleaning\data_unclipped\train.parquet
[2026-03-16 16:42:58,177] 124 root - INFO - Clipping values calculated on training data: {'quantity_abs': 144.0, 'price': 14.95}
[2026-03-16 16:42:58,178] 130 root - INFO - Clipping data from training file saved at: Artifacts\data_cleaning\caps.yaml
[2026-03-16 16:42:58,182] 135 root - INFO - Column: quantity_abs has been clipped by 99th quantile: 144.0
[2026-03-16 16:42:58,187] 135 root - INFO - Column: price has been clipped by 99th quantile: 14.95
[2026-03-16 16:42:58,498] 183 root - INFO - Clipped training data saved for linear models in: Artifacts\data_cleaning\data_clipped\train.parquet
[2026-03-16 16:42:58,498] 196 root - INFO - Data Cleaning Artifacts:
DataCleaningArtifacts(clipped_training_file_path='Artifacts\\data_cleaning\\data_clipped\\train.parquet', clipped_testing_file_path=None, unclipped_training_file_path='Artifacts\\data_cleaning\\data_unclipped\\train.parquet', unclipped_testing_file_path=None, simple_imputer_file_path='Artifacts\\data_cleaning\\missing_data_imputer\\SimpleImputerForPrice.joblib', caps_file_path_yaml='Artifacts\\data_cleaning\\caps.yaml')

[2026-03-16 16:42:58,498] 197 root - INFO - Cleaning Training Data Completed | Total Execution Time: 0.032 min.
[2026-03-16 16:42:58,513] 41 root - INFO - ----------------------------------------------------------------------------------------------------
[2026-03-16 16:42:58,513] 42 root - INFO - END OF: DATA CLEANING: TRAINING DATA
[2026-03-16 16:42:58,513] 43 root - INFO - ----------------------------------------------------------------------------------------------------



[2026-03-16 16:42:58,513] 37 root - INFO - ----------------------------------------------------------------------------------------------------
[2026-03-16 16:42:58,514] 38 root - INFO - START OF: DATA CLEANING: TESTING DATA
[2026-03-16 16:42:58,514] 39 root - INFO - ----------------------------------------------------------------------------------------------------

[2026-03-16 16:42:58,514] 14 root - INFO - Reading YAML file from the path: params.yaml
[2026-03-16 16:42:58,515] 28 root - INFO - Data cleaning parameters loaded with success: {'imputation_strategy': 'median', 'capping_quantiles': 0.99}
[2026-03-16 16:42:58,515] 207 root - INFO - Cleaning Testing Data Pipeline Started:
[2026-03-16 16:42:58,558] 211 root - INFO - Reading testing data success!!
[2026-03-16 16:42:58,677] 38 root - INFO - Total number of duplicates in the given testing dataframe: 944 were dropped.
[2026-03-16 16:42:58,677] 213 root - INFO - Duplicates removed in the testing data.
[2026-03-16 16:42:58,691] 88 root - INFO - testing dataframe missing value report:
invoice        0
stockcode      0
description    0
quantity       0
invoicedate    0
price          4
customerid     0
country        0
dtype: int64
[2026-03-16 16:42:58,691] 74 root - INFO - Imputer loading Success from Artifacts\data_cleaning\missing_data_imputer\SimpleImputerForPrice.joblib
[2026-03-16 16:42:58,694] 76 root - INFO - Dataframe: testing on column Price, imputation success!
[2026-03-16 16:42:58,835] 106 root - INFO - Total number of cancelled orders in testing dataframe: 2,525
[2026-03-16 16:42:58,920] 229 root - INFO - Unclipped test file saved at: Artifacts\data_cleaning\data_unclipped\test.parquet
[2026-03-16 16:42:58,921] 14 root - INFO - Reading YAML file from the path: Artifacts\data_cleaning\caps.yaml
[2026-03-16 16:42:58,930] 141 root - INFO - Column: price has been clipped using 14.95
[2026-03-16 16:42:58,932] 141 root - INFO - Column: quantity_abs has been clipped using 144.0
[2026-03-16 16:42:59,017] 237 root - INFO - Clipped testing data saved at: Artifacts\data_cleaning\data_clipped\test.parquet
[2026-03-16 16:42:59,017] 249 root - INFO - Data Cleaning Artifacts:
DataCleaningArtifacts(clipped_training_file_path=None, clipped_testing_file_path='Artifacts\\data_cleaning\\data_clipped\\test.parquet', unclipped_training_file_path=None, unclipped_testing_file_path='Artifacts\\data_cleaning\\data_unclipped\\test.parquet', simple_imputer_file_path=None, caps_file_path_yaml=None)

[2026-03-16 16:42:59,017] 250 root - INFO - Cleaning Testing Data Completed | Total Execution Time: 0.008 min.
[2026-03-16 16:42:59,020] 41 root - INFO - ----------------------------------------------------------------------------------------------------
[2026-03-16 16:42:59,020] 42 root - INFO - END OF: DATA CLEANING: TESTING DATA
[2026-03-16 16:42:59,020] 43 root - INFO - ----------------------------------------------------------------------------------------------------



[2026-03-16 16:42:59,020] 37 root - INFO - ----------------------------------------------------------------------------------------------------
[2026-03-16 16:42:59,020] 38 root - INFO - START OF: FEATURE ENGINEERING: CLIPPED DATASET
[2026-03-16 16:42:59,020] 39 root - INFO - ----------------------------------------------------------------------------------------------------

[2026-03-16 16:42:59,027] 27 root - INFO - FeatureEngineering Class initialization success!
[2026-03-16 16:42:59,027] 251 root - INFO - Feature Engineering For: clipped dataframes:
[2026-03-16 16:42:59,027] 252 root - INFO - ----------------------------------------------------------------------------------------------------
[2026-03-16 16:42:59,027] 255 root - INFO - Feature engineering pipeline started, given branch name: 'clipped'
[2026-03-16 16:42:59,147] 267 root - INFO - Reading Artifacts\data_cleaning\data_clipped\train.parquet data completed.
[2026-03-16 16:42:59,147] 268 root - INFO - Training clipped data has a shape of: (396077, 12)
[2026-03-16 16:42:59,186] 271 root - INFO - Reading Artifacts\data_cleaning\data_clipped\test.parquet data completed.
[2026-03-16 16:42:59,187] 272 root - INFO - Testing clipped data has a shape of: (101730, 12)
[2026-03-16 16:42:59,187] 47 root - INFO - Creating observation dataframe via 'create_observation_df()' method started for 'training:clipped' df.
[2026-03-16 16:42:59,226] 50 root - INFO - The shape of the training observation dataframe is: (341332, 12).
[2026-03-16 16:42:59,227] 51 root - INFO - The transactions in the training observation window ranges between: 2009-12-01 07:45:00 : 2010-12-23 16:06:00
[2026-03-16 16:42:59,227] 52 root - INFO - Creating observation dataframe via 'create_observation_df()' method for 'training:clipped' df success.
[2026-03-16 16:42:59,227] 47 root - INFO - Creating observation dataframe via 'create_observation_df()' method started for 'testing:clipped' df.
[2026-03-16 16:42:59,238] 50 root - INFO - The shape of the testing observation dataframe is: (88052, 12).
[2026-03-16 16:42:59,238] 51 root - INFO - The transactions in the testing observation window ranges between: 2009-12-01 07:45:00 : 2010-12-23 16:06:00
[2026-03-16 16:42:59,238] 52 root - INFO - Creating observation dataframe via 'create_observation_df()' method for 'testing:clipped' df success.
[2026-03-16 16:42:59,238] 280 root - INFO - --------------------------------------------------
[2026-03-16 16:42:59,238] 75 root - INFO - Creating the product/stockcode level metrics using 'create_stockcode_lvl_metrics()' method.
[2026-03-16 16:42:59,266] 77 root - INFO - There are a total of 4,005 unique products on the given training dataset.
[2026-03-16 16:42:59,330] 87 root - INFO - Creating the product/stockcode level metrics using 'create_stockcode_lvl_metrics()' method success
[2026-03-16 16:42:59,333] 284 root - INFO - --------------------------------------------------
[2026-03-16 16:42:59,333] 114 root - INFO - Creating the customer level risk for the products they buy: 'training:clipped df'
[2026-03-16 16:42:59,440] 127 root - INFO - Success for creating the customer level risk for the products they buy for 'training:clipped df'
[2026-03-16 16:42:59,442] 114 root - INFO - Creating the customer level risk for the products they buy: 'testing:clipped df'
[2026-03-16 16:42:59,480] 127 root - INFO - Success for creating the customer level risk for the products they buy for 'testing:clipped df'
[2026-03-16 16:42:59,481] 296 root - INFO - --------------------------------------------------
[2026-03-16 16:42:59,481] 156 root - INFO - Creating the customer level aggregated metrics for training:clipped data.
[2026-03-16 16:43:00,465] 200 root - INFO - Success in creating the customer level aggregated metrics.
[2026-03-16 16:43:00,468] 156 root - INFO - Creating the customer level aggregated metrics for testing:clipped data.
[2026-03-16 16:43:01,343] 200 root - INFO - Success in creating the customer level aggregated metrics.
[2026-03-16 16:43:01,345] 309 root - INFO - --------------------------------------------------
[2026-03-16 16:43:01,345] 225 root - INFO - Defining the churn label for training:clipped df.
[2026-03-16 16:43:01,345] 226 root - INFO - The observation window will be until: 2010-12-31 00:00:00.
[2026-03-16 16:43:01,345] 227 root - INFO - The churn window will be from: 2011-01-01 00:00:00 until:   2011-03-31 00:00:00
[2026-03-16 16:43:01,357] 229 root - INFO - The min invoice date in churn df: 2011-01-04 10:00:00 and the max is: 2011-03-30 17:33:00
[2026-03-16 16:43:01,358] 231 root - INFO - There are a total of: 1778 customer IDs who made the transaction in churn window.
[2026-03-16 16:43:01,363] 233 root - INFO - The count for the churn label is:
churn
1    2970
0    1414
Name: count, dtype: int64
[2026-03-16 16:43:01,364] 234 root - INFO - The shape of the finalized df is:(4384, 15)
[2026-03-16 16:43:01,364] 235 root - INFO - Success at defining the churn label for training:clipped df.
[2026-03-16 16:43:01,365] 225 root - INFO - Defining the churn label for testing:clipped df.
[2026-03-16 16:43:01,365] 226 root - INFO - The observation window will be until: 2010-12-31 00:00:00.
[2026-03-16 16:43:01,365] 227 root - INFO - The churn window will be from: 2011-01-01 00:00:00 until:   2011-03-31 00:00:00
[2026-03-16 16:43:01,369] 229 root - INFO - The min invoice date in churn df: 2011-01-04 10:00:00 and the max is: 2011-03-30 17:33:00
[2026-03-16 16:43:01,370] 231 root - INFO - There are a total of: 1612 customer IDs who made the transaction in churn window.
[2026-03-16 16:43:01,371] 233 root - INFO - The count for the churn label is:
churn
1    2860
0    1282
Name: count, dtype: int64
[2026-03-16 16:43:01,371] 234 root - INFO - The shape of the finalized df is:(4142, 15)
[2026-03-16 16:43:01,371] 235 root - INFO - Success at defining the churn label for testing:clipped df.
[2026-03-16 16:43:01,396] 331 root - INFO - Clipped training data saved to: Artifacts\feature_engineering\data_clipped\train.parquet
[2026-03-16 16:43:01,396] 332 root - INFO - Clipped testing data saved to: Artifacts\feature_engineering\data_clipped\test.parquet
[2026-03-16 16:43:01,396] 353 root - INFO - Feature Engineering Artifacts:
FeatureEngineeringArtifacts(clipped_training_file_path='Artifacts\\feature_engineering\\data_clipped\\train.parquet', clipped_testing_file_path='Artifacts\\feature_engineering\\data_clipped\\test.parquet', unclipped_training_file_path=None, unclipped_testing_file_path=None)

[2026-03-16 16:43:01,396] 354 root - INFO - Feature Engineering Completed | Total Execution Time: 0.039 min.
[2026-03-16 16:43:01,410] 41 root - INFO - ----------------------------------------------------------------------------------------------------
[2026-03-16 16:43:01,410] 42 root - INFO - END OF: FEATURE ENGINEERING
[2026-03-16 16:43:01,410] 43 root - INFO - ----------------------------------------------------------------------------------------------------



[2026-03-16 16:43:01,410] 37 root - INFO - ----------------------------------------------------------------------------------------------------
[2026-03-16 16:43:01,410] 38 root - INFO - START OF: FEATURE ENGINEERING
[2026-03-16 16:43:01,410] 39 root - INFO - ----------------------------------------------------------------------------------------------------

[2026-03-16 16:43:01,411] 27 root - INFO - FeatureEngineering Class initialization success!
[2026-03-16 16:43:01,411] 251 root - INFO - Feature Engineering For: unclipped dataframes:
[2026-03-16 16:43:01,411] 252 root - INFO - ----------------------------------------------------------------------------------------------------
[2026-03-16 16:43:01,411] 255 root - INFO - Feature engineering pipeline started, given branch name: 'unclipped'
[2026-03-16 16:43:01,526] 267 root - INFO - Reading Artifacts\data_cleaning\data_unclipped\train.parquet data completed.
[2026-03-16 16:43:01,526] 268 root - INFO - Training unclipped data has a shape of: (396077, 10)
[2026-03-16 16:43:01,563] 271 root - INFO - Reading Artifacts\data_cleaning\data_unclipped\test.parquet data completed.
[2026-03-16 16:43:01,563] 272 root - INFO - Testing unclipped data has a shape of: (101730, 10)
[2026-03-16 16:43:01,563] 47 root - INFO - Creating observation dataframe via 'create_observation_df()' method started for 'training:unclipped' df.
[2026-03-16 16:43:01,601] 50 root - INFO - The shape of the training observation dataframe is: (341332, 10).
[2026-03-16 16:43:01,601] 51 root - INFO - The transactions in the training observation window ranges between: 2009-12-01 07:45:00 : 2010-12-23 16:06:00
[2026-03-16 16:43:01,601] 52 root - INFO - Creating observation dataframe via 'create_observation_df()' method for 'training:unclipped' df success.
[2026-03-16 16:43:01,601] 47 root - INFO - Creating observation dataframe via 'create_observation_df()' method started for 'testing:unclipped' df.
[2026-03-16 16:43:01,611] 50 root - INFO - The shape of the testing observation dataframe is: (88052, 10).
[2026-03-16 16:43:01,611] 51 root - INFO - The transactions in the testing observation window ranges between: 2009-12-01 07:45:00 : 2010-12-23 16:06:00
[2026-03-16 16:43:01,611] 52 root - INFO - Creating observation dataframe via 'create_observation_df()' method for 'testing:unclipped' df success.
[2026-03-16 16:43:01,611] 280 root - INFO - --------------------------------------------------
[2026-03-16 16:43:01,611] 75 root - INFO - Creating the product/stockcode level metrics using 'create_stockcode_lvl_metrics()' method.
[2026-03-16 16:43:01,641] 77 root - INFO - There are a total of 4,005 unique products on the given training dataset.
[2026-03-16 16:43:01,701] 87 root - INFO - Creating the product/stockcode level metrics using 'create_stockcode_lvl_metrics()' method success
[2026-03-16 16:43:01,704] 284 root - INFO - --------------------------------------------------
[2026-03-16 16:43:01,704] 114 root - INFO - Creating the customer level risk for the products they buy: 'training:unclipped df'
[2026-03-16 16:43:01,810] 127 root - INFO - Success for creating the customer level risk for the products they buy for 'training:unclipped df'
[2026-03-16 16:43:01,812] 114 root - INFO - Creating the customer level risk for the products they buy: 'testing:unclipped df'
[2026-03-16 16:43:01,868] 127 root - INFO - Success for creating the customer level risk for the products they buy for 'testing:unclipped df'
[2026-03-16 16:43:01,871] 296 root - INFO - --------------------------------------------------
[2026-03-16 16:43:01,871] 156 root - INFO - Creating the customer level aggregated metrics for training:unclipped data.
[2026-03-16 16:43:02,979] 200 root - INFO - Success in creating the customer level aggregated metrics.
[2026-03-16 16:43:02,982] 156 root - INFO - Creating the customer level aggregated metrics for testing:unclipped data.
[2026-03-16 16:43:04,040] 200 root - INFO - Success in creating the customer level aggregated metrics.
[2026-03-16 16:43:04,042] 309 root - INFO - --------------------------------------------------
[2026-03-16 16:43:04,042] 225 root - INFO - Defining the churn label for training:unclipped df.
[2026-03-16 16:43:04,042] 226 root - INFO - The observation window will be until: 2010-12-31 00:00:00.
[2026-03-16 16:43:04,042] 227 root - INFO - The churn window will be from: 2011-01-01 00:00:00 until:   2011-03-31 00:00:00
[2026-03-16 16:43:04,054] 229 root - INFO - The min invoice date in churn df: 2011-01-04 10:00:00 and the max is: 2011-03-30 17:33:00
[2026-03-16 16:43:04,055] 231 root - INFO - There are a total of: 1778 customer IDs who made the transaction in churn window.
[2026-03-16 16:43:04,057] 233 root - INFO - The count for the churn label is:
churn
1    2970
0    1414
Name: count, dtype: int64
[2026-03-16 16:43:04,057] 234 root - INFO - The shape of the finalized df is:(4384, 15)
[2026-03-16 16:43:04,057] 235 root - INFO - Success at defining the churn label for training:unclipped df.
[2026-03-16 16:43:04,058] 225 root - INFO - Defining the churn label for testing:unclipped df.
[2026-03-16 16:43:04,058] 226 root - INFO - The observation window will be until: 2010-12-31 00:00:00.
[2026-03-16 16:43:04,059] 227 root - INFO - The churn window will be from: 2011-01-01 00:00:00 until:   2011-03-31 00:00:00
[2026-03-16 16:43:04,061] 229 root - INFO - The min invoice date in churn df: 2011-01-04 10:00:00 and the max is: 2011-03-30 17:33:00
[2026-03-16 16:43:04,062] 231 root - INFO - There are a total of: 1612 customer IDs who made the transaction in churn window.
[2026-03-16 16:43:04,063] 233 root - INFO - The count for the churn label is:
churn
1    2860
0    1282
Name: count, dtype: int64
[2026-03-16 16:43:04,063] 234 root - INFO - The shape of the finalized df is:(4142, 15)
[2026-03-16 16:43:04,064] 235 root - INFO - Success at defining the churn label for testing:unclipped df.
[2026-03-16 16:43:04,091] 338 root - INFO - Unclipped training data saved to: Artifacts\feature_engineering\data_unclipped\train.parquet
[2026-03-16 16:43:04,091] 339 root - INFO - Unclipped testing data saved to: Artifacts\feature_engineering\data_unclipped\test.parquet
[2026-03-16 16:43:04,091] 353 root - INFO - Feature Engineering Artifacts:
FeatureEngineeringArtifacts(clipped_training_file_path=None, clipped_testing_file_path=None, unclipped_training_file_path='Artifacts\\feature_engineering\\data_unclipped\\train.parquet', unclipped_testing_file_path='Artifacts\\feature_engineering\\data_unclipped\\test.parquet')

[2026-03-16 16:43:04,092] 354 root - INFO - Feature Engineering Completed | Total Execution Time: 0.045 min.
[2026-03-16 16:43:04,107] 41 root - INFO - ----------------------------------------------------------------------------------------------------
[2026-03-16 16:43:04,107] 42 root - INFO - END OF: FEATURE ENGINEERING: UNCLIPPED DATASET
[2026-03-16 16:43:04,107] 43 root - INFO - ----------------------------------------------------------------------------------------------------



