[2026-04-05 20:28:44,216] 14 root - INFO - Reading YAML file from the path: params.yaml
[2026-04-05 20:28:44,217] 37 root - INFO - ----------------------------------------------------------------------------------------------------
[2026-04-05 20:28:44,218] 38 root - INFO - START OF: DATA INGSETION
[2026-04-05 20:28:44,218] 39 root - INFO - ----------------------------------------------------------------------------------------------------

[2026-04-05 20:28:44,220] 122 root - INFO - Data Ingestion Pipeline Started:
[2026-04-05 20:29:54,441] 51 root - INFO - RAW data shape: (1067371, 9) pulled from MongoDB.
[2026-04-05 20:29:54,764] 57 root - INFO - Total number of dropped rows: 243,007 or 22.77% with missing Customer ID
[2026-04-05 20:29:55,154] 68 root - INFO - Cut-off date: 2011-03-31 00:00:00 | Before: 824,364 samples | After: 513,367 samples. 
[2026-04-05 20:29:55,729] 75 root - INFO - Data Import From MongoDB As DataFrame Success | Records: 513,367 & Features: 8
[2026-04-05 20:29:56,368] 93 root - INFO - Dataframe saved as Parquet file in feature store in the path: Artifacts\data_ingestion\feature_store as a backup file.
[2026-04-05 20:29:56,671] 106 root - INFO - Train-test split completed | Training: (410693, 8) (80.0%)  and Test: (102674, 8) (20.0%).
[2026-04-05 20:29:57,286] 111 root - INFO - Exporting train and test data as Parquet completed.
[2026-04-05 20:29:57,351] 137 root - INFO - Data Ingestion Artifacts:
DataIngestionArtifacts(training_file_path='Artifacts\\data_ingestion\\ingested\\train.parquet', test_file_path='Artifacts\\data_ingestion\\ingested\\test.parquet')

[2026-04-05 20:29:57,351] 138 root - INFO - Data Ingestion Completed | Total Execution Time: 1.219 min.
[2026-04-05 20:29:57,528] 41 root - INFO - ----------------------------------------------------------------------------------------------------
[2026-04-05 20:29:57,528] 42 root - INFO - END OF: DATA INGSETION
[2026-04-05 20:29:57,529] 43 root - INFO - ----------------------------------------------------------------------------------------------------



[2026-04-05 20:29:57,529] 37 root - INFO - ----------------------------------------------------------------------------------------------------
[2026-04-05 20:29:57,529] 38 root - INFO - START OF: DATA VALIDATION
[2026-04-05 20:29:57,529] 39 root - INFO - ----------------------------------------------------------------------------------------------------

[2026-04-05 20:29:57,529] 14 root - INFO - Reading YAML file from the path: data_schema\schema.yaml
[2026-04-05 20:29:57,535] 125 root - INFO - Data Validation Pipeline Started:
[2026-04-05 20:29:57,727] 44 root - INFO - Training dataframe: Column length validation success!
[2026-04-05 20:29:57,727] 44 root - INFO - Testing dataframe: Column length validation success!
[2026-04-05 20:29:57,727] 76 root - INFO - 'Training' dataframe: All column data-type validations passed.
[2026-04-05 20:29:57,728] 76 root - INFO - 'Testing' dataframe: All column data-type validations passed.
[2026-04-05 20:29:58,083] 145 root - INFO - Data Validation Artifacts:
DataValidationArtifacts(validation_status=True, valid_train_file_path='Artifacts\\data_validation\\valid\\train.parquet', valid_test_file_path='Artifacts\\data_validation\\valid\\test.parquet', invalid_train_file_path=None, invalid_test_file_path=None, drift_report_file_path=None)

[2026-04-05 20:29:58,083] 146 root - INFO - Data Validation Completed | Total Execution Time: 0.009 min.
[2026-04-05 20:29:58,084] 41 root - INFO - ----------------------------------------------------------------------------------------------------
[2026-04-05 20:29:58,084] 42 root - INFO - END OF: DATA VALIDATION
[2026-04-05 20:29:58,084] 43 root - INFO - ----------------------------------------------------------------------------------------------------



[2026-04-05 20:29:58,084] 37 root - INFO - ----------------------------------------------------------------------------------------------------
[2026-04-05 20:29:58,084] 38 root - INFO - START OF: DATA CLEANING: TRAINING DATA
[2026-04-05 20:29:58,084] 39 root - INFO - ----------------------------------------------------------------------------------------------------

[2026-04-05 20:29:58,084] 14 root - INFO - Reading YAML file from the path: params.yaml
[2026-04-05 20:29:58,085] 28 root - INFO - Data cleaning parameters loaded with success: {'imputation_strategy': 'median', 'capping_quantiles': 0.99}
[2026-04-05 20:29:58,085] 152 root - INFO - Cleaning Training Data Pipeline Started:
[2026-04-05 20:29:58,203] 156 root - INFO - Reading training data success!
[2026-04-05 20:29:58,615] 38 root - INFO - Total number of duplicates in the given training dataframe: 14,611 were dropped.
[2026-04-05 20:29:58,615] 158 root - INFO - Duplicates handled in the training data.
[2026-04-05 20:29:58,666] 88 root - INFO - training dataframe missing value report:
invoice         0
stockcode       0
description     0
quantity        0
invoicedate     0
price          30
customerid      0
country         0
dtype: int64
[2026-04-05 20:29:58,700] 61 root - INFO - SimpleImputer used median as strategy and saved the imputer at: Artifacts\data_cleaning\missing_data_imputer\SimpleImputerForPrice.joblib path.
[2026-04-05 20:29:58,702] 74 root - INFO - Imputer loading Success from Artifacts\data_cleaning\missing_data_imputer\SimpleImputerForPrice.joblib
[2026-04-05 20:29:58,710] 76 root - INFO - Dataframe: training on column Price, imputation success!
[2026-04-05 20:29:59,236] 106 root - INFO - Total number of cancelled orders in training dataframe: 9,515
[2026-04-05 20:29:59,532] 176 root - INFO - Unclipped training data saved for tree models in: Artifacts\data_cleaning\data_unclipped\train.parquet
[2026-04-05 20:29:59,543] 124 root - INFO - Clipping values calculated on training data: {'quantity_abs': 144.0, 'price': 14.95}
[2026-04-05 20:29:59,544] 130 root - INFO - Clipping data from training file saved at: Artifacts\data_cleaning\caps.yaml
[2026-04-05 20:29:59,549] 135 root - INFO - Column: quantity_abs has been clipped by 99th quantile: 144.0
[2026-04-05 20:29:59,554] 135 root - INFO - Column: price has been clipped by 99th quantile: 14.95
[2026-04-05 20:29:59,871] 183 root - INFO - Clipped training data saved for linear models in: Artifacts\data_cleaning\data_clipped\train.parquet
[2026-04-05 20:29:59,871] 196 root - INFO - Data Cleaning Artifacts:
DataCleaningArtifacts(clipped_training_file_path='Artifacts\\data_cleaning\\data_clipped\\train.parquet', clipped_testing_file_path=None, unclipped_training_file_path='Artifacts\\data_cleaning\\data_unclipped\\train.parquet', unclipped_testing_file_path=None, simple_imputer_file_path='Artifacts\\data_cleaning\\missing_data_imputer\\SimpleImputerForPrice.joblib', caps_file_path_yaml='Artifacts\\data_cleaning\\caps.yaml')

[2026-04-05 20:29:59,871] 197 root - INFO - Cleaning Training Data Completed | Total Execution Time: 0.03 min.
[2026-04-05 20:29:59,883] 41 root - INFO - ----------------------------------------------------------------------------------------------------
[2026-04-05 20:29:59,884] 42 root - INFO - END OF: DATA CLEANING: TRAINING DATA
[2026-04-05 20:29:59,884] 43 root - INFO - ----------------------------------------------------------------------------------------------------



[2026-04-05 20:29:59,884] 37 root - INFO - ----------------------------------------------------------------------------------------------------
[2026-04-05 20:29:59,884] 38 root - INFO - START OF: DATA CLEANING: TESTING DATA
[2026-04-05 20:29:59,884] 39 root - INFO - ----------------------------------------------------------------------------------------------------

[2026-04-05 20:29:59,884] 14 root - INFO - Reading YAML file from the path: params.yaml
[2026-04-05 20:29:59,885] 28 root - INFO - Data cleaning parameters loaded with success: {'imputation_strategy': 'median', 'capping_quantiles': 0.99}
[2026-04-05 20:29:59,885] 207 root - INFO - Cleaning Testing Data Pipeline Started:
[2026-04-05 20:29:59,923] 211 root - INFO - Reading testing data success!!
[2026-04-05 20:30:00,033] 38 root - INFO - Total number of duplicates in the given testing dataframe: 968 were dropped.
[2026-04-05 20:30:00,033] 213 root - INFO - Duplicates removed in the testing data.
[2026-04-05 20:30:00,059] 88 root - INFO - testing dataframe missing value report:
invoice        0
stockcode      0
description    0
quantity       0
invoicedate    0
price          9
customerid     0
country        0
dtype: int64
[2026-04-05 20:30:00,059] 74 root - INFO - Imputer loading Success from Artifacts\data_cleaning\missing_data_imputer\SimpleImputerForPrice.joblib
[2026-04-05 20:30:00,062] 76 root - INFO - Dataframe: testing on column Price, imputation success!
[2026-04-05 20:30:00,205] 106 root - INFO - Total number of cancelled orders in testing dataframe: 2,455
[2026-04-05 20:30:00,291] 229 root - INFO - Unclipped test file saved at: Artifacts\data_cleaning\data_unclipped\test.parquet
[2026-04-05 20:30:00,292] 14 root - INFO - Reading YAML file from the path: Artifacts\data_cleaning\caps.yaml
[2026-04-05 20:30:00,296] 141 root - INFO - Column: price has been clipped using 14.95
[2026-04-05 20:30:00,297] 141 root - INFO - Column: quantity_abs has been clipped using 144.0
[2026-04-05 20:30:00,384] 237 root - INFO - Clipped testing data saved at: Artifacts\data_cleaning\data_clipped\test.parquet
[2026-04-05 20:30:00,384] 249 root - INFO - Data Cleaning Artifacts:
DataCleaningArtifacts(clipped_training_file_path=None, clipped_testing_file_path='Artifacts\\data_cleaning\\data_clipped\\test.parquet', unclipped_training_file_path=None, unclipped_testing_file_path='Artifacts\\data_cleaning\\data_unclipped\\test.parquet', simple_imputer_file_path=None, caps_file_path_yaml=None)

[2026-04-05 20:30:00,384] 250 root - INFO - Cleaning Testing Data Completed | Total Execution Time: 0.008 min.
[2026-04-05 20:30:00,387] 41 root - INFO - ----------------------------------------------------------------------------------------------------
[2026-04-05 20:30:00,387] 42 root - INFO - END OF: DATA CLEANING: TESTING DATA
[2026-04-05 20:30:00,387] 43 root - INFO - ----------------------------------------------------------------------------------------------------



[2026-04-05 20:30:00,387] 37 root - INFO - ----------------------------------------------------------------------------------------------------
[2026-04-05 20:30:00,387] 38 root - INFO - START OF: FEATURE ENGINEERING: CLIPPED DATASET
[2026-04-05 20:30:00,387] 39 root - INFO - ----------------------------------------------------------------------------------------------------

[2026-04-05 20:30:00,388] 27 root - INFO - FeatureEngineering Class initialization success!
[2026-04-05 20:30:00,388] 251 root - INFO - Feature Engineering For: clipped dataframes:
[2026-04-05 20:30:00,388] 252 root - INFO - ----------------------------------------------------------------------------------------------------
[2026-04-05 20:30:00,388] 255 root - INFO - Feature engineering pipeline started, given branch name: 'clipped'
[2026-04-05 20:30:00,515] 267 root - INFO - Reading Artifacts\data_cleaning\data_clipped\train.parquet data completed.
[2026-04-05 20:30:00,516] 268 root - INFO - Training clipped data has a shape of: (396082, 12)
[2026-04-05 20:30:00,556] 271 root - INFO - Reading Artifacts\data_cleaning\data_clipped\test.parquet data completed.
[2026-04-05 20:30:00,556] 272 root - INFO - Testing clipped data has a shape of: (101706, 12)
[2026-04-05 20:30:00,556] 47 root - INFO - Creating observation dataframe via 'create_observation_df()' method started for 'training:clipped' df.
[2026-04-05 20:30:00,605] 50 root - INFO - The shape of the training observation dataframe is: (341463, 12).
[2026-04-05 20:30:00,605] 51 root - INFO - The transactions in the training observation window ranges between: 2009-12-01 07:45:00 : 2010-12-23 16:06:00
[2026-04-05 20:30:00,605] 52 root - INFO - Creating observation dataframe via 'create_observation_df()' method for 'training:clipped' df success.
[2026-04-05 20:30:00,605] 47 root - INFO - Creating observation dataframe via 'create_observation_df()' method started for 'testing:clipped' df.
[2026-04-05 20:30:00,617] 50 root - INFO - The shape of the testing observation dataframe is: (87860, 12).
[2026-04-05 20:30:00,618] 51 root - INFO - The transactions in the testing observation window ranges between: 2009-12-01 07:45:00 : 2010-12-23 16:06:00
[2026-04-05 20:30:00,618] 52 root - INFO - Creating observation dataframe via 'create_observation_df()' method for 'testing:clipped' df success.
[2026-04-05 20:30:00,618] 280 root - INFO - --------------------------------------------------
[2026-04-05 20:30:00,618] 75 root - INFO - Creating the product/stockcode level metrics using 'create_stockcode_lvl_metrics()' method.
[2026-04-05 20:30:00,650] 77 root - INFO - There are a total of 4,014 unique products on the given training dataset.
[2026-04-05 20:30:00,711] 87 root - INFO - Creating the product/stockcode level metrics using 'create_stockcode_lvl_metrics()' method success
[2026-04-05 20:30:00,714] 284 root - INFO - --------------------------------------------------
[2026-04-05 20:30:00,714] 114 root - INFO - Creating the customer level risk for the products they buy: 'training:clipped df'
[2026-04-05 20:30:00,812] 127 root - INFO - Success for creating the customer level risk for the products they buy for 'training:clipped df'
[2026-04-05 20:30:00,814] 114 root - INFO - Creating the customer level risk for the products they buy: 'testing:clipped df'
[2026-04-05 20:30:00,850] 127 root - INFO - Success for creating the customer level risk for the products they buy for 'testing:clipped df'
[2026-04-05 20:30:00,851] 296 root - INFO - --------------------------------------------------
[2026-04-05 20:30:00,851] 156 root - INFO - Creating the customer level aggregated metrics for training:clipped data.
[2026-04-05 20:30:01,915] 200 root - INFO - Success in creating the customer level aggregated metrics.
[2026-04-05 20:30:01,919] 156 root - INFO - Creating the customer level aggregated metrics for testing:clipped data.
[2026-04-05 20:30:02,704] 200 root - INFO - Success in creating the customer level aggregated metrics.
[2026-04-05 20:30:02,706] 309 root - INFO - --------------------------------------------------
[2026-04-05 20:30:02,706] 225 root - INFO - Defining the churn label for training:clipped df.
[2026-04-05 20:30:02,706] 226 root - INFO - The observation window will be until: 2010-12-31 00:00:00.
[2026-04-05 20:30:02,706] 227 root - INFO - The churn window will be from: 2011-01-01 00:00:00 until:   2011-03-31 00:00:00
[2026-04-05 20:30:02,718] 229 root - INFO - The min invoice date in churn df: 2011-01-04 10:00:00 and the max is: 2011-03-30 17:33:00
[2026-04-05 20:30:02,719] 231 root - INFO - There are a total of: 1776 customer IDs who made the transaction in churn window.
[2026-04-05 20:30:02,721] 233 root - INFO - The count for the churn label is:
churn
1    2968
0    1416
Name: count, dtype: int64
[2026-04-05 20:30:02,721] 234 root - INFO - The shape of the finalized df is:(4384, 15)
[2026-04-05 20:30:02,721] 235 root - INFO - Success at defining the churn label for training:clipped df.
[2026-04-05 20:30:02,721] 225 root - INFO - Defining the churn label for testing:clipped df.
[2026-04-05 20:30:02,722] 226 root - INFO - The observation window will be until: 2010-12-31 00:00:00.
[2026-04-05 20:30:02,722] 227 root - INFO - The churn window will be from: 2011-01-01 00:00:00 until:   2011-03-31 00:00:00
[2026-04-05 20:30:02,725] 229 root - INFO - The min invoice date in churn df: 2011-01-04 10:00:00 and the max is: 2011-03-30 17:33:00
[2026-04-05 20:30:02,726] 231 root - INFO - There are a total of: 1620 customer IDs who made the transaction in churn window.
[2026-04-05 20:30:02,728] 233 root - INFO - The count for the churn label is:
churn
1    2839
0    1277
Name: count, dtype: int64
[2026-04-05 20:30:02,728] 234 root - INFO - The shape of the finalized df is:(4116, 15)
[2026-04-05 20:30:02,728] 235 root - INFO - Success at defining the churn label for testing:clipped df.
[2026-04-05 20:30:02,756] 331 root - INFO - Clipped training data saved to: Artifacts\feature_engineering\data_clipped\train.parquet
[2026-04-05 20:30:02,756] 332 root - INFO - Clipped testing data saved to: Artifacts\feature_engineering\data_clipped\test.parquet
[2026-04-05 20:30:02,756] 353 root - INFO - Feature Engineering Artifacts:
FeatureEngineeringArtifacts(clipped_training_file_path='Artifacts\\feature_engineering\\data_clipped\\train.parquet', clipped_testing_file_path='Artifacts\\feature_engineering\\data_clipped\\test.parquet', unclipped_training_file_path=None, unclipped_testing_file_path=None)

[2026-04-05 20:30:02,756] 354 root - INFO - Feature Engineering Completed | Total Execution Time: 0.039 min.
[2026-04-05 20:30:02,769] 41 root - INFO - ----------------------------------------------------------------------------------------------------
[2026-04-05 20:30:02,769] 42 root - INFO - END OF: FEATURE ENGINEERING
[2026-04-05 20:30:02,769] 43 root - INFO - ----------------------------------------------------------------------------------------------------



[2026-04-05 20:30:02,769] 37 root - INFO - ----------------------------------------------------------------------------------------------------
[2026-04-05 20:30:02,769] 38 root - INFO - START OF: FEATURE ENGINEERING
[2026-04-05 20:30:02,769] 39 root - INFO - ----------------------------------------------------------------------------------------------------

[2026-04-05 20:30:02,770] 27 root - INFO - FeatureEngineering Class initialization success!
[2026-04-05 20:30:02,770] 251 root - INFO - Feature Engineering For: unclipped dataframes:
[2026-04-05 20:30:02,770] 252 root - INFO - ----------------------------------------------------------------------------------------------------
[2026-04-05 20:30:02,770] 255 root - INFO - Feature engineering pipeline started, given branch name: 'unclipped'
[2026-04-05 20:30:02,884] 267 root - INFO - Reading Artifacts\data_cleaning\data_unclipped\train.parquet data completed.
[2026-04-05 20:30:02,884] 268 root - INFO - Training unclipped data has a shape of: (396082, 10)
[2026-04-05 20:30:02,921] 271 root - INFO - Reading Artifacts\data_cleaning\data_unclipped\test.parquet data completed.
[2026-04-05 20:30:02,921] 272 root - INFO - Testing unclipped data has a shape of: (101706, 10)
[2026-04-05 20:30:02,921] 47 root - INFO - Creating observation dataframe via 'create_observation_df()' method started for 'training:unclipped' df.
[2026-04-05 20:30:02,957] 50 root - INFO - The shape of the training observation dataframe is: (341463, 10).
[2026-04-05 20:30:02,957] 51 root - INFO - The transactions in the training observation window ranges between: 2009-12-01 07:45:00 : 2010-12-23 16:06:00
[2026-04-05 20:30:02,957] 52 root - INFO - Creating observation dataframe via 'create_observation_df()' method for 'training:unclipped' df success.
[2026-04-05 20:30:02,957] 47 root - INFO - Creating observation dataframe via 'create_observation_df()' method started for 'testing:unclipped' df.
[2026-04-05 20:30:02,968] 50 root - INFO - The shape of the testing observation dataframe is: (87860, 10).
[2026-04-05 20:30:02,968] 51 root - INFO - The transactions in the testing observation window ranges between: 2009-12-01 07:45:00 : 2010-12-23 16:06:00
[2026-04-05 20:30:02,968] 52 root - INFO - Creating observation dataframe via 'create_observation_df()' method for 'testing:unclipped' df success.
[2026-04-05 20:30:02,968] 280 root - INFO - --------------------------------------------------
[2026-04-05 20:30:02,968] 75 root - INFO - Creating the product/stockcode level metrics using 'create_stockcode_lvl_metrics()' method.
[2026-04-05 20:30:02,994] 77 root - INFO - There are a total of 4,014 unique products on the given training dataset.
[2026-04-05 20:30:03,051] 87 root - INFO - Creating the product/stockcode level metrics using 'create_stockcode_lvl_metrics()' method success
[2026-04-05 20:30:03,053] 284 root - INFO - --------------------------------------------------
[2026-04-05 20:30:03,053] 114 root - INFO - Creating the customer level risk for the products they buy: 'training:unclipped df'
[2026-04-05 20:30:03,148] 127 root - INFO - Success for creating the customer level risk for the products they buy for 'training:unclipped df'
[2026-04-05 20:30:03,150] 114 root - INFO - Creating the customer level risk for the products they buy: 'testing:unclipped df'
[2026-04-05 20:30:03,186] 127 root - INFO - Success for creating the customer level risk for the products they buy for 'testing:unclipped df'
[2026-04-05 20:30:03,187] 296 root - INFO - --------------------------------------------------
[2026-04-05 20:30:03,187] 156 root - INFO - Creating the customer level aggregated metrics for training:unclipped data.
[2026-04-05 20:30:04,204] 200 root - INFO - Success in creating the customer level aggregated metrics.
[2026-04-05 20:30:04,207] 156 root - INFO - Creating the customer level aggregated metrics for testing:unclipped data.
[2026-04-05 20:30:05,005] 200 root - INFO - Success in creating the customer level aggregated metrics.
[2026-04-05 20:30:05,006] 309 root - INFO - --------------------------------------------------
[2026-04-05 20:30:05,006] 225 root - INFO - Defining the churn label for training:unclipped df.
[2026-04-05 20:30:05,006] 226 root - INFO - The observation window will be until: 2010-12-31 00:00:00.
[2026-04-05 20:30:05,006] 227 root - INFO - The churn window will be from: 2011-01-01 00:00:00 until:   2011-03-31 00:00:00
[2026-04-05 20:30:05,016] 229 root - INFO - The min invoice date in churn df: 2011-01-04 10:00:00 and the max is: 2011-03-30 17:33:00
[2026-04-05 20:30:05,018] 231 root - INFO - There are a total of: 1776 customer IDs who made the transaction in churn window.
[2026-04-05 20:30:05,019] 233 root - INFO - The count for the churn label is:
churn
1    2968
0    1416
Name: count, dtype: int64
[2026-04-05 20:30:05,019] 234 root - INFO - The shape of the finalized df is:(4384, 15)
[2026-04-05 20:30:05,019] 235 root - INFO - Success at defining the churn label for training:unclipped df.
[2026-04-05 20:30:05,020] 225 root - INFO - Defining the churn label for testing:unclipped df.
[2026-04-05 20:30:05,020] 226 root - INFO - The observation window will be until: 2010-12-31 00:00:00.
[2026-04-05 20:30:05,020] 227 root - INFO - The churn window will be from: 2011-01-01 00:00:00 until:   2011-03-31 00:00:00
[2026-04-05 20:30:05,023] 229 root - INFO - The min invoice date in churn df: 2011-01-04 10:00:00 and the max is: 2011-03-30 17:33:00
[2026-04-05 20:30:05,024] 231 root - INFO - There are a total of: 1620 customer IDs who made the transaction in churn window.
[2026-04-05 20:30:05,025] 233 root - INFO - The count for the churn label is:
churn
1    2839
0    1277
Name: count, dtype: int64
[2026-04-05 20:30:05,025] 234 root - INFO - The shape of the finalized df is:(4116, 15)
[2026-04-05 20:30:05,025] 235 root - INFO - Success at defining the churn label for testing:unclipped df.
[2026-04-05 20:30:05,054] 338 root - INFO - Unclipped training data saved to: Artifacts\feature_engineering\data_unclipped\train.parquet
[2026-04-05 20:30:05,054] 339 root - INFO - Unclipped testing data saved to: Artifacts\feature_engineering\data_unclipped\test.parquet
[2026-04-05 20:30:05,055] 353 root - INFO - Feature Engineering Artifacts:
FeatureEngineeringArtifacts(clipped_training_file_path=None, clipped_testing_file_path=None, unclipped_training_file_path='Artifacts\\feature_engineering\\data_unclipped\\train.parquet', unclipped_testing_file_path='Artifacts\\feature_engineering\\data_unclipped\\test.parquet')

[2026-04-05 20:30:05,055] 354 root - INFO - Feature Engineering Completed | Total Execution Time: 0.038 min.
[2026-04-05 20:30:05,068] 41 root - INFO - ----------------------------------------------------------------------------------------------------
[2026-04-05 20:30:05,068] 42 root - INFO - END OF: FEATURE ENGINEERING: UNCLIPPED DATASET
[2026-04-05 20:30:05,068] 43 root - INFO - ----------------------------------------------------------------------------------------------------



[2026-04-05 20:30:05,068] 37 root - INFO - ----------------------------------------------------------------------------------------------------
[2026-04-05 20:30:05,068] 38 root - INFO - START OF: CREATING PRE-PROCESSOR
[2026-04-05 20:30:05,068] 39 root - INFO - ----------------------------------------------------------------------------------------------------

[2026-04-05 20:30:05,068] 22 root - INFO - Data Pre-Processing Class Initialization Success!
[2026-04-05 20:30:05,068] 109 root - INFO - Pre-Processor Pipeline Trigerred.
[2026-04-05 20:30:05,068] 31 root - INFO - Concatenating the final dataset.
[2026-04-05 20:30:05,090] 36 root - INFO - Concatenation completed. Final data size: (8500, 15)
[2026-04-05 20:30:05,090] 111 root - INFO - Pre-processor created on the full data size of: (8500, 15)
