[2026-03-14 11:18:32,281] 14 root - INFO - Reading YAML file from the path: params.yaml
[2026-03-14 11:18:32,282] 37 root - INFO - ----------------------------------------------------------------------------------------------------
[2026-03-14 11:18:32,282] 38 root - INFO - START OF: DATA INGSETION
[2026-03-14 11:18:32,282] 39 root - INFO - ----------------------------------------------------------------------------------------------------

[2026-03-14 11:18:32,284] 122 root - INFO - Data Ingestion Pipeline Started:
[2026-03-14 11:19:22,892] 51 root - INFO - RAW data shape: (1067371, 9) pulled from MongoDB.
[2026-03-14 11:19:23,212] 57 root - INFO - Total number of dropped rows: 243,007 or 22.77% with missing Customer ID
[2026-03-14 11:19:23,993] 68 root - INFO - Cut-off date: 2011-03-31 00:00:00 | Before: 824,364 samples | After: 513,367 samples. 
[2026-03-14 11:19:24,668] 75 root - INFO - Data Import From MongoDB As DataFrame Success | Records: 513,367 & Features: 8
[2026-03-14 11:19:25,377] 93 root - INFO - Dataframe saved as Parquet file in feature store in the path: Artifacts\data_ingestion\feature_store as a backup file.
[2026-03-14 11:19:25,748] 106 root - INFO - Train-test split completed | Training: (410693, 8) (80.0%)  and Test: (102674, 8) (20.0%).
[2026-03-14 11:19:26,548] 111 root - INFO - Exporting train and test data as Parquet completed.
[2026-03-14 11:19:26,625] 137 root - INFO - Data Ingestion Artifacts:
DataIngestionArtifacts(training_file_path='Artifacts\\data_ingestion\\ingested\\train.parquet', test_file_path='Artifacts\\data_ingestion\\ingested\\test.parquet')

[2026-03-14 11:19:26,626] 138 root - INFO - Data Ingestion Completed | Total Execution Time: 0.906 min.
[2026-03-14 11:19:26,812] 41 root - INFO - ----------------------------------------------------------------------------------------------------
[2026-03-14 11:19:26,812] 42 root - INFO - END OF: DATA INGSETION
[2026-03-14 11:19:26,812] 43 root - INFO - ----------------------------------------------------------------------------------------------------



[2026-03-14 11:19:26,812] 37 root - INFO - ----------------------------------------------------------------------------------------------------
[2026-03-14 11:19:26,812] 38 root - INFO - START OF: DATA VALIDATION
[2026-03-14 11:19:26,812] 39 root - INFO - ----------------------------------------------------------------------------------------------------

[2026-03-14 11:19:26,812] 14 root - INFO - Reading YAML file from the path: data_schema\schema.yaml
[2026-03-14 11:19:26,815] 113 root - INFO - Data Validation Pipeline Started:
[2026-03-14 11:19:27,072] 44 root - INFO - Training dataframe: Column length validation success!
[2026-03-14 11:19:27,072] 44 root - INFO - Testing dataframe: Column length validation success!
[2026-03-14 11:19:27,072] 65 root - INFO - Training dataframe: Data types validation success!
[2026-03-14 11:19:27,072] 65 root - INFO - Testing dataframe: Data types validation success!
[2026-03-14 11:19:27,515] 133 root - INFO - Data Validation Artifacts:
DataValidationArtifacts(validation_status=True, valid_train_file_path='Artifacts\\data_validation\\valid\\train.parquet', valid_test_file_path='Artifacts\\data_validation\\valid\\test.parquet', invalid_train_file_path=None, invalid_test_file_path=None, drift_report_file_path=None)

[2026-03-14 11:19:27,515] 134 root - INFO - Data Validation Completed | Total Execution Time: 0.012 min.
[2026-03-14 11:19:27,516] 41 root - INFO - ----------------------------------------------------------------------------------------------------
[2026-03-14 11:19:27,516] 42 root - INFO - END OF: DATA VALIDATION
[2026-03-14 11:19:27,516] 43 root - INFO - ----------------------------------------------------------------------------------------------------



[2026-03-14 11:19:27,516] 37 root - INFO - ----------------------------------------------------------------------------------------------------
[2026-03-14 11:19:27,516] 38 root - INFO - START OF: DATA CLEANING: TRAINING DATA
[2026-03-14 11:19:27,516] 39 root - INFO - ----------------------------------------------------------------------------------------------------

[2026-03-14 11:19:27,516] 14 root - INFO - Reading YAML file from the path: params.yaml
[2026-03-14 11:19:27,517] 28 root - INFO - Data cleaning parameters loaded with success: {'imputation_strategy': 'median', 'capping_quantiles': 0.99}
[2026-03-14 11:19:27,517] 152 root - INFO - Cleaning Training Data Pipeline Started:
[2026-03-14 11:19:27,678] 156 root - INFO - Reading training data success!
[2026-03-14 11:19:28,264] 38 root - INFO - Total number of duplicates in the given training dataframe: 14,536 were dropped.
[2026-03-14 11:19:28,264] 158 root - INFO - Duplicates handled in the training data.
[2026-03-14 11:19:28,350] 88 root - INFO - training dataframe missing value report:
invoice         0
stockcode       0
description     0
quantity        0
invoicedate     0
price          28
customerid      0
country         0
dtype: int64
[2026-03-14 11:19:28,406] 61 root - INFO - SimpleImputer used median as strategy and saved the imputer at: Artifacts\data_cleaning\missing_data_imputer\SimpleImputerForPrice.joblib path.
[2026-03-14 11:19:28,408] 74 root - INFO - Imputer loading Success from Artifacts\data_cleaning\missing_data_imputer\SimpleImputerForPrice.joblib
[2026-03-14 11:19:28,420] 76 root - INFO - Dataframe: training on column Price, imputation success!
[2026-03-14 11:19:29,036] 106 root - INFO - Total number of cancelled orders in training dataframe: 9,627
[2026-03-14 11:19:29,493] 176 root - INFO - Unclipped training data saved for tree models in: Artifacts\data_cleaning\data_unclipped\train.parquet
[2026-03-14 11:19:29,504] 124 root - INFO - Clipping values calculated on training data: {'quantity_abs': 144.0, 'price': 14.95}
[2026-03-14 11:19:29,505] 130 root - INFO - Clipping data from training file saved at: Artifacts\data_cleaning\caps.yaml
[2026-03-14 11:19:29,508] 135 root - INFO - Column: quantity_abs has been clipped by 99th quantile: 144.0
[2026-03-14 11:19:29,512] 135 root - INFO - Column: price has been clipped by 99th quantile: 14.95
[2026-03-14 11:19:29,898] 183 root - INFO - Clipped training data saved for linear models in: Artifacts\data_cleaning\data_clipped\train.parquet
[2026-03-14 11:19:29,899] 196 root - INFO - Data Cleaning Artifacts:
DataCleaningArtifacts(clipped_training_file_path='Artifacts\\data_cleaning\\data_clipped\\train.parquet', clipped_testing_file_path=None, unclipped_training_file_path='Artifacts\\data_cleaning\\data_unclipped\\train.parquet', unclipped_testing_file_path=None, simple_imputer_file_path='Artifacts\\data_cleaning\\missing_data_imputer\\SimpleImputerForPrice.joblib', caps_file_path_yaml='Artifacts\\data_cleaning\\caps.yaml')

[2026-03-14 11:19:29,899] 197 root - INFO - Cleaning Training Data Completed | Total Execution Time: 0.04 min.
[2026-03-14 11:19:29,924] 41 root - INFO - ----------------------------------------------------------------------------------------------------
[2026-03-14 11:19:29,924] 42 root - INFO - END OF: DATA CLEANING: TRAINING DATA
[2026-03-14 11:19:29,924] 43 root - INFO - ----------------------------------------------------------------------------------------------------



[2026-03-14 11:19:29,924] 37 root - INFO - ----------------------------------------------------------------------------------------------------
[2026-03-14 11:19:29,924] 38 root - INFO - START OF: DATA CLEANING: TESTING DATA
[2026-03-14 11:19:29,924] 39 root - INFO - ----------------------------------------------------------------------------------------------------

[2026-03-14 11:19:29,924] 14 root - INFO - Reading YAML file from the path: params.yaml
[2026-03-14 11:19:29,925] 28 root - INFO - Data cleaning parameters loaded with success: {'imputation_strategy': 'median', 'capping_quantiles': 0.99}
[2026-03-14 11:19:29,925] 207 root - INFO - Cleaning Testing Data Pipeline Started:
[2026-03-14 11:19:29,978] 211 root - INFO - Reading testing data success!!
[2026-03-14 11:19:30,114] 38 root - INFO - Total number of duplicates in the given testing dataframe: 955 were dropped.
[2026-03-14 11:19:30,115] 213 root - INFO - Duplicates removed in the testing data.
[2026-03-14 11:19:30,133] 88 root - INFO - testing dataframe missing value report:
invoice         0
stockcode       0
description     0
quantity        0
invoicedate     0
price          12
customerid      0
country         0
dtype: int64
[2026-03-14 11:19:30,133] 74 root - INFO - Imputer loading Success from Artifacts\data_cleaning\missing_data_imputer\SimpleImputerForPrice.joblib
[2026-03-14 11:19:30,136] 76 root - INFO - Dataframe: testing on column Price, imputation success!
[2026-03-14 11:19:30,300] 106 root - INFO - Total number of cancelled orders in testing dataframe: 2,353
[2026-03-14 11:19:30,411] 229 root - INFO - Unclipped test file saved at: Artifacts\data_cleaning\data_unclipped\test.parquet
[2026-03-14 11:19:30,412] 14 root - INFO - Reading YAML file from the path: Artifacts\data_cleaning\caps.yaml
[2026-03-14 11:19:30,415] 141 root - INFO - Column: price has been clipped using 14.95
[2026-03-14 11:19:30,417] 141 root - INFO - Column: quantity_abs has been clipped using 144.0
[2026-03-14 11:19:30,525] 237 root - INFO - Clipped testing data saved at: Artifacts\data_cleaning\data_clipped\test.parquet
[2026-03-14 11:19:30,525] 249 root - INFO - Data Cleaning Artifacts:
DataCleaningArtifacts(clipped_training_file_path=None, clipped_testing_file_path='Artifacts\\data_cleaning\\data_clipped\\test.parquet', unclipped_training_file_path=None, unclipped_testing_file_path='Artifacts\\data_cleaning\\data_unclipped\\test.parquet', simple_imputer_file_path=None, caps_file_path_yaml=None)

[2026-03-14 11:19:30,525] 250 root - INFO - Cleaning Testing Data Completed | Total Execution Time: 0.01 min.
[2026-03-14 11:19:30,535] 41 root - INFO - ----------------------------------------------------------------------------------------------------
[2026-03-14 11:19:30,535] 42 root - INFO - END OF: DATA CLEANING: TESTING DATA
[2026-03-14 11:19:30,535] 43 root - INFO - ----------------------------------------------------------------------------------------------------



[2026-03-14 11:19:30,535] 37 root - INFO - ----------------------------------------------------------------------------------------------------
[2026-03-14 11:19:30,535] 38 root - INFO - START OF: FEATURE ENGINEERING
[2026-03-14 11:19:30,535] 39 root - INFO - ----------------------------------------------------------------------------------------------------

[2026-03-14 11:19:30,536] 27 root - INFO - FeatureEngineering Class initialization success!
[2026-03-14 11:19:30,536] 258 root - INFO - Feature engineering pipeline started, given branch name: 'clipped'
[2026-03-14 11:19:30,720] 270 root - INFO - Reading Artifacts\data_cleaning\data_clipped\train.parquet data completed.
[2026-03-14 11:19:30,720] 271 root - INFO - Training clipped data has a shape of: (396157, 12)
[2026-03-14 11:19:30,777] 274 root - INFO - Reading Artifacts\data_cleaning\data_clipped\test.parquet data completed.
[2026-03-14 11:19:30,777] 275 root - INFO - Testing clipped data has a shape of: (101719, 12)
[2026-03-14 11:19:30,777] 47 root - INFO - Creating observation dataframe via 'create_observation_df()' method started for training:clipped df.
[2026-03-14 11:19:30,831] 50 root - INFO - The shape of the training observation dataframe is: (341389, 12).
[2026-03-14 11:19:30,832] 51 root - INFO - The transactions in the training observation window ranges between: 2009-12-01 07:45:00 : 2010-12-23 16:06:00
[2026-03-14 11:19:30,832] 52 root - INFO - Creating observation dataframe via 'create_observation_df()' method success.
[2026-03-14 11:19:30,832] 53 root - INFO - --------------------------------------------------
[2026-03-14 11:19:30,832] 47 root - INFO - Creating observation dataframe via 'create_observation_df()' method started for testing:clipped df.
[2026-03-14 11:19:30,847] 50 root - INFO - The shape of the testing observation dataframe is: (88030, 12).
[2026-03-14 11:19:30,847] 51 root - INFO - The transactions in the testing observation window ranges between: 2009-12-01 07:45:00 : 2010-12-23 16:06:00
[2026-03-14 11:19:30,847] 52 root - INFO - Creating observation dataframe via 'create_observation_df()' method success.
[2026-03-14 11:19:30,847] 53 root - INFO - --------------------------------------------------
[2026-03-14 11:19:30,847] 76 root - INFO - Creating the product/stockcode level metrics using 'create_stockcode_lvl_metrics()' method.
[2026-03-14 11:19:30,875] 78 root - INFO - There are a total of 4,005 unique products on the given training dataset.
[2026-03-14 11:19:30,936] 88 root - INFO - Creating the product/stockcode level metrics using 'create_stockcode_lvl_metrics()' method success
[2026-03-14 11:19:30,936] 89 root - INFO - --------------------------------------------------
[2026-03-14 11:19:30,938] 116 root - INFO - Creating the customer level risk for the products they buy: training:clipped
[2026-03-14 11:19:31,149] 129 root - INFO - Success for creating the customer level risk for the products they buy.
[2026-03-14 11:19:31,149] 130 root - INFO - --------------------------------------------------
[2026-03-14 11:19:31,159] 116 root - INFO - Creating the customer level risk for the products they buy: testing:clipped
[2026-03-14 11:19:31,225] 129 root - INFO - Success for creating the customer level risk for the products they buy.
[2026-03-14 11:19:31,225] 130 root - INFO - --------------------------------------------------
[2026-03-14 11:19:31,228] 159 root - INFO - Creating the customer level aggregated metrics for training:clipped data.
[2026-03-14 11:19:32,651] 203 root - INFO - Success in creating the customer level aggregated metrics.
[2026-03-14 11:19:32,651] 204 root - INFO - --------------------------------------------------
[2026-03-14 11:19:32,658] 159 root - INFO - Creating the customer level aggregated metrics for testing:clipped data.
[2026-03-14 11:19:33,717] 203 root - INFO - Success in creating the customer level aggregated metrics.
[2026-03-14 11:19:33,718] 204 root - INFO - --------------------------------------------------
