[2026-04-24 15:49:22,370] 14 root - INFO - Reading YAML file from the path: params.yaml
[2026-04-24 15:49:22,373] 37 root - INFO - ----------------------------------------------------------------------------------------------------
[2026-04-24 15:49:22,373] 38 root - INFO - START OF: DATA INGSETION
[2026-04-24 15:49:22,373] 39 root - INFO - ----------------------------------------------------------------------------------------------------

[2026-04-24 15:49:22,377] 122 root - INFO - Data Ingestion Pipeline Started:
[2026-04-24 15:50:14,078] 51 root - INFO - RAW data shape: (1067371, 9) pulled from MongoDB.
[2026-04-24 15:50:14,393] 57 root - INFO - Total number of dropped rows: 243,007 or 22.77% with missing Customer ID
[2026-04-24 15:50:14,807] 68 root - INFO - Cut-off date: 2011-03-31 00:00:00 | Before: 824,364 samples | After: 513,367 samples. 
[2026-04-24 15:50:15,344] 75 root - INFO - Data Import From MongoDB As DataFrame Success | Records: 513,367 & Features: 8
[2026-04-24 15:50:15,946] 93 root - INFO - Dataframe saved as Parquet file in feature store in the path: Artifacts\data_ingestion\feature_store as a backup file.
[2026-04-24 15:50:16,248] 106 root - INFO - Train-test split completed | Training: (410693, 8) (80.0%)  and Test: (102674, 8) (20.0%).
[2026-04-24 15:50:16,860] 111 root - INFO - Exporting train and test data as Parquet completed.
[2026-04-24 15:50:16,929] 137 root - INFO - Data Ingestion Artifacts:
DataIngestionArtifacts(training_file_path='Artifacts\\data_ingestion\\ingested\\train.parquet', test_file_path='Artifacts\\data_ingestion\\ingested\\test.parquet')

[2026-04-24 15:50:16,929] 138 root - INFO - Data Ingestion Completed | Total Execution Time: 0.909 min.
[2026-04-24 15:50:17,113] 41 root - INFO - ----------------------------------------------------------------------------------------------------
[2026-04-24 15:50:17,113] 42 root - INFO - END OF: DATA INGSETION
[2026-04-24 15:50:17,113] 43 root - INFO - ----------------------------------------------------------------------------------------------------



[2026-04-24 15:50:17,113] 37 root - INFO - ----------------------------------------------------------------------------------------------------
[2026-04-24 15:50:17,113] 38 root - INFO - START OF: DATA VALIDATION
[2026-04-24 15:50:17,113] 39 root - INFO - ----------------------------------------------------------------------------------------------------

[2026-04-24 15:50:17,114] 14 root - INFO - Reading YAML file from the path: data_schema\schema.yaml
[2026-04-24 15:50:17,117] 162 root - INFO - Data Validation Pipeline Started:
[2026-04-24 15:50:17,302] 44 root - INFO - Training dataframe: Column length validation success!
[2026-04-24 15:50:17,302] 44 root - INFO - Testing dataframe: Column length validation success!
[2026-04-24 15:50:17,302] 76 root - INFO - 'Training' dataframe: All column data-type validations passed.
[2026-04-24 15:50:17,302] 76 root - INFO - 'Testing' dataframe: All column data-type validations passed.
[2026-04-24 15:50:18,433] 26 root - INFO - Writing the YAML file in the given path: Artifacts\data_validation\drift_report\report.yaml
[2026-04-24 15:50:18,436] 116 root - WARNING - Data drift detected in columns: ['country']
[2026-04-24 15:50:18,784] 186 root - INFO - Data Validation Artifacts:
DataValidationArtifacts(validation_status=True, valid_train_file_path='Artifacts\\data_validation\\valid\\train.parquet', valid_test_file_path='Artifacts\\data_validation\\valid\\test.parquet', invalid_train_file_path=None, invalid_test_file_path=None, drift_report_file_path='Artifacts\\data_validation\\drift_report\\report.yaml')

[2026-04-24 15:50:18,784] 187 root - INFO - Data Validation Completed | Total Execution Time: 0.028 min.
[2026-04-24 15:50:18,784] 41 root - INFO - ----------------------------------------------------------------------------------------------------
[2026-04-24 15:50:18,785] 42 root - INFO - END OF: DATA VALIDATION
[2026-04-24 15:50:18,785] 43 root - INFO - ----------------------------------------------------------------------------------------------------



[2026-04-24 15:50:18,785] 37 root - INFO - ----------------------------------------------------------------------------------------------------
[2026-04-24 15:50:18,785] 38 root - INFO - START OF: DATA CLEANING: TRAINING DATA
[2026-04-24 15:50:18,785] 39 root - INFO - ----------------------------------------------------------------------------------------------------

[2026-04-24 15:50:18,785] 14 root - INFO - Reading YAML file from the path: params.yaml
[2026-04-24 15:50:18,787] 27 root - INFO - Data cleaning parameters loaded with success: {'imputation_strategy': 'median', 'capping_quantiles': 0.99}
[2026-04-24 15:50:18,787] 151 root - INFO - Cleaning Training Data Pipeline Started:
[2026-04-24 15:50:18,922] 155 root - INFO - Reading training data success!
[2026-04-24 15:50:19,334] 37 root - INFO - Total number of duplicates in the given training dataframe: 14,577 were dropped.
[2026-04-24 15:50:19,334] 157 root - INFO - Duplicates handled in the training data.
[2026-04-24 15:50:19,403] 87 root - INFO - training dataframe missing value report:
invoice         0
stockcode       0
description     0
quantity        0
invoicedate     0
price          33
customerid      0
country         0
dtype: int64
[2026-04-24 15:50:19,440] 60 root - INFO - SimpleImputer used median as strategy and saved the imputer at: Artifacts\data_cleaning\missing_data_imputer\SimpleImputerForPrice.joblib path.
[2026-04-24 15:50:19,442] 73 root - INFO - Imputer loading Success from Artifacts\data_cleaning\missing_data_imputer\SimpleImputerForPrice.joblib
[2026-04-24 15:50:19,451] 75 root - INFO - Dataframe: training on column Price, imputation success!
[2026-04-24 15:50:21,534] 105 root - INFO - Total number of cancelled orders in training dataframe: 9,504
[2026-04-24 15:50:21,822] 175 root - INFO - Unclipped training data saved for tree models in: Artifacts\data_cleaning\data_unclipped\train.parquet
[2026-04-24 15:50:21,830] 123 root - INFO - Clipping values calculated on training data: {'quantity_abs': 144.0, 'price': 14.95}
[2026-04-24 15:50:21,831] 129 root - INFO - Clipping data from training file saved at: Artifacts\data_cleaning\caps.yaml
[2026-04-24 15:50:21,834] 134 root - INFO - Column: quantity_abs has been clipped by 99th quantile: 144.0
[2026-04-24 15:50:21,838] 134 root - INFO - Column: price has been clipped by 99th quantile: 14.95
[2026-04-24 15:50:22,132] 182 root - INFO - Clipped training data saved for linear models in: Artifacts\data_cleaning\data_clipped\train.parquet
[2026-04-24 15:50:22,132] 195 root - INFO - Data Cleaning Artifacts:
DataCleaningArtifacts(clipped_training_file_path='Artifacts\\data_cleaning\\data_clipped\\train.parquet', clipped_testing_file_path=None, unclipped_training_file_path='Artifacts\\data_cleaning\\data_unclipped\\train.parquet', unclipped_testing_file_path=None, simple_imputer_file_path='Artifacts\\data_cleaning\\missing_data_imputer\\SimpleImputerForPrice.joblib', caps_file_path_yaml='Artifacts\\data_cleaning\\caps.yaml')

[2026-04-24 15:50:22,132] 196 root - INFO - Cleaning Training Data Completed | Total Execution Time: 0.056 min.
[2026-04-24 15:50:22,143] 41 root - INFO - ----------------------------------------------------------------------------------------------------
[2026-04-24 15:50:22,143] 42 root - INFO - END OF: DATA CLEANING: TRAINING DATA
[2026-04-24 15:50:22,143] 43 root - INFO - ----------------------------------------------------------------------------------------------------



[2026-04-24 15:50:22,143] 37 root - INFO - ----------------------------------------------------------------------------------------------------
[2026-04-24 15:50:22,144] 38 root - INFO - START OF: DATA CLEANING: TESTING DATA
[2026-04-24 15:50:22,144] 39 root - INFO - ----------------------------------------------------------------------------------------------------

[2026-04-24 15:50:22,144] 14 root - INFO - Reading YAML file from the path: params.yaml
[2026-04-24 15:50:22,146] 27 root - INFO - Data cleaning parameters loaded with success: {'imputation_strategy': 'median', 'capping_quantiles': 0.99}
[2026-04-24 15:50:22,146] 206 root - INFO - Cleaning Testing Data Pipeline Started:
[2026-04-24 15:50:22,198] 210 root - INFO - Reading testing data success!!
[2026-04-24 15:50:22,308] 37 root - INFO - Total number of duplicates in the given testing dataframe: 972 were dropped.
[2026-04-24 15:50:22,309] 212 root - INFO - Duplicates removed in the testing data.
[2026-04-24 15:50:22,325] 87 root - INFO - testing dataframe missing value report:
invoice        0
stockcode      0
description    0
quantity       0
invoicedate    0
price          6
customerid     0
country        0
dtype: int64
[2026-04-24 15:50:22,326] 73 root - INFO - Imputer loading Success from Artifacts\data_cleaning\missing_data_imputer\SimpleImputerForPrice.joblib
[2026-04-24 15:50:22,329] 75 root - INFO - Dataframe: testing on column Price, imputation success!
[2026-04-24 15:50:23,010] 105 root - INFO - Total number of cancelled orders in testing dataframe: 2,472
[2026-04-24 15:50:23,104] 228 root - INFO - Unclipped test file saved at: Artifacts\data_cleaning\data_unclipped\test.parquet
[2026-04-24 15:50:23,105] 14 root - INFO - Reading YAML file from the path: Artifacts\data_cleaning\caps.yaml
[2026-04-24 15:50:23,108] 140 root - INFO - Column: price has been clipped using 14.95
[2026-04-24 15:50:23,109] 140 root - INFO - Column: quantity_abs has been clipped using 144.0
[2026-04-24 15:50:23,214] 236 root - INFO - Clipped testing data saved at: Artifacts\data_cleaning\data_clipped\test.parquet
[2026-04-24 15:50:23,214] 248 root - INFO - Data Cleaning Artifacts:
DataCleaningArtifacts(clipped_training_file_path=None, clipped_testing_file_path='Artifacts\\data_cleaning\\data_clipped\\test.parquet', unclipped_training_file_path=None, unclipped_testing_file_path='Artifacts\\data_cleaning\\data_unclipped\\test.parquet', simple_imputer_file_path=None, caps_file_path_yaml=None)

[2026-04-24 15:50:23,214] 249 root - INFO - Cleaning Testing Data Completed | Total Execution Time: 0.018 min.
[2026-04-24 15:50:23,217] 41 root - INFO - ----------------------------------------------------------------------------------------------------
[2026-04-24 15:50:23,218] 42 root - INFO - END OF: DATA CLEANING: TESTING DATA
[2026-04-24 15:50:23,218] 43 root - INFO - ----------------------------------------------------------------------------------------------------



[2026-04-24 15:50:23,218] 37 root - INFO - ----------------------------------------------------------------------------------------------------
[2026-04-24 15:50:23,218] 38 root - INFO - START OF: FEATURE ENGINEERING
[2026-04-24 15:50:23,218] 39 root - INFO - ----------------------------------------------------------------------------------------------------

[2026-04-24 15:50:23,219] 27 root - INFO - FeatureEngineering Class initialization success!
[2026-04-24 15:50:23,219] 251 root - INFO - Feature Engineering For: unclipped dataframes:
[2026-04-24 15:50:23,219] 252 root - INFO - ----------------------------------------------------------------------------------------------------
[2026-04-24 15:50:23,220] 255 root - INFO - Feature engineering pipeline started, given branch name: 'unclipped'
[2026-04-24 15:50:23,366] 267 root - INFO - Reading Artifacts\data_cleaning\data_unclipped\train.parquet data completed.
[2026-04-24 15:50:23,366] 268 root - INFO - Training unclipped data has a shape of: (396116, 10)
[2026-04-24 15:50:23,412] 271 root - INFO - Reading Artifacts\data_cleaning\data_unclipped\test.parquet data completed.
[2026-04-24 15:50:23,412] 272 root - INFO - Testing unclipped data has a shape of: (101702, 10)
[2026-04-24 15:50:23,412] 47 root - INFO - Creating observation dataframe via 'create_observation_df()' method started for 'training:unclipped' df.
[2026-04-24 15:50:23,450] 50 root - INFO - The shape of the training observation dataframe is: (341226, 10).
[2026-04-24 15:50:23,450] 51 root - INFO - The transactions in the training observation window ranges between: 2009-12-01 07:45:00 : 2010-12-23 16:06:00
[2026-04-24 15:50:23,450] 52 root - INFO - Creating observation dataframe via 'create_observation_df()' method for 'training:unclipped' df success.
[2026-04-24 15:50:23,450] 47 root - INFO - Creating observation dataframe via 'create_observation_df()' method started for 'testing:unclipped' df.
[2026-04-24 15:50:23,460] 50 root - INFO - The shape of the testing observation dataframe is: (88134, 10).
[2026-04-24 15:50:23,460] 51 root - INFO - The transactions in the testing observation window ranges between: 2009-12-01 07:45:00 : 2010-12-23 16:06:00
[2026-04-24 15:50:23,460] 52 root - INFO - Creating observation dataframe via 'create_observation_df()' method for 'testing:unclipped' df success.
[2026-04-24 15:50:23,460] 280 root - INFO - --------------------------------------------------
[2026-04-24 15:50:23,461] 75 root - INFO - Creating the product/stockcode level metrics using 'create_stockcode_lvl_metrics()' method.
[2026-04-24 15:50:23,488] 77 root - INFO - There are a total of 4,002 unique products on the given training dataset.
[2026-04-24 15:50:23,560] 87 root - INFO - Creating the product/stockcode level metrics using 'create_stockcode_lvl_metrics()' method success
[2026-04-24 15:50:23,564] 284 root - INFO - --------------------------------------------------
[2026-04-24 15:50:23,564] 114 root - INFO - Creating the customer level risk for the products they buy: 'training:unclipped df'
[2026-04-24 15:50:23,669] 127 root - INFO - Success for creating the customer level risk for the products they buy for 'training:unclipped df'
[2026-04-24 15:50:23,671] 114 root - INFO - Creating the customer level risk for the products they buy: 'testing:unclipped df'
[2026-04-24 15:50:23,720] 127 root - INFO - Success for creating the customer level risk for the products they buy for 'testing:unclipped df'
[2026-04-24 15:50:23,721] 296 root - INFO - --------------------------------------------------
[2026-04-24 15:50:23,721] 156 root - INFO - Creating the customer level aggregated metrics for training:unclipped data.
[2026-04-24 15:50:24,740] 200 root - INFO - Success in creating the customer level aggregated metrics.
[2026-04-24 15:50:24,743] 156 root - INFO - Creating the customer level aggregated metrics for testing:unclipped data.
[2026-04-24 15:50:25,636] 200 root - INFO - Success in creating the customer level aggregated metrics.
[2026-04-24 15:50:25,638] 309 root - INFO - --------------------------------------------------
[2026-04-24 15:50:25,638] 225 root - INFO - Defining the churn label for training:unclipped df.
[2026-04-24 15:50:25,638] 226 root - INFO - The observation window will be until: 2010-12-31 00:00:00.
[2026-04-24 15:50:25,638] 227 root - INFO - The churn window will be from: 2011-01-01 00:00:00 until:   2011-03-31 00:00:00
[2026-04-24 15:50:25,648] 229 root - INFO - The min invoice date in churn df: 2011-01-04 10:00:00 and the max is: 2011-03-30 17:33:00
[2026-04-24 15:50:25,649] 231 root - INFO - There are a total of: 1782 customer IDs who made the transaction in churn window.
[2026-04-24 15:50:25,651] 233 root - INFO - The count for the churn label is:
churn
1    2961
0    1420
Name: count, dtype: int64
[2026-04-24 15:50:25,651] 234 root - INFO - The shape of the finalized df is:(4381, 15)
[2026-04-24 15:50:25,651] 235 root - INFO - Success at defining the churn label for training:unclipped df.
[2026-04-24 15:50:25,652] 225 root - INFO - Defining the churn label for testing:unclipped df.
[2026-04-24 15:50:25,652] 226 root - INFO - The observation window will be until: 2010-12-31 00:00:00.
[2026-04-24 15:50:25,653] 227 root - INFO - The churn window will be from: 2011-01-01 00:00:00 until:   2011-03-31 00:00:00
[2026-04-24 15:50:25,656] 229 root - INFO - The min invoice date in churn df: 2011-01-04 10:00:00 and the max is: 2011-03-30 17:33:00
[2026-04-24 15:50:25,656] 231 root - INFO - There are a total of: 1611 customer IDs who made the transaction in churn window.
[2026-04-24 15:50:25,658] 233 root - INFO - The count for the churn label is:
churn
1    2861
0    1276
Name: count, dtype: int64
[2026-04-24 15:50:25,658] 234 root - INFO - The shape of the finalized df is:(4137, 15)
[2026-04-24 15:50:25,658] 235 root - INFO - Success at defining the churn label for testing:unclipped df.
[2026-04-24 15:50:25,683] 338 root - INFO - Unclipped training data saved to: Artifacts\feature_engineering\data_unclipped\train.parquet
[2026-04-24 15:50:25,683] 339 root - INFO - Unclipped testing data saved to: Artifacts\feature_engineering\data_unclipped\test.parquet
[2026-04-24 15:50:25,683] 353 root - INFO - Feature Engineering Artifacts:
FeatureEngineeringArtifacts(clipped_training_file_path=None, clipped_testing_file_path=None, unclipped_training_file_path='Artifacts\\feature_engineering\\data_unclipped\\train.parquet', unclipped_testing_file_path='Artifacts\\feature_engineering\\data_unclipped\\test.parquet')

[2026-04-24 15:50:25,683] 354 root - INFO - Feature Engineering Completed | Total Execution Time: 0.041 min.
[2026-04-24 15:50:25,695] 41 root - INFO - ----------------------------------------------------------------------------------------------------
[2026-04-24 15:50:25,695] 42 root - INFO - END OF: FEATURE ENGINEERING: UNCLIPPED DATASET
[2026-04-24 15:50:25,695] 43 root - INFO - ----------------------------------------------------------------------------------------------------



[2026-04-24 15:50:25,695] 37 root - INFO - ----------------------------------------------------------------------------------------------------
[2026-04-24 15:50:25,695] 38 root - INFO - START OF: CREATING PRE-PROCESSOR
[2026-04-24 15:50:25,695] 39 root - INFO - ----------------------------------------------------------------------------------------------------

[2026-04-24 15:50:25,695] 23 root - INFO - Data Pre-Processing Class Initialization Success!
[2026-04-24 15:50:25,695] 159 root - INFO - Pre-Processor Pipeline Trigerred.
[2026-04-24 15:50:25,696] 37 root - INFO - Concatenating the final dataset.
[2026-04-24 15:50:25,719] 42 root - INFO - Concatenation completed. Final data size: (8516, 15)
[2026-04-24 15:50:25,720] 62 root - INFO - The numerical features are:
['order_frequency', 'total_monetary_value', 'avg_order_value', 'avg_quantity_per_order', 'customer_order_issue_rate', 'recency', 'tenure', 'avg_stockcode_issue_rate', 'max_stockcode_issue_rate', 'total_orders_made_for_stock'] and the categoical features are:
['country']
[2026-04-24 15:50:25,720] 63 root - INFO - The dataset has 10 numerical features and 1 categorical features.
[2026-04-24 15:50:25,721] 83 root - INFO - Dependent and independent features created. Independent: (8516, 13) and dependent: (8516,)
[2026-04-24 15:50:25,734] 91 root - INFO - Independent feature saved at: Artifacts\pre_processing\full_dataset\X.parquet
[2026-04-24 15:50:25,735] 92 root - INFO - Dependent features saved at: Artifacts\pre_processing\full_dataset\y.parquet
[2026-04-24 15:50:25,735] 109 root - INFO - Creating the pre-processing file:
[2026-04-24 15:50:25,750] 115 root - INFO - Preprocessor fitted successfully.
ColumnTransformer(transformers=[('numerical', RobustScaler(),
                                 ['order_frequency', 'total_monetary_value',
                                  'avg_order_value', 'avg_quantity_per_order',
                                  'customer_order_issue_rate', 'recency',
                                  'tenure', 'avg_stockcode_issue_rate',
                                  'max_stockcode_issue_rate',
                                  'total_orders_made_for_stock']),
                                ('categorical',
                                 OneHotEncoder(handle_unknown='ignore',
                                               sparse_output=False),
                                 ['country'])])
[2026-04-24 15:50:25,752] 122 root - INFO - Preprocessor saved to Artifacts\pre_processing\pre_processor.pkl
[2026-04-24 15:50:25,752] 172 root - INFO - Pre-Processing Artifacts:
PreProcessingArtifacts(pre_processor_file_path='Artifacts\\pre_processing\\pre_processor.pkl', X_path='Artifacts\\pre_processing\\full_dataset\\X.parquet', y_path='Artifacts\\pre_processing\\full_dataset\\y.parquet')
[2026-04-24 15:50:25,752] 173 root - INFO - Pre-processor completed! | Total Execution Time: 0.001 min.
[2026-04-24 15:50:25,753] 41 root - INFO - ----------------------------------------------------------------------------------------------------
[2026-04-24 15:50:25,753] 42 root - INFO - END OF: CREATING PRE-PROCESSOR
[2026-04-24 15:50:25,753] 43 root - INFO - ----------------------------------------------------------------------------------------------------



[2026-04-24 15:50:25,753] 37 root - INFO - ----------------------------------------------------------------------------------------------------
[2026-04-24 15:50:25,753] 38 root - INFO - START OF: MODEL TRAINING
[2026-04-24 15:50:25,753] 39 root - INFO - ----------------------------------------------------------------------------------------------------

[2026-04-24 15:50:25,753] 14 root - INFO - Reading YAML file from the path: params.yaml
[2026-04-24 15:50:25,756] 27 root - INFO - ModelTraining class initialization completed!
[2026-04-24 15:50:25,756] 98 root - INFO - Model Training Pipeline Trigerred.
[2026-04-24 15:50:25,774] 43 root - INFO - Data loading success! | X:(8516, 13) | y: (8516,)
[2026-04-24 15:50:25,784] 59 root - INFO - Pre-processor loading success!
[2026-04-24 15:50:25,784] 67 root - INFO - Transforming data features using the saved preprocessor.
[2026-04-24 15:50:25,791] 70 root - INFO - Training the full data on XGBoost.
[2026-04-24 15:50:26,636] 76 root - INFO - Model Training Completed!
[2026-04-24 15:50:26,649] 81 root - INFO - Final model saved to: Artifacts\model_training\final_model.pkl
[2026-04-24 15:50:26,651] 108 root - INFO - Model Trainer Artifacts:
ModelTrainerArtifacts(final_model_path='Artifacts\\model_training\\final_model.pkl')
[2026-04-24 15:50:26,651] 109 root - INFO - Model Training Completed | Total Execution Time: 0.015 min.
[2026-04-24 15:50:26,652] 41 root - INFO - ----------------------------------------------------------------------------------------------------
[2026-04-24 15:50:26,652] 42 root - INFO - END OF: MODEL TRAINING
[2026-04-24 15:50:26,652] 43 root - INFO - ----------------------------------------------------------------------------------------------------



