[2026-04-06 20:59:07,865] 14 root - INFO - Reading YAML file from the path: params.yaml
[2026-04-06 20:59:07,867] 37 root - INFO - ----------------------------------------------------------------------------------------------------
[2026-04-06 20:59:07,867] 38 root - INFO - START OF: DATA INGSETION
[2026-04-06 20:59:07,867] 39 root - INFO - ----------------------------------------------------------------------------------------------------

[2026-04-06 20:59:07,875] 122 root - INFO - Data Ingestion Pipeline Started:
[2026-04-06 21:00:19,046] 51 root - INFO - RAW data shape: (1067371, 9) pulled from MongoDB.
[2026-04-06 21:00:19,337] 57 root - INFO - Total number of dropped rows: 243,007 or 22.77% with missing Customer ID
[2026-04-06 21:00:19,678] 68 root - INFO - Cut-off date: 2011-03-31 00:00:00 | Before: 824,364 samples | After: 513,367 samples. 
[2026-04-06 21:00:20,252] 75 root - INFO - Data Import From MongoDB As DataFrame Success | Records: 513,367 & Features: 8
[2026-04-06 21:00:20,898] 93 root - INFO - Dataframe saved as Parquet file in feature store in the path: Artifacts\data_ingestion\feature_store as a backup file.
[2026-04-06 21:00:21,216] 106 root - INFO - Train-test split completed | Training: (410693, 8) (80.0%)  and Test: (102674, 8) (20.0%).
[2026-04-06 21:00:21,816] 111 root - INFO - Exporting train and test data as Parquet completed.
[2026-04-06 21:00:21,886] 137 root - INFO - Data Ingestion Artifacts:
DataIngestionArtifacts(training_file_path='Artifacts\\data_ingestion\\ingested\\train.parquet', test_file_path='Artifacts\\data_ingestion\\ingested\\test.parquet')

[2026-04-06 21:00:21,887] 138 root - INFO - Data Ingestion Completed | Total Execution Time: 1.234 min.
[2026-04-06 21:00:22,046] 41 root - INFO - ----------------------------------------------------------------------------------------------------
[2026-04-06 21:00:22,046] 42 root - INFO - END OF: DATA INGSETION
[2026-04-06 21:00:22,046] 43 root - INFO - ----------------------------------------------------------------------------------------------------



[2026-04-06 21:00:22,046] 37 root - INFO - ----------------------------------------------------------------------------------------------------
[2026-04-06 21:00:22,046] 38 root - INFO - START OF: DATA VALIDATION
[2026-04-06 21:00:22,046] 39 root - INFO - ----------------------------------------------------------------------------------------------------

[2026-04-06 21:00:22,046] 14 root - INFO - Reading YAML file from the path: data_schema\schema.yaml
[2026-04-06 21:00:22,063] 125 root - INFO - Data Validation Pipeline Started:
[2026-04-06 21:00:22,255] 44 root - INFO - Training dataframe: Column length validation success!
[2026-04-06 21:00:22,255] 44 root - INFO - Testing dataframe: Column length validation success!
[2026-04-06 21:00:22,256] 76 root - INFO - 'Training' dataframe: All column data-type validations passed.
[2026-04-06 21:00:22,256] 76 root - INFO - 'Testing' dataframe: All column data-type validations passed.
[2026-04-06 21:00:22,605] 145 root - INFO - Data Validation Artifacts:
DataValidationArtifacts(validation_status=True, valid_train_file_path='Artifacts\\data_validation\\valid\\train.parquet', valid_test_file_path='Artifacts\\data_validation\\valid\\test.parquet', invalid_train_file_path=None, invalid_test_file_path=None, drift_report_file_path=None)

[2026-04-06 21:00:22,605] 146 root - INFO - Data Validation Completed | Total Execution Time: 0.009 min.
[2026-04-06 21:00:22,605] 41 root - INFO - ----------------------------------------------------------------------------------------------------
[2026-04-06 21:00:22,605] 42 root - INFO - END OF: DATA VALIDATION
[2026-04-06 21:00:22,605] 43 root - INFO - ----------------------------------------------------------------------------------------------------



[2026-04-06 21:00:22,605] 37 root - INFO - ----------------------------------------------------------------------------------------------------
[2026-04-06 21:00:22,605] 38 root - INFO - START OF: DATA CLEANING: TRAINING DATA
[2026-04-06 21:00:22,605] 39 root - INFO - ----------------------------------------------------------------------------------------------------

[2026-04-06 21:00:22,605] 14 root - INFO - Reading YAML file from the path: params.yaml
[2026-04-06 21:00:22,607] 28 root - INFO - Data cleaning parameters loaded with success: {'imputation_strategy': 'median', 'capping_quantiles': 0.99}
[2026-04-06 21:00:22,607] 152 root - INFO - Cleaning Training Data Pipeline Started:
[2026-04-06 21:00:22,730] 156 root - INFO - Reading training data success!
[2026-04-06 21:00:23,194] 38 root - INFO - Total number of duplicates in the given training dataframe: 14,467 were dropped.
[2026-04-06 21:00:23,194] 158 root - INFO - Duplicates handled in the training data.
[2026-04-06 21:00:23,264] 88 root - INFO - training dataframe missing value report:
invoice         0
stockcode       0
description     0
quantity        0
invoicedate     0
price          31
customerid      0
country         0
dtype: int64
[2026-04-06 21:00:23,325] 61 root - INFO - SimpleImputer used median as strategy and saved the imputer at: Artifacts\data_cleaning\missing_data_imputer\SimpleImputerForPrice.joblib path.
[2026-04-06 21:00:23,337] 74 root - INFO - Imputer loading Success from Artifacts\data_cleaning\missing_data_imputer\SimpleImputerForPrice.joblib
[2026-04-06 21:00:23,345] 76 root - INFO - Dataframe: training on column Price, imputation success!
[2026-04-06 21:00:23,901] 106 root - INFO - Total number of cancelled orders in training dataframe: 9,582
[2026-04-06 21:00:24,217] 176 root - INFO - Unclipped training data saved for tree models in: Artifacts\data_cleaning\data_unclipped\train.parquet
[2026-04-06 21:00:24,228] 124 root - INFO - Clipping values calculated on training data: {'quantity_abs': 144.0, 'price': 14.95}
[2026-04-06 21:00:24,230] 130 root - INFO - Clipping data from training file saved at: Artifacts\data_cleaning\caps.yaml
[2026-04-06 21:00:24,235] 135 root - INFO - Column: quantity_abs has been clipped by 99th quantile: 144.0
[2026-04-06 21:00:24,239] 135 root - INFO - Column: price has been clipped by 99th quantile: 14.95
[2026-04-06 21:00:24,544] 183 root - INFO - Clipped training data saved for linear models in: Artifacts\data_cleaning\data_clipped\train.parquet
[2026-04-06 21:00:24,544] 196 root - INFO - Data Cleaning Artifacts:
DataCleaningArtifacts(clipped_training_file_path='Artifacts\\data_cleaning\\data_clipped\\train.parquet', clipped_testing_file_path=None, unclipped_training_file_path='Artifacts\\data_cleaning\\data_unclipped\\train.parquet', unclipped_testing_file_path=None, simple_imputer_file_path='Artifacts\\data_cleaning\\missing_data_imputer\\SimpleImputerForPrice.joblib', caps_file_path_yaml='Artifacts\\data_cleaning\\caps.yaml')

[2026-04-06 21:00:24,545] 197 root - INFO - Cleaning Training Data Completed | Total Execution Time: 0.032 min.
[2026-04-06 21:00:24,556] 41 root - INFO - ----------------------------------------------------------------------------------------------------
[2026-04-06 21:00:24,556] 42 root - INFO - END OF: DATA CLEANING: TRAINING DATA
[2026-04-06 21:00:24,556] 43 root - INFO - ----------------------------------------------------------------------------------------------------



[2026-04-06 21:00:24,556] 37 root - INFO - ----------------------------------------------------------------------------------------------------
[2026-04-06 21:00:24,556] 38 root - INFO - START OF: DATA CLEANING: TESTING DATA
[2026-04-06 21:00:24,556] 39 root - INFO - ----------------------------------------------------------------------------------------------------

[2026-04-06 21:00:24,556] 14 root - INFO - Reading YAML file from the path: params.yaml
[2026-04-06 21:00:24,559] 28 root - INFO - Data cleaning parameters loaded with success: {'imputation_strategy': 'median', 'capping_quantiles': 0.99}
[2026-04-06 21:00:24,559] 207 root - INFO - Cleaning Testing Data Pipeline Started:
[2026-04-06 21:00:24,596] 211 root - INFO - Reading testing data success!!
[2026-04-06 21:00:24,698] 38 root - INFO - Total number of duplicates in the given testing dataframe: 1,008 were dropped.
[2026-04-06 21:00:24,698] 213 root - INFO - Duplicates removed in the testing data.
[2026-04-06 21:00:24,712] 88 root - INFO - testing dataframe missing value report:
invoice        0
stockcode      0
description    0
quantity       0
invoicedate    0
price          8
customerid     0
country        0
dtype: int64
[2026-04-06 21:00:24,712] 74 root - INFO - Imputer loading Success from Artifacts\data_cleaning\missing_data_imputer\SimpleImputerForPrice.joblib
[2026-04-06 21:00:24,715] 76 root - INFO - Dataframe: testing on column Price, imputation success!
[2026-04-06 21:00:24,848] 106 root - INFO - Total number of cancelled orders in testing dataframe: 2,390
[2026-04-06 21:00:24,932] 229 root - INFO - Unclipped test file saved at: Artifacts\data_cleaning\data_unclipped\test.parquet
[2026-04-06 21:00:24,932] 14 root - INFO - Reading YAML file from the path: Artifacts\data_cleaning\caps.yaml
[2026-04-06 21:00:24,941] 141 root - INFO - Column: price has been clipped using 14.95
[2026-04-06 21:00:24,942] 141 root - INFO - Column: quantity_abs has been clipped using 144.0
[2026-04-06 21:00:25,024] 237 root - INFO - Clipped testing data saved at: Artifacts\data_cleaning\data_clipped\test.parquet
[2026-04-06 21:00:25,024] 249 root - INFO - Data Cleaning Artifacts:
DataCleaningArtifacts(clipped_training_file_path=None, clipped_testing_file_path='Artifacts\\data_cleaning\\data_clipped\\test.parquet', unclipped_training_file_path=None, unclipped_testing_file_path='Artifacts\\data_cleaning\\data_unclipped\\test.parquet', simple_imputer_file_path=None, caps_file_path_yaml=None)

[2026-04-06 21:00:25,024] 250 root - INFO - Cleaning Testing Data Completed | Total Execution Time: 0.008 min.
[2026-04-06 21:00:25,026] 41 root - INFO - ----------------------------------------------------------------------------------------------------
[2026-04-06 21:00:25,026] 42 root - INFO - END OF: DATA CLEANING: TESTING DATA
[2026-04-06 21:00:25,026] 43 root - INFO - ----------------------------------------------------------------------------------------------------



[2026-04-06 21:00:25,026] 37 root - INFO - ----------------------------------------------------------------------------------------------------
[2026-04-06 21:00:25,027] 38 root - INFO - START OF: FEATURE ENGINEERING
[2026-04-06 21:00:25,027] 39 root - INFO - ----------------------------------------------------------------------------------------------------

[2026-04-06 21:00:25,034] 27 root - INFO - FeatureEngineering Class initialization success!
[2026-04-06 21:00:25,034] 251 root - INFO - Feature Engineering For: unclipped dataframes:
[2026-04-06 21:00:25,034] 252 root - INFO - ----------------------------------------------------------------------------------------------------
[2026-04-06 21:00:25,034] 255 root - INFO - Feature engineering pipeline started, given branch name: 'unclipped'
[2026-04-06 21:00:25,146] 267 root - INFO - Reading Artifacts\data_cleaning\data_unclipped\train.parquet data completed.
[2026-04-06 21:00:25,146] 268 root - INFO - Training unclipped data has a shape of: (396226, 10)
[2026-04-06 21:00:25,182] 271 root - INFO - Reading Artifacts\data_cleaning\data_unclipped\test.parquet data completed.
[2026-04-06 21:00:25,183] 272 root - INFO - Testing unclipped data has a shape of: (101666, 10)
[2026-04-06 21:00:25,183] 47 root - INFO - Creating observation dataframe via 'create_observation_df()' method started for 'training:unclipped' df.
[2026-04-06 21:00:25,218] 50 root - INFO - The shape of the training observation dataframe is: (341464, 10).
[2026-04-06 21:00:25,218] 51 root - INFO - The transactions in the training observation window ranges between: 2009-12-01 07:45:00 : 2010-12-23 16:06:00
[2026-04-06 21:00:25,219] 52 root - INFO - Creating observation dataframe via 'create_observation_df()' method for 'training:unclipped' df success.
[2026-04-06 21:00:25,219] 47 root - INFO - Creating observation dataframe via 'create_observation_df()' method started for 'testing:unclipped' df.
[2026-04-06 21:00:25,228] 50 root - INFO - The shape of the testing observation dataframe is: (87978, 10).
[2026-04-06 21:00:25,228] 51 root - INFO - The transactions in the testing observation window ranges between: 2009-12-01 07:45:00 : 2010-12-23 16:06:00
[2026-04-06 21:00:25,228] 52 root - INFO - Creating observation dataframe via 'create_observation_df()' method for 'testing:unclipped' df success.
[2026-04-06 21:00:25,228] 280 root - INFO - --------------------------------------------------
[2026-04-06 21:00:25,228] 75 root - INFO - Creating the product/stockcode level metrics using 'create_stockcode_lvl_metrics()' method.
[2026-04-06 21:00:25,256] 77 root - INFO - There are a total of 4,010 unique products on the given training dataset.
[2026-04-06 21:00:25,323] 87 root - INFO - Creating the product/stockcode level metrics using 'create_stockcode_lvl_metrics()' method success
[2026-04-06 21:00:25,325] 284 root - INFO - --------------------------------------------------
[2026-04-06 21:00:25,325] 114 root - INFO - Creating the customer level risk for the products they buy: 'training:unclipped df'
[2026-04-06 21:00:25,428] 127 root - INFO - Success for creating the customer level risk for the products they buy for 'training:unclipped df'
[2026-04-06 21:00:25,430] 114 root - INFO - Creating the customer level risk for the products they buy: 'testing:unclipped df'
[2026-04-06 21:00:25,469] 127 root - INFO - Success for creating the customer level risk for the products they buy for 'testing:unclipped df'
[2026-04-06 21:00:25,470] 296 root - INFO - --------------------------------------------------
[2026-04-06 21:00:25,470] 156 root - INFO - Creating the customer level aggregated metrics for training:unclipped data.
[2026-04-06 21:00:26,468] 200 root - INFO - Success in creating the customer level aggregated metrics.
[2026-04-06 21:00:26,471] 156 root - INFO - Creating the customer level aggregated metrics for testing:unclipped data.
[2026-04-06 21:00:27,285] 200 root - INFO - Success in creating the customer level aggregated metrics.
[2026-04-06 21:00:27,286] 309 root - INFO - --------------------------------------------------
[2026-04-06 21:00:27,286] 225 root - INFO - Defining the churn label for training:unclipped df.
[2026-04-06 21:00:27,286] 226 root - INFO - The observation window will be until: 2010-12-31 00:00:00.
[2026-04-06 21:00:27,287] 227 root - INFO - The churn window will be from: 2011-01-01 00:00:00 until:   2011-03-31 00:00:00
[2026-04-06 21:00:27,297] 229 root - INFO - The min invoice date in churn df: 2011-01-04 10:00:00 and the max is: 2011-03-30 17:33:00
[2026-04-06 21:00:27,298] 231 root - INFO - There are a total of: 1777 customer IDs who made the transaction in churn window.
[2026-04-06 21:00:27,311] 233 root - INFO - The count for the churn label is:
churn
1    2974
0    1413
Name: count, dtype: int64
[2026-04-06 21:00:27,311] 234 root - INFO - The shape of the finalized df is:(4387, 15)
[2026-04-06 21:00:27,311] 235 root - INFO - Success at defining the churn label for training:unclipped df.
[2026-04-06 21:00:27,313] 225 root - INFO - Defining the churn label for testing:unclipped df.
[2026-04-06 21:00:27,313] 226 root - INFO - The observation window will be until: 2010-12-31 00:00:00.
[2026-04-06 21:00:27,313] 227 root - INFO - The churn window will be from: 2011-01-01 00:00:00 until:   2011-03-31 00:00:00
[2026-04-06 21:00:27,316] 229 root - INFO - The min invoice date in churn df: 2011-01-04 10:00:00 and the max is: 2011-03-30 17:33:00
[2026-04-06 21:00:27,317] 231 root - INFO - There are a total of: 1610 customer IDs who made the transaction in churn window.
[2026-04-06 21:00:27,318] 233 root - INFO - The count for the churn label is:
churn
1    2859
0    1273
Name: count, dtype: int64
[2026-04-06 21:00:27,318] 234 root - INFO - The shape of the finalized df is:(4132, 15)
[2026-04-06 21:00:27,318] 235 root - INFO - Success at defining the churn label for testing:unclipped df.
[2026-04-06 21:00:27,340] 338 root - INFO - Unclipped training data saved to: Artifacts\feature_engineering\data_unclipped\train.parquet
[2026-04-06 21:00:27,341] 339 root - INFO - Unclipped testing data saved to: Artifacts\feature_engineering\data_unclipped\test.parquet
[2026-04-06 21:00:27,341] 353 root - INFO - Feature Engineering Artifacts:
FeatureEngineeringArtifacts(clipped_training_file_path=None, clipped_testing_file_path=None, unclipped_training_file_path='Artifacts\\feature_engineering\\data_unclipped\\train.parquet', unclipped_testing_file_path='Artifacts\\feature_engineering\\data_unclipped\\test.parquet')

[2026-04-06 21:00:27,341] 354 root - INFO - Feature Engineering Completed | Total Execution Time: 0.038 min.
[2026-04-06 21:00:27,353] 41 root - INFO - ----------------------------------------------------------------------------------------------------
[2026-04-06 21:00:27,353] 42 root - INFO - END OF: FEATURE ENGINEERING: UNCLIPPED DATASET
[2026-04-06 21:00:27,353] 43 root - INFO - ----------------------------------------------------------------------------------------------------



[2026-04-06 21:00:27,353] 37 root - INFO - ----------------------------------------------------------------------------------------------------
[2026-04-06 21:00:27,353] 38 root - INFO - START OF: CREATING PRE-PROCESSOR
[2026-04-06 21:00:27,354] 39 root - INFO - ----------------------------------------------------------------------------------------------------

[2026-04-06 21:00:27,354] 23 root - INFO - Data Pre-Processing Class Initialization Success!
[2026-04-06 21:00:27,354] 159 root - INFO - Pre-Processor Pipeline Trigerred.
[2026-04-06 21:00:27,354] 37 root - INFO - Concatenating the final dataset.
[2026-04-06 21:00:27,377] 42 root - INFO - Concatenation completed. Final data size: (8519, 15)
[2026-04-06 21:00:27,378] 62 root - INFO - The numerical features are:
['order_frequency', 'total_monetary_value', 'total_quantity_abs', 'total_order_issues', 'avg_order_value', 'avg_quantity_per_order', 'customer_order_issue_rate', 'recency', 'tenure', 'avg_stockcode_issue_rate', 'max_stockcode_issue_rate', 'total_orders_made_for_stock'] and the categoical features are:
['country']
[2026-04-06 21:00:27,378] 63 root - INFO - The dataset has 12 numerical features and 1 categorical features.
[2026-04-06 21:00:27,379] 83 root - INFO - Dependent and independent features created. Independent: (8519, 13) and dependent: (8519,)
[2026-04-06 21:00:27,392] 91 root - INFO - Independent feature saved at: Artifacts\pre_processing\full_dataset\X.parquet
[2026-04-06 21:00:27,393] 92 root - INFO - Dependent features saved at: Artifacts\pre_processing\full_dataset\y.parquet
[2026-04-06 21:00:27,393] 109 root - INFO - Creating the pre-processing file:
[2026-04-06 21:00:27,409] 115 root - INFO - Preprocessor fitted successfully.
ColumnTransformer(transformers=[('numerical', RobustScaler(),
                                 ['order_frequency', 'total_monetary_value',
                                  'total_quantity_abs', 'total_order_issues',
                                  'avg_order_value', 'avg_quantity_per_order',
                                  'customer_order_issue_rate', 'recency',
                                  'tenure', 'avg_stockcode_issue_rate',
                                  'max_stockcode_issue_rate',
                                  'total_orders_made_for_stock']),
                                ('categorical',
                                 OneHotEncoder(handle_unknown='ignore',
                                               sparse_output=False),
                                 ['country'])])
[2026-04-06 21:00:27,411] 122 root - INFO - Preprocessor saved to Artifacts\pre_processing\pre_processor.pkl
[2026-04-06 21:00:27,411] 172 root - INFO - Pre-Processing Artifacts:
PreProcessingArtifacts(pre_processor_file_path='Artifacts\\pre_processing\\pre_processor.pkl', X_path='Artifacts\\pre_processing\\full_dataset\\X.parquet', y_path='Artifacts\\pre_processing\\full_dataset\\y.parquet')
[2026-04-06 21:00:27,411] 173 root - INFO - Pre-processor completed! | Total Execution Time: 0.001 min.
[2026-04-06 21:00:27,412] 41 root - INFO - ----------------------------------------------------------------------------------------------------
[2026-04-06 21:00:27,412] 42 root - INFO - END OF: CREATING PRE-PROCESSOR
[2026-04-06 21:00:27,412] 43 root - INFO - ----------------------------------------------------------------------------------------------------



[2026-04-06 21:00:27,412] 37 root - INFO - ----------------------------------------------------------------------------------------------------
[2026-04-06 21:00:27,412] 38 root - INFO - START OF: MODEL TRAINING
[2026-04-06 21:00:27,412] 39 root - INFO - ----------------------------------------------------------------------------------------------------

[2026-04-06 21:00:27,412] 14 root - INFO - Reading YAML file from the path: params.yaml
[2026-04-06 21:00:27,414] 27 root - INFO - ModelTraining class initialization completed!
[2026-04-06 21:00:27,414] 98 root - INFO - Model Training Pipeline Trigerred.
[2026-04-06 21:00:27,432] 43 root - INFO - Data loading success! | X:(8519, 13) | y: (8519,)
[2026-04-06 21:00:27,441] 59 root - INFO - Pre-processor loading success!
[2026-04-06 21:00:27,442] 67 root - INFO - Transforming data features using the saved preprocessor.
[2026-04-06 21:00:27,448] 70 root - INFO - Training the full data on XGBoost.
[2026-04-06 21:00:28,199] 76 root - INFO - Model Training Completed!
[2026-04-06 21:00:28,209] 81 root - INFO - Final model saved to: Artifacts\model_training\final_model.pkl
[2026-04-06 21:00:28,210] 108 root - INFO - Model Trainer Artifacts:
ModelTrainerArtifacts(final_model_path='Artifacts\\model_training\\final_model.pkl')
[2026-04-06 21:00:28,210] 109 root - INFO - Model Training Completed | Total Execution Time: 0.013 min.
[2026-04-06 21:00:28,212] 41 root - INFO - ----------------------------------------------------------------------------------------------------
[2026-04-06 21:00:28,212] 42 root - INFO - END OF: MODEL TRAINING
[2026-04-06 21:00:28,212] 43 root - INFO - ----------------------------------------------------------------------------------------------------



