[2026-04-05 20:23:47,229] 14 root - INFO - Reading YAML file from the path: params.yaml
[2026-04-05 20:23:47,230] 37 root - INFO - ----------------------------------------------------------------------------------------------------
[2026-04-05 20:23:47,230] 38 root - INFO - START OF: DATA INGSETION
[2026-04-05 20:23:47,230] 39 root - INFO - ----------------------------------------------------------------------------------------------------

[2026-04-05 20:23:47,232] 122 root - INFO - Data Ingestion Pipeline Started:
[2026-04-05 20:24:53,673] 51 root - INFO - RAW data shape: (1067371, 9) pulled from MongoDB.
[2026-04-05 20:24:53,952] 57 root - INFO - Total number of dropped rows: 243,007 or 22.77% with missing Customer ID
[2026-04-05 20:24:54,267] 68 root - INFO - Cut-off date: 2011-03-31 00:00:00 | Before: 824,364 samples | After: 513,367 samples. 
[2026-04-05 20:24:54,824] 75 root - INFO - Data Import From MongoDB As DataFrame Success | Records: 513,367 & Features: 8
[2026-04-05 20:24:55,464] 93 root - INFO - Dataframe saved as Parquet file in feature store in the path: Artifacts\data_ingestion\feature_store as a backup file.
[2026-04-05 20:24:55,767] 106 root - INFO - Train-test split completed | Training: (410693, 8) (80.0%)  and Test: (102674, 8) (20.0%).
[2026-04-05 20:24:56,373] 111 root - INFO - Exporting train and test data as Parquet completed.
[2026-04-05 20:24:56,443] 137 root - INFO - Data Ingestion Artifacts:
DataIngestionArtifacts(training_file_path='Artifacts\\data_ingestion\\ingested\\train.parquet', test_file_path='Artifacts\\data_ingestion\\ingested\\test.parquet')

[2026-04-05 20:24:56,443] 138 root - INFO - Data Ingestion Completed | Total Execution Time: 1.154 min.
[2026-04-05 20:24:56,624] 41 root - INFO - ----------------------------------------------------------------------------------------------------
[2026-04-05 20:24:56,624] 42 root - INFO - END OF: DATA INGSETION
[2026-04-05 20:24:56,624] 43 root - INFO - ----------------------------------------------------------------------------------------------------



[2026-04-05 20:24:56,624] 37 root - INFO - ----------------------------------------------------------------------------------------------------
[2026-04-05 20:24:56,624] 38 root - INFO - START OF: DATA VALIDATION
[2026-04-05 20:24:56,624] 39 root - INFO - ----------------------------------------------------------------------------------------------------

[2026-04-05 20:24:56,625] 14 root - INFO - Reading YAML file from the path: data_schema\schema.yaml
[2026-04-05 20:24:56,632] 125 root - INFO - Data Validation Pipeline Started:
[2026-04-05 20:24:56,836] 44 root - INFO - Training dataframe: Column length validation success!
[2026-04-05 20:24:56,836] 44 root - INFO - Testing dataframe: Column length validation success!
[2026-04-05 20:24:56,836] 76 root - INFO - 'Training' dataframe: All column data-type validations passed.
[2026-04-05 20:24:56,837] 76 root - INFO - 'Testing' dataframe: All column data-type validations passed.
[2026-04-05 20:24:57,294] 145 root - INFO - Data Validation Artifacts:
DataValidationArtifacts(validation_status=True, valid_train_file_path='Artifacts\\data_validation\\valid\\train.parquet', valid_test_file_path='Artifacts\\data_validation\\valid\\test.parquet', invalid_train_file_path=None, invalid_test_file_path=None, drift_report_file_path=None)

[2026-04-05 20:24:57,294] 146 root - INFO - Data Validation Completed | Total Execution Time: 0.011 min.
[2026-04-05 20:24:57,294] 41 root - INFO - ----------------------------------------------------------------------------------------------------
[2026-04-05 20:24:57,294] 42 root - INFO - END OF: DATA VALIDATION
[2026-04-05 20:24:57,294] 43 root - INFO - ----------------------------------------------------------------------------------------------------



[2026-04-05 20:24:57,294] 37 root - INFO - ----------------------------------------------------------------------------------------------------
[2026-04-05 20:24:57,294] 38 root - INFO - START OF: DATA CLEANING: TRAINING DATA
[2026-04-05 20:24:57,294] 39 root - INFO - ----------------------------------------------------------------------------------------------------

[2026-04-05 20:24:57,294] 14 root - INFO - Reading YAML file from the path: params.yaml
[2026-04-05 20:24:57,296] 28 root - INFO - Data cleaning parameters loaded with success: {'imputation_strategy': 'median', 'capping_quantiles': 0.99}
[2026-04-05 20:24:57,296] 152 root - INFO - Cleaning Training Data Pipeline Started:
[2026-04-05 20:24:57,453] 156 root - INFO - Reading training data success!
[2026-04-05 20:24:57,914] 38 root - INFO - Total number of duplicates in the given training dataframe: 14,666 were dropped.
[2026-04-05 20:24:57,915] 158 root - INFO - Duplicates handled in the training data.
[2026-04-05 20:24:57,968] 88 root - INFO - training dataframe missing value report:
invoice         0
stockcode       0
description     0
quantity        0
invoicedate     0
price          30
customerid      0
country         0
dtype: int64
[2026-04-05 20:24:58,005] 61 root - INFO - SimpleImputer used median as strategy and saved the imputer at: Artifacts\data_cleaning\missing_data_imputer\SimpleImputerForPrice.joblib path.
[2026-04-05 20:24:58,007] 74 root - INFO - Imputer loading Success from Artifacts\data_cleaning\missing_data_imputer\SimpleImputerForPrice.joblib
[2026-04-05 20:24:58,020] 76 root - INFO - Dataframe: training on column Price, imputation success!
[2026-04-05 20:24:58,550] 106 root - INFO - Total number of cancelled orders in training dataframe: 9,466
[2026-04-05 20:24:58,853] 176 root - INFO - Unclipped training data saved for tree models in: Artifacts\data_cleaning\data_unclipped\train.parquet
[2026-04-05 20:24:58,863] 124 root - INFO - Clipping values calculated on training data: {'quantity_abs': 144.0, 'price': 14.95}
[2026-04-05 20:24:58,864] 130 root - INFO - Clipping data from training file saved at: Artifacts\data_cleaning\caps.yaml
[2026-04-05 20:24:58,868] 135 root - INFO - Column: quantity_abs has been clipped by 99th quantile: 144.0
[2026-04-05 20:24:58,871] 135 root - INFO - Column: price has been clipped by 99th quantile: 14.95
[2026-04-05 20:24:59,172] 183 root - INFO - Clipped training data saved for linear models in: Artifacts\data_cleaning\data_clipped\train.parquet
[2026-04-05 20:24:59,172] 196 root - INFO - Data Cleaning Artifacts:
DataCleaningArtifacts(clipped_training_file_path='Artifacts\\data_cleaning\\data_clipped\\train.parquet', clipped_testing_file_path=None, unclipped_training_file_path='Artifacts\\data_cleaning\\data_unclipped\\train.parquet', unclipped_testing_file_path=None, simple_imputer_file_path='Artifacts\\data_cleaning\\missing_data_imputer\\SimpleImputerForPrice.joblib', caps_file_path_yaml='Artifacts\\data_cleaning\\caps.yaml')

[2026-04-05 20:24:59,172] 197 root - INFO - Cleaning Training Data Completed | Total Execution Time: 0.031 min.
[2026-04-05 20:24:59,183] 41 root - INFO - ----------------------------------------------------------------------------------------------------
[2026-04-05 20:24:59,183] 42 root - INFO - END OF: DATA CLEANING: TRAINING DATA
[2026-04-05 20:24:59,183] 43 root - INFO - ----------------------------------------------------------------------------------------------------



[2026-04-05 20:24:59,183] 37 root - INFO - ----------------------------------------------------------------------------------------------------
[2026-04-05 20:24:59,183] 38 root - INFO - START OF: DATA CLEANING: TESTING DATA
[2026-04-05 20:24:59,183] 39 root - INFO - ----------------------------------------------------------------------------------------------------

[2026-04-05 20:24:59,183] 14 root - INFO - Reading YAML file from the path: params.yaml
[2026-04-05 20:24:59,184] 28 root - INFO - Data cleaning parameters loaded with success: {'imputation_strategy': 'median', 'capping_quantiles': 0.99}
[2026-04-05 20:24:59,185] 207 root - INFO - Cleaning Testing Data Pipeline Started:
[2026-04-05 20:24:59,224] 211 root - INFO - Reading testing data success!!
[2026-04-05 20:24:59,325] 38 root - INFO - Total number of duplicates in the given testing dataframe: 889 were dropped.
[2026-04-05 20:24:59,325] 213 root - INFO - Duplicates removed in the testing data.
[2026-04-05 20:24:59,340] 88 root - INFO - testing dataframe missing value report:
invoice         0
stockcode       0
description     0
quantity        0
invoicedate     0
price          10
customerid      0
country         0
dtype: int64
[2026-04-05 20:24:59,341] 74 root - INFO - Imputer loading Success from Artifacts\data_cleaning\missing_data_imputer\SimpleImputerForPrice.joblib
[2026-04-05 20:24:59,343] 76 root - INFO - Dataframe: testing on column Price, imputation success!
[2026-04-05 20:24:59,483] 106 root - INFO - Total number of cancelled orders in testing dataframe: 2,496
[2026-04-05 20:24:59,565] 229 root - INFO - Unclipped test file saved at: Artifacts\data_cleaning\data_unclipped\test.parquet
[2026-04-05 20:24:59,565] 14 root - INFO - Reading YAML file from the path: Artifacts\data_cleaning\caps.yaml
[2026-04-05 20:24:59,569] 141 root - INFO - Column: price has been clipped using 14.95
[2026-04-05 20:24:59,570] 141 root - INFO - Column: quantity_abs has been clipped using 144.0
[2026-04-05 20:24:59,652] 237 root - INFO - Clipped testing data saved at: Artifacts\data_cleaning\data_clipped\test.parquet
[2026-04-05 20:24:59,652] 249 root - INFO - Data Cleaning Artifacts:
DataCleaningArtifacts(clipped_training_file_path=None, clipped_testing_file_path='Artifacts\\data_cleaning\\data_clipped\\test.parquet', unclipped_training_file_path=None, unclipped_testing_file_path='Artifacts\\data_cleaning\\data_unclipped\\test.parquet', simple_imputer_file_path=None, caps_file_path_yaml=None)

[2026-04-05 20:24:59,652] 250 root - INFO - Cleaning Testing Data Completed | Total Execution Time: 0.008 min.
[2026-04-05 20:24:59,655] 41 root - INFO - ----------------------------------------------------------------------------------------------------
[2026-04-05 20:24:59,655] 42 root - INFO - END OF: DATA CLEANING: TESTING DATA
[2026-04-05 20:24:59,655] 43 root - INFO - ----------------------------------------------------------------------------------------------------



[2026-04-05 20:24:59,655] 37 root - INFO - ----------------------------------------------------------------------------------------------------
[2026-04-05 20:24:59,655] 38 root - INFO - START OF: FEATURE ENGINEERING: CLIPPED DATASET
[2026-04-05 20:24:59,655] 39 root - INFO - ----------------------------------------------------------------------------------------------------

[2026-04-05 20:24:59,656] 27 root - INFO - FeatureEngineering Class initialization success!
[2026-04-05 20:24:59,656] 251 root - INFO - Feature Engineering For: clipped dataframes:
[2026-04-05 20:24:59,656] 252 root - INFO - ----------------------------------------------------------------------------------------------------
[2026-04-05 20:24:59,656] 255 root - INFO - Feature engineering pipeline started, given branch name: 'clipped'
[2026-04-05 20:24:59,766] 267 root - INFO - Reading Artifacts\data_cleaning\data_clipped\train.parquet data completed.
[2026-04-05 20:24:59,766] 268 root - INFO - Training clipped data has a shape of: (396027, 12)
[2026-04-05 20:24:59,805] 271 root - INFO - Reading Artifacts\data_cleaning\data_clipped\test.parquet data completed.
[2026-04-05 20:24:59,805] 272 root - INFO - Testing clipped data has a shape of: (101785, 12)
[2026-04-05 20:24:59,805] 47 root - INFO - Creating observation dataframe via 'create_observation_df()' method started for 'training:clipped' df.
[2026-04-05 20:24:59,843] 50 root - INFO - The shape of the training observation dataframe is: (341457, 12).
[2026-04-05 20:24:59,844] 51 root - INFO - The transactions in the training observation window ranges between: 2009-12-01 07:45:00 : 2010-12-23 16:06:00
[2026-04-05 20:24:59,844] 52 root - INFO - Creating observation dataframe via 'create_observation_df()' method for 'training:clipped' df success.
[2026-04-05 20:24:59,844] 47 root - INFO - Creating observation dataframe via 'create_observation_df()' method started for 'testing:clipped' df.
[2026-04-05 20:24:59,854] 50 root - INFO - The shape of the testing observation dataframe is: (87891, 12).
[2026-04-05 20:24:59,854] 51 root - INFO - The transactions in the testing observation window ranges between: 2009-12-01 07:45:00 : 2010-12-23 16:06:00
[2026-04-05 20:24:59,854] 52 root - INFO - Creating observation dataframe via 'create_observation_df()' method for 'testing:clipped' df success.
[2026-04-05 20:24:59,854] 280 root - INFO - --------------------------------------------------
[2026-04-05 20:24:59,854] 75 root - INFO - Creating the product/stockcode level metrics using 'create_stockcode_lvl_metrics()' method.
[2026-04-05 20:24:59,880] 77 root - INFO - There are a total of 4,006 unique products on the given training dataset.
[2026-04-05 20:24:59,940] 87 root - INFO - Creating the product/stockcode level metrics using 'create_stockcode_lvl_metrics()' method success
[2026-04-05 20:24:59,942] 284 root - INFO - --------------------------------------------------
[2026-04-05 20:24:59,943] 114 root - INFO - Creating the customer level risk for the products they buy: 'training:clipped df'
[2026-04-05 20:25:00,043] 127 root - INFO - Success for creating the customer level risk for the products they buy for 'training:clipped df'
[2026-04-05 20:25:00,045] 114 root - INFO - Creating the customer level risk for the products they buy: 'testing:clipped df'
[2026-04-05 20:25:00,085] 127 root - INFO - Success for creating the customer level risk for the products they buy for 'testing:clipped df'
[2026-04-05 20:25:00,086] 296 root - INFO - --------------------------------------------------
[2026-04-05 20:25:00,086] 156 root - INFO - Creating the customer level aggregated metrics for training:clipped data.
[2026-04-05 20:25:01,046] 200 root - INFO - Success in creating the customer level aggregated metrics.
[2026-04-05 20:25:01,050] 156 root - INFO - Creating the customer level aggregated metrics for testing:clipped data.
[2026-04-05 20:25:01,866] 200 root - INFO - Success in creating the customer level aggregated metrics.
[2026-04-05 20:25:01,867] 309 root - INFO - --------------------------------------------------
[2026-04-05 20:25:01,867] 225 root - INFO - Defining the churn label for training:clipped df.
[2026-04-05 20:25:01,867] 226 root - INFO - The observation window will be until: 2010-12-31 00:00:00.
[2026-04-05 20:25:01,867] 227 root - INFO - The churn window will be from: 2011-01-01 00:00:00 until:   2011-03-31 00:00:00
[2026-04-05 20:25:01,879] 229 root - INFO - The min invoice date in churn df: 2011-01-04 10:00:00 and the max is: 2011-03-30 17:33:00
[2026-04-05 20:25:01,880] 231 root - INFO - There are a total of: 1775 customer IDs who made the transaction in churn window.
[2026-04-05 20:25:01,882] 233 root - INFO - The count for the churn label is:
churn
1    2976
0    1412
Name: count, dtype: int64
[2026-04-05 20:25:01,882] 234 root - INFO - The shape of the finalized df is:(4388, 15)
[2026-04-05 20:25:01,882] 235 root - INFO - Success at defining the churn label for training:clipped df.
[2026-04-05 20:25:01,883] 225 root - INFO - Defining the churn label for testing:clipped df.
[2026-04-05 20:25:01,883] 226 root - INFO - The observation window will be until: 2010-12-31 00:00:00.
[2026-04-05 20:25:01,883] 227 root - INFO - The churn window will be from: 2011-01-01 00:00:00 until:   2011-03-31 00:00:00
[2026-04-05 20:25:01,887] 229 root - INFO - The min invoice date in churn df: 2011-01-04 10:00:00 and the max is: 2011-03-30 17:33:00
[2026-04-05 20:25:01,887] 231 root - INFO - There are a total of: 1620 customer IDs who made the transaction in churn window.
[2026-04-05 20:25:01,889] 233 root - INFO - The count for the churn label is:
churn
1    2861
0    1275
Name: count, dtype: int64
[2026-04-05 20:25:01,889] 234 root - INFO - The shape of the finalized df is:(4136, 15)
[2026-04-05 20:25:01,889] 235 root - INFO - Success at defining the churn label for testing:clipped df.
[2026-04-05 20:25:01,911] 331 root - INFO - Clipped training data saved to: Artifacts\feature_engineering\data_clipped\train.parquet
[2026-04-05 20:25:01,912] 332 root - INFO - Clipped testing data saved to: Artifacts\feature_engineering\data_clipped\test.parquet
[2026-04-05 20:25:01,912] 353 root - INFO - Feature Engineering Artifacts:
FeatureEngineeringArtifacts(clipped_training_file_path='Artifacts\\feature_engineering\\data_clipped\\train.parquet', clipped_testing_file_path='Artifacts\\feature_engineering\\data_clipped\\test.parquet', unclipped_training_file_path=None, unclipped_testing_file_path=None)

[2026-04-05 20:25:01,912] 354 root - INFO - Feature Engineering Completed | Total Execution Time: 0.038 min.
[2026-04-05 20:25:01,924] 41 root - INFO - ----------------------------------------------------------------------------------------------------
[2026-04-05 20:25:01,925] 42 root - INFO - END OF: FEATURE ENGINEERING
[2026-04-05 20:25:01,925] 43 root - INFO - ----------------------------------------------------------------------------------------------------



[2026-04-05 20:25:01,925] 37 root - INFO - ----------------------------------------------------------------------------------------------------
[2026-04-05 20:25:01,925] 38 root - INFO - START OF: FEATURE ENGINEERING
[2026-04-05 20:25:01,925] 39 root - INFO - ----------------------------------------------------------------------------------------------------

[2026-04-05 20:25:01,926] 27 root - INFO - FeatureEngineering Class initialization success!
[2026-04-05 20:25:01,926] 251 root - INFO - Feature Engineering For: unclipped dataframes:
[2026-04-05 20:25:01,926] 252 root - INFO - ----------------------------------------------------------------------------------------------------
[2026-04-05 20:25:01,926] 255 root - INFO - Feature engineering pipeline started, given branch name: 'unclipped'
[2026-04-05 20:25:02,044] 267 root - INFO - Reading Artifacts\data_cleaning\data_unclipped\train.parquet data completed.
[2026-04-05 20:25:02,044] 268 root - INFO - Training unclipped data has a shape of: (396027, 10)
[2026-04-05 20:25:02,082] 271 root - INFO - Reading Artifacts\data_cleaning\data_unclipped\test.parquet data completed.
[2026-04-05 20:25:02,082] 272 root - INFO - Testing unclipped data has a shape of: (101785, 10)
[2026-04-05 20:25:02,082] 47 root - INFO - Creating observation dataframe via 'create_observation_df()' method started for 'training:unclipped' df.
[2026-04-05 20:25:02,117] 50 root - INFO - The shape of the training observation dataframe is: (341457, 10).
[2026-04-05 20:25:02,118] 51 root - INFO - The transactions in the training observation window ranges between: 2009-12-01 07:45:00 : 2010-12-23 16:06:00
[2026-04-05 20:25:02,118] 52 root - INFO - Creating observation dataframe via 'create_observation_df()' method for 'training:unclipped' df success.
[2026-04-05 20:25:02,118] 47 root - INFO - Creating observation dataframe via 'create_observation_df()' method started for 'testing:unclipped' df.
[2026-04-05 20:25:02,128] 50 root - INFO - The shape of the testing observation dataframe is: (87891, 10).
[2026-04-05 20:25:02,131] 51 root - INFO - The transactions in the testing observation window ranges between: 2009-12-01 07:45:00 : 2010-12-23 16:06:00
[2026-04-05 20:25:02,131] 52 root - INFO - Creating observation dataframe via 'create_observation_df()' method for 'testing:unclipped' df success.
[2026-04-05 20:25:02,131] 280 root - INFO - --------------------------------------------------
[2026-04-05 20:25:02,131] 75 root - INFO - Creating the product/stockcode level metrics using 'create_stockcode_lvl_metrics()' method.
[2026-04-05 20:25:02,157] 77 root - INFO - There are a total of 4,006 unique products on the given training dataset.
[2026-04-05 20:25:02,213] 87 root - INFO - Creating the product/stockcode level metrics using 'create_stockcode_lvl_metrics()' method success
[2026-04-05 20:25:02,216] 284 root - INFO - --------------------------------------------------
[2026-04-05 20:25:02,216] 114 root - INFO - Creating the customer level risk for the products they buy: 'training:unclipped df'
[2026-04-05 20:25:02,311] 127 root - INFO - Success for creating the customer level risk for the products they buy for 'training:unclipped df'
[2026-04-05 20:25:02,314] 114 root - INFO - Creating the customer level risk for the products they buy: 'testing:unclipped df'
[2026-04-05 20:25:02,350] 127 root - INFO - Success for creating the customer level risk for the products they buy for 'testing:unclipped df'
[2026-04-05 20:25:02,351] 296 root - INFO - --------------------------------------------------
[2026-04-05 20:25:02,351] 156 root - INFO - Creating the customer level aggregated metrics for training:unclipped data.
[2026-04-05 20:25:03,263] 200 root - INFO - Success in creating the customer level aggregated metrics.
[2026-04-05 20:25:03,266] 156 root - INFO - Creating the customer level aggregated metrics for testing:unclipped data.
[2026-04-05 20:25:04,069] 200 root - INFO - Success in creating the customer level aggregated metrics.
[2026-04-05 20:25:04,070] 309 root - INFO - --------------------------------------------------
[2026-04-05 20:25:04,070] 225 root - INFO - Defining the churn label for training:unclipped df.
[2026-04-05 20:25:04,070] 226 root - INFO - The observation window will be until: 2010-12-31 00:00:00.
[2026-04-05 20:25:04,070] 227 root - INFO - The churn window will be from: 2011-01-01 00:00:00 until:   2011-03-31 00:00:00
[2026-04-05 20:25:04,081] 229 root - INFO - The min invoice date in churn df: 2011-01-04 10:00:00 and the max is: 2011-03-30 17:33:00
[2026-04-05 20:25:04,082] 231 root - INFO - There are a total of: 1775 customer IDs who made the transaction in churn window.
[2026-04-05 20:25:04,084] 233 root - INFO - The count for the churn label is:
churn
1    2976
0    1412
Name: count, dtype: int64
[2026-04-05 20:25:04,084] 234 root - INFO - The shape of the finalized df is:(4388, 15)
[2026-04-05 20:25:04,084] 235 root - INFO - Success at defining the churn label for training:unclipped df.
[2026-04-05 20:25:04,085] 225 root - INFO - Defining the churn label for testing:unclipped df.
[2026-04-05 20:25:04,085] 226 root - INFO - The observation window will be until: 2010-12-31 00:00:00.
[2026-04-05 20:25:04,085] 227 root - INFO - The churn window will be from: 2011-01-01 00:00:00 until:   2011-03-31 00:00:00
[2026-04-05 20:25:04,088] 229 root - INFO - The min invoice date in churn df: 2011-01-04 10:00:00 and the max is: 2011-03-30 17:33:00
[2026-04-05 20:25:04,089] 231 root - INFO - There are a total of: 1620 customer IDs who made the transaction in churn window.
[2026-04-05 20:25:04,091] 233 root - INFO - The count for the churn label is:
churn
1    2861
0    1275
Name: count, dtype: int64
[2026-04-05 20:25:04,091] 234 root - INFO - The shape of the finalized df is:(4136, 15)
[2026-04-05 20:25:04,091] 235 root - INFO - Success at defining the churn label for testing:unclipped df.
[2026-04-05 20:25:04,112] 338 root - INFO - Unclipped training data saved to: Artifacts\feature_engineering\data_unclipped\train.parquet
[2026-04-05 20:25:04,112] 339 root - INFO - Unclipped testing data saved to: Artifacts\feature_engineering\data_unclipped\test.parquet
[2026-04-05 20:25:04,112] 353 root - INFO - Feature Engineering Artifacts:
FeatureEngineeringArtifacts(clipped_training_file_path=None, clipped_testing_file_path=None, unclipped_training_file_path='Artifacts\\feature_engineering\\data_unclipped\\train.parquet', unclipped_testing_file_path='Artifacts\\feature_engineering\\data_unclipped\\test.parquet')

[2026-04-05 20:25:04,112] 354 root - INFO - Feature Engineering Completed | Total Execution Time: 0.036 min.
[2026-04-05 20:25:04,125] 41 root - INFO - ----------------------------------------------------------------------------------------------------
[2026-04-05 20:25:04,125] 42 root - INFO - END OF: FEATURE ENGINEERING: UNCLIPPED DATASET
[2026-04-05 20:25:04,125] 43 root - INFO - ----------------------------------------------------------------------------------------------------



[2026-04-05 20:25:04,125] 37 root - INFO - ----------------------------------------------------------------------------------------------------
[2026-04-05 20:25:04,126] 38 root - INFO - START OF: CREATING PRE-PROCESSOR
[2026-04-05 20:25:04,126] 39 root - INFO - ----------------------------------------------------------------------------------------------------

[2026-04-05 20:25:04,126] 22 root - INFO - Data Pre-Processing Class Initialization Success!
[2026-04-05 20:25:04,126] 109 root - INFO - Pre-Processor Pipeline Trigerred.
[2026-04-05 20:25:04,126] 31 root - INFO - Concatenating the final dataset.
[2026-04-05 20:25:04,151] 36 root - INFO - Concatenation completed. Final data size: (8524, 15)
[2026-04-05 20:25:04,151] 111 root - INFO - Pre-processor created on the full data size of: (8524, 15)
