[2026-03-07 10:22:22,833] 14 root - INFO - Reading YAML file from the path: params.yaml
[2026-03-07 10:22:22,834] 37 root - INFO - ----------------------------------------------------------------------------------------------------
[2026-03-07 10:22:22,834] 38 root - INFO - START OF: DATA CLEANING: TRAINING DATA
[2026-03-07 10:22:22,834] 39 root - INFO - ----------------------------------------------------------------------------------------------------

[2026-03-07 10:22:22,834] 150 root - INFO - Cleaning Training Data Pipeline Started:
[2026-03-07 10:22:23,088] 154 root - INFO - Reading training data success!
[2026-03-07 10:22:23,553] 37 root - INFO - Total number of duplicates in the given training dataframe: 14,529 were dropped.
[2026-03-07 10:22:23,554] 156 root - INFO - Duplicates handled in the training data.
[2026-03-07 10:22:23,604] 90 root - INFO - training has no missing(nan) values.
[2026-03-07 10:22:23,637] 60 root - INFO - SimpleImputer used median as strategy and saved the imputer at: Artifacts\data_cleaning\missing_data_imputer\SimpleImputerForPrice.joblib path.
[2026-03-07 10:22:24,476] 106 root - INFO - Total number of returned orders in training dataframe: 9,588
[2026-03-07 10:22:24,477] 107 root - INFO - Total number of cancelled orders in training dataframe: 9,588
[2026-03-07 10:22:24,816] 174 root - INFO - Unclipped training data saved for tree models in: Artifacts\data_cleaning\data_unclipped\train.parquet
[2026-03-07 10:22:24,827] 128 root - INFO - Clipping data from training file saved at: Artifacts\data_cleaning\caps.yaml
[2026-03-07 10:22:24,832] 133 root - INFO - Column: Quantity_abs has been clipped by 99th quantile: 144.0
[2026-03-07 10:22:24,836] 133 root - INFO - Column: Price has been clipped by 99th quantile: 14.95
[2026-03-07 10:22:25,159] 181 root - INFO - Clipped training data saved for linear models in: Artifacts\data_cleaning\data_clipped\train.parquet
[2026-03-07 10:22:25,159] 194 root - INFO - Data Cleaning Artifacts:
DataCleaningArtifacts(clipped_training_file_path='Artifacts\\data_cleaning\\data_clipped\\train.parquet', clipped_testing_file_path=None, unclipped_training_file_path='Artifacts\\data_cleaning\\data_unclipped\\train.parquet', unclipped_testing_file_path=None, simple_imputer_file_path='Artifacts\\data_cleaning\\missing_data_imputer\\SimpleImputerForPrice.joblib', caps_file_path_yaml='Artifacts\\data_cleaning\\caps.yaml')

[2026-03-07 10:22:25,159] 195 root - INFO - Cleaning Training Data Completed | Total Execution Time: 0.039 min.
[2026-03-07 10:22:25,174] 41 root - INFO - ----------------------------------------------------------------------------------------------------
[2026-03-07 10:22:25,174] 42 root - INFO - END OF: DATA CLEANING: TRAINING DATA
[2026-03-07 10:22:25,174] 43 root - INFO - ----------------------------------------------------------------------------------------------------



