[2026-03-16 16:27:31,324] 14 root - INFO - Reading YAML file from the path: params.yaml
[2026-03-16 16:27:31,331] 37 root - INFO - ----------------------------------------------------------------------------------------------------
[2026-03-16 16:27:31,331] 38 root - INFO - START OF: DATA INGSETION
[2026-03-16 16:27:31,331] 39 root - INFO - ----------------------------------------------------------------------------------------------------

[2026-03-16 16:27:31,337] 122 root - INFO - Data Ingestion Pipeline Started:
[2026-03-16 16:28:28,071] 51 root - INFO - RAW data shape: (1067371, 9) pulled from MongoDB.
[2026-03-16 16:28:28,470] 57 root - INFO - Total number of dropped rows: 243,007 or 22.77% with missing Customer ID
[2026-03-16 16:28:29,203] 68 root - INFO - Cut-off date: 2011-03-31 00:00:00 | Before: 824,364 samples | After: 513,367 samples. 
[2026-03-16 16:28:29,852] 75 root - INFO - Data Import From MongoDB As DataFrame Success | Records: 513,367 & Features: 8
[2026-03-16 16:28:30,655] 93 root - INFO - Dataframe saved as Parquet file in feature store in the path: Artifacts\data_ingestion\feature_store as a backup file.
[2026-03-16 16:28:31,027] 106 root - INFO - Train-test split completed | Training: (410693, 8) (80.0%)  and Test: (102674, 8) (20.0%).
[2026-03-16 16:28:31,904] 111 root - INFO - Exporting train and test data as Parquet completed.
[2026-03-16 16:28:31,987] 137 root - INFO - Data Ingestion Artifacts:
DataIngestionArtifacts(training_file_path='Artifacts\\data_ingestion\\ingested\\train.parquet', test_file_path='Artifacts\\data_ingestion\\ingested\\test.parquet')

[2026-03-16 16:28:31,987] 138 root - INFO - Data Ingestion Completed | Total Execution Time: 1.011 min.
[2026-03-16 16:28:32,226] 41 root - INFO - ----------------------------------------------------------------------------------------------------
[2026-03-16 16:28:32,227] 42 root - INFO - END OF: DATA INGSETION
[2026-03-16 16:28:32,227] 43 root - INFO - ----------------------------------------------------------------------------------------------------



[2026-03-16 16:28:32,227] 37 root - INFO - ----------------------------------------------------------------------------------------------------
[2026-03-16 16:28:32,227] 38 root - INFO - START OF: DATA VALIDATION
[2026-03-16 16:28:32,227] 39 root - INFO - ----------------------------------------------------------------------------------------------------

[2026-03-16 16:28:32,227] 14 root - INFO - Reading YAML file from the path: data_schema\schema.yaml
[2026-03-16 16:28:32,244] 122 root - INFO - Data Validation Pipeline Started:
[2026-03-16 16:28:32,720] 44 root - INFO - Training dataframe: Column length validation success!
[2026-03-16 16:28:32,721] 44 root - INFO - Testing dataframe: Column length validation success!
[2026-03-16 16:28:32,721] 66 root - ERROR - Data-type mismatch in 'Training' — Column: 'customerid' | Expected: 'int64' | Got: 'string'
