[2026-03-07 10:33:54,712] 14 root - INFO - Reading YAML file from the path: params.yaml
[2026-03-07 10:33:54,713] 37 root - INFO - ----------------------------------------------------------------------------------------------------
[2026-03-07 10:33:54,713] 38 root - INFO - START OF: DATA CLEANING: TESTING DATA
[2026-03-07 10:33:54,713] 39 root - INFO - ----------------------------------------------------------------------------------------------------

[2026-03-07 10:33:54,713] 206 root - INFO - Cleaning Testing Data Pipeline Started:
[2026-03-07 10:33:54,792] 210 root - INFO - Reading testing data success!!
[2026-03-07 10:33:54,895] 37 root - INFO - Total number of duplicates in the given testing dataframe: 984 were dropped.
[2026-03-07 10:33:54,896] 212 root - INFO - Duplicates removed in the testing data.
[2026-03-07 10:33:54,911] 90 root - INFO - testing has no missing(nan) values.
[2026-03-07 10:33:54,911] 218 root - INFO - Testing data has no missing values (NaN)
[2026-03-07 10:33:55,273] 106 root - INFO - Total number of returned orders in testing dataframe: 2,372
[2026-03-07 10:33:55,274] 107 root - INFO - Total number of cancelled orders in testing dataframe: 2,372
[2026-03-07 10:33:55,377] 228 root - INFO - Unclipped test file saved at: Artifacts\data_cleaning\data_unclipped\test.parquet
[2026-03-07 10:33:55,377] 14 root - INFO - Reading YAML file from the path: Artifacts\data_cleaning\caps.yaml
[2026-03-07 10:33:55,380] 141 root - INFO - Column: Price has been clipped using 14.95
[2026-03-07 10:33:55,381] 141 root - INFO - Column: Quantity_abs has been clipped using 144.0
[2026-03-07 10:33:55,467] 236 root - INFO - Clipped testing data saved at: Artifacts\data_cleaning\data_clipped\test.parquet
[2026-03-07 10:33:55,467] 248 root - INFO - Data Cleaning Artifacts:
DataCleaningArtifacts(clipped_training_file_path=None, clipped_testing_file_path='Artifacts\\data_cleaning\\data_clipped\\test.parquet', unclipped_training_file_path=None, unclipped_testing_file_path='Artifacts\\data_cleaning\\data_unclipped\\test.parquet', simple_imputer_file_path=None, caps_file_path_yaml=None)

[2026-03-07 10:33:55,467] 249 root - INFO - Cleaning Testing Data Completed | Total Execution Time: 0.013 min.
[2026-03-07 10:33:55,471] 41 root - INFO - ----------------------------------------------------------------------------------------------------
[2026-03-07 10:33:55,471] 42 root - INFO - END OF: DATA CLEANING: TESTING DATA
[2026-03-07 10:33:55,471] 43 root - INFO - ----------------------------------------------------------------------------------------------------



