[2026-04-05 21:38:18,228] 14 root - INFO - Reading YAML file from the path: params.yaml
[2026-04-05 21:38:18,229] 37 root - INFO - ----------------------------------------------------------------------------------------------------
[2026-04-05 21:38:18,229] 38 root - INFO - START OF: DATA INGSETION
[2026-04-05 21:38:18,229] 39 root - INFO - ----------------------------------------------------------------------------------------------------

[2026-04-05 21:38:18,231] 122 root - INFO - Data Ingestion Pipeline Started:
[2026-04-05 21:39:36,829] 51 root - INFO - RAW data shape: (1067371, 9) pulled from MongoDB.
[2026-04-05 21:39:37,110] 57 root - INFO - Total number of dropped rows: 243,007 or 22.77% with missing Customer ID
[2026-04-05 21:39:37,426] 68 root - INFO - Cut-off date: 2011-03-31 00:00:00 | Before: 824,364 samples | After: 513,367 samples. 
[2026-04-05 21:39:37,989] 75 root - INFO - Data Import From MongoDB As DataFrame Success | Records: 513,367 & Features: 8
[2026-04-05 21:39:38,620] 93 root - INFO - Dataframe saved as Parquet file in feature store in the path: Artifacts\data_ingestion\feature_store as a backup file.
[2026-04-05 21:39:38,938] 106 root - INFO - Train-test split completed | Training: (410693, 8) (80.0%)  and Test: (102674, 8) (20.0%).
[2026-04-05 21:39:39,537] 111 root - INFO - Exporting train and test data as Parquet completed.
[2026-04-05 21:39:39,606] 137 root - INFO - Data Ingestion Artifacts:
DataIngestionArtifacts(training_file_path='Artifacts\\data_ingestion\\ingested\\train.parquet', test_file_path='Artifacts\\data_ingestion\\ingested\\test.parquet')

[2026-04-05 21:39:39,607] 138 root - INFO - Data Ingestion Completed | Total Execution Time: 1.356 min.
[2026-04-05 21:39:39,773] 41 root - INFO - ----------------------------------------------------------------------------------------------------
[2026-04-05 21:39:39,774] 42 root - INFO - END OF: DATA INGSETION
[2026-04-05 21:39:39,774] 43 root - INFO - ----------------------------------------------------------------------------------------------------



[2026-04-05 21:39:39,774] 37 root - INFO - ----------------------------------------------------------------------------------------------------
[2026-04-05 21:39:39,774] 38 root - INFO - START OF: DATA VALIDATION
[2026-04-05 21:39:39,774] 39 root - INFO - ----------------------------------------------------------------------------------------------------

[2026-04-05 21:39:39,774] 14 root - INFO - Reading YAML file from the path: data_schema\schema.yaml
[2026-04-05 21:39:39,777] 125 root - INFO - Data Validation Pipeline Started:
[2026-04-05 21:39:39,986] 44 root - INFO - Training dataframe: Column length validation success!
[2026-04-05 21:39:39,986] 44 root - INFO - Testing dataframe: Column length validation success!
[2026-04-05 21:39:39,986] 76 root - INFO - 'Training' dataframe: All column data-type validations passed.
[2026-04-05 21:39:39,987] 76 root - INFO - 'Testing' dataframe: All column data-type validations passed.
[2026-04-05 21:39:40,338] 145 root - INFO - Data Validation Artifacts:
DataValidationArtifacts(validation_status=True, valid_train_file_path='Artifacts\\data_validation\\valid\\train.parquet', valid_test_file_path='Artifacts\\data_validation\\valid\\test.parquet', invalid_train_file_path=None, invalid_test_file_path=None, drift_report_file_path=None)

[2026-04-05 21:39:40,339] 146 root - INFO - Data Validation Completed | Total Execution Time: 0.009 min.
[2026-04-05 21:39:40,339] 41 root - INFO - ----------------------------------------------------------------------------------------------------
[2026-04-05 21:39:40,339] 42 root - INFO - END OF: DATA VALIDATION
[2026-04-05 21:39:40,339] 43 root - INFO - ----------------------------------------------------------------------------------------------------



[2026-04-05 21:39:40,339] 37 root - INFO - ----------------------------------------------------------------------------------------------------
[2026-04-05 21:39:40,339] 38 root - INFO - START OF: DATA CLEANING: TRAINING DATA
[2026-04-05 21:39:40,339] 39 root - INFO - ----------------------------------------------------------------------------------------------------

[2026-04-05 21:39:40,339] 14 root - INFO - Reading YAML file from the path: params.yaml
[2026-04-05 21:39:40,341] 28 root - INFO - Data cleaning parameters loaded with success: {'imputation_strategy': 'median', 'capping_quantiles': 0.99}
[2026-04-05 21:39:40,341] 152 root - INFO - Cleaning Training Data Pipeline Started:
[2026-04-05 21:39:40,471] 156 root - INFO - Reading training data success!
[2026-04-05 21:39:40,900] 38 root - INFO - Total number of duplicates in the given training dataframe: 14,477 were dropped.
[2026-04-05 21:39:40,900] 158 root - INFO - Duplicates handled in the training data.
[2026-04-05 21:39:40,954] 88 root - INFO - training dataframe missing value report:
invoice         0
stockcode       0
description     0
quantity        0
invoicedate     0
price          31
customerid      0
country         0
dtype: int64
[2026-04-05 21:39:40,997] 61 root - INFO - SimpleImputer used median as strategy and saved the imputer at: Artifacts\data_cleaning\missing_data_imputer\SimpleImputerForPrice.joblib path.
[2026-04-05 21:39:41,000] 74 root - INFO - Imputer loading Success from Artifacts\data_cleaning\missing_data_imputer\SimpleImputerForPrice.joblib
[2026-04-05 21:39:41,008] 76 root - INFO - Dataframe: training on column Price, imputation success!
[2026-04-05 21:39:41,569] 106 root - INFO - Total number of cancelled orders in training dataframe: 9,571
[2026-04-05 21:39:41,865] 176 root - INFO - Unclipped training data saved for tree models in: Artifacts\data_cleaning\data_unclipped\train.parquet
[2026-04-05 21:39:41,875] 124 root - INFO - Clipping values calculated on training data: {'quantity_abs': 144.0, 'price': 14.95}
[2026-04-05 21:39:41,876] 130 root - INFO - Clipping data from training file saved at: Artifacts\data_cleaning\caps.yaml
[2026-04-05 21:39:41,879] 135 root - INFO - Column: quantity_abs has been clipped by 99th quantile: 144.0
[2026-04-05 21:39:41,883] 135 root - INFO - Column: price has been clipped by 99th quantile: 14.95
[2026-04-05 21:39:42,181] 183 root - INFO - Clipped training data saved for linear models in: Artifacts\data_cleaning\data_clipped\train.parquet
[2026-04-05 21:39:42,181] 196 root - INFO - Data Cleaning Artifacts:
DataCleaningArtifacts(clipped_training_file_path='Artifacts\\data_cleaning\\data_clipped\\train.parquet', clipped_testing_file_path=None, unclipped_training_file_path='Artifacts\\data_cleaning\\data_unclipped\\train.parquet', unclipped_testing_file_path=None, simple_imputer_file_path='Artifacts\\data_cleaning\\missing_data_imputer\\SimpleImputerForPrice.joblib', caps_file_path_yaml='Artifacts\\data_cleaning\\caps.yaml')

[2026-04-05 21:39:42,181] 197 root - INFO - Cleaning Training Data Completed | Total Execution Time: 0.031 min.
[2026-04-05 21:39:42,193] 41 root - INFO - ----------------------------------------------------------------------------------------------------
[2026-04-05 21:39:42,193] 42 root - INFO - END OF: DATA CLEANING: TRAINING DATA
[2026-04-05 21:39:42,193] 43 root - INFO - ----------------------------------------------------------------------------------------------------



[2026-04-05 21:39:42,193] 37 root - INFO - ----------------------------------------------------------------------------------------------------
[2026-04-05 21:39:42,193] 38 root - INFO - START OF: DATA CLEANING: TESTING DATA
[2026-04-05 21:39:42,193] 39 root - INFO - ----------------------------------------------------------------------------------------------------

[2026-04-05 21:39:42,193] 14 root - INFO - Reading YAML file from the path: params.yaml
[2026-04-05 21:39:42,194] 28 root - INFO - Data cleaning parameters loaded with success: {'imputation_strategy': 'median', 'capping_quantiles': 0.99}
[2026-04-05 21:39:42,194] 207 root - INFO - Cleaning Testing Data Pipeline Started:
[2026-04-05 21:39:42,233] 211 root - INFO - Reading testing data success!!
[2026-04-05 21:39:42,335] 38 root - INFO - Total number of duplicates in the given testing dataframe: 995 were dropped.
[2026-04-05 21:39:42,336] 213 root - INFO - Duplicates removed in the testing data.
[2026-04-05 21:39:42,350] 88 root - INFO - testing dataframe missing value report:
invoice        0
stockcode      0
description    0
quantity       0
invoicedate    0
price          8
customerid     0
country        0
dtype: int64
[2026-04-05 21:39:42,351] 74 root - INFO - Imputer loading Success from Artifacts\data_cleaning\missing_data_imputer\SimpleImputerForPrice.joblib
[2026-04-05 21:39:42,353] 76 root - INFO - Dataframe: testing on column Price, imputation success!
[2026-04-05 21:39:42,487] 106 root - INFO - Total number of cancelled orders in testing dataframe: 2,389
[2026-04-05 21:39:42,571] 229 root - INFO - Unclipped test file saved at: Artifacts\data_cleaning\data_unclipped\test.parquet
[2026-04-05 21:39:42,571] 14 root - INFO - Reading YAML file from the path: Artifacts\data_cleaning\caps.yaml
[2026-04-05 21:39:42,574] 141 root - INFO - Column: price has been clipped using 14.95
[2026-04-05 21:39:42,576] 141 root - INFO - Column: quantity_abs has been clipped using 144.0
[2026-04-05 21:39:42,658] 237 root - INFO - Clipped testing data saved at: Artifacts\data_cleaning\data_clipped\test.parquet
[2026-04-05 21:39:42,658] 249 root - INFO - Data Cleaning Artifacts:
DataCleaningArtifacts(clipped_training_file_path=None, clipped_testing_file_path='Artifacts\\data_cleaning\\data_clipped\\test.parquet', unclipped_training_file_path=None, unclipped_testing_file_path='Artifacts\\data_cleaning\\data_unclipped\\test.parquet', simple_imputer_file_path=None, caps_file_path_yaml=None)

[2026-04-05 21:39:42,658] 250 root - INFO - Cleaning Testing Data Completed | Total Execution Time: 0.008 min.
[2026-04-05 21:39:42,660] 41 root - INFO - ----------------------------------------------------------------------------------------------------
[2026-04-05 21:39:42,661] 42 root - INFO - END OF: DATA CLEANING: TESTING DATA
[2026-04-05 21:39:42,661] 43 root - INFO - ----------------------------------------------------------------------------------------------------



[2026-04-05 21:39:42,661] 37 root - INFO - ----------------------------------------------------------------------------------------------------
[2026-04-05 21:39:42,661] 38 root - INFO - START OF: FEATURE ENGINEERING: CLIPPED DATASET
[2026-04-05 21:39:42,661] 39 root - INFO - ----------------------------------------------------------------------------------------------------

[2026-04-05 21:39:42,662] 27 root - INFO - FeatureEngineering Class initialization success!
[2026-04-05 21:39:42,662] 251 root - INFO - Feature Engineering For: clipped dataframes:
[2026-04-05 21:39:42,662] 252 root - INFO - ----------------------------------------------------------------------------------------------------
[2026-04-05 21:39:42,662] 255 root - INFO - Feature engineering pipeline started, given branch name: 'clipped'
[2026-04-05 21:39:42,776] 267 root - INFO - Reading Artifacts\data_cleaning\data_clipped\train.parquet data completed.
[2026-04-05 21:39:42,776] 268 root - INFO - Training clipped data has a shape of: (396216, 12)
[2026-04-05 21:39:42,814] 271 root - INFO - Reading Artifacts\data_cleaning\data_clipped\test.parquet data completed.
[2026-04-05 21:39:42,814] 272 root - INFO - Testing clipped data has a shape of: (101679, 12)
[2026-04-05 21:39:42,814] 47 root - INFO - Creating observation dataframe via 'create_observation_df()' method started for 'training:clipped' df.
[2026-04-05 21:39:42,854] 50 root - INFO - The shape of the training observation dataframe is: (341454, 12).
[2026-04-05 21:39:42,854] 51 root - INFO - The transactions in the training observation window ranges between: 2009-12-01 07:45:00 : 2010-12-23 16:06:00
[2026-04-05 21:39:42,854] 52 root - INFO - Creating observation dataframe via 'create_observation_df()' method for 'training:clipped' df success.
[2026-04-05 21:39:42,854] 47 root - INFO - Creating observation dataframe via 'create_observation_df()' method started for 'testing:clipped' df.
[2026-04-05 21:39:42,865] 50 root - INFO - The shape of the testing observation dataframe is: (88000, 12).
[2026-04-05 21:39:42,865] 51 root - INFO - The transactions in the testing observation window ranges between: 2009-12-01 07:45:00 : 2010-12-23 16:06:00
[2026-04-05 21:39:42,865] 52 root - INFO - Creating observation dataframe via 'create_observation_df()' method for 'testing:clipped' df success.
[2026-04-05 21:39:42,865] 280 root - INFO - --------------------------------------------------
[2026-04-05 21:39:42,865] 75 root - INFO - Creating the product/stockcode level metrics using 'create_stockcode_lvl_metrics()' method.
[2026-04-05 21:39:42,891] 77 root - INFO - There are a total of 4,001 unique products on the given training dataset.
[2026-04-05 21:39:42,949] 87 root - INFO - Creating the product/stockcode level metrics using 'create_stockcode_lvl_metrics()' method success
[2026-04-05 21:39:42,951] 284 root - INFO - --------------------------------------------------
[2026-04-05 21:39:42,951] 114 root - INFO - Creating the customer level risk for the products they buy: 'training:clipped df'
[2026-04-05 21:39:43,046] 127 root - INFO - Success for creating the customer level risk for the products they buy for 'training:clipped df'
[2026-04-05 21:39:43,048] 114 root - INFO - Creating the customer level risk for the products they buy: 'testing:clipped df'
[2026-04-05 21:39:43,085] 127 root - INFO - Success for creating the customer level risk for the products they buy for 'testing:clipped df'
[2026-04-05 21:39:43,086] 296 root - INFO - --------------------------------------------------
[2026-04-05 21:39:43,086] 156 root - INFO - Creating the customer level aggregated metrics for training:clipped data.
[2026-04-05 21:39:44,038] 200 root - INFO - Success in creating the customer level aggregated metrics.
[2026-04-05 21:39:44,042] 156 root - INFO - Creating the customer level aggregated metrics for testing:clipped data.
[2026-04-05 21:39:44,857] 200 root - INFO - Success in creating the customer level aggregated metrics.
[2026-04-05 21:39:44,858] 309 root - INFO - --------------------------------------------------
[2026-04-05 21:39:44,858] 225 root - INFO - Defining the churn label for training:clipped df.
[2026-04-05 21:39:44,859] 226 root - INFO - The observation window will be until: 2010-12-31 00:00:00.
[2026-04-05 21:39:44,859] 227 root - INFO - The churn window will be from: 2011-01-01 00:00:00 until:   2011-03-31 00:00:00
[2026-04-05 21:39:44,872] 229 root - INFO - The min invoice date in churn df: 2011-01-04 10:00:00 and the max is: 2011-03-30 17:33:00
[2026-04-05 21:39:44,874] 231 root - INFO - There are a total of: 1778 customer IDs who made the transaction in churn window.
[2026-04-05 21:39:44,875] 233 root - INFO - The count for the churn label is:
churn
1    2956
0    1418
Name: count, dtype: int64
[2026-04-05 21:39:44,876] 234 root - INFO - The shape of the finalized df is:(4374, 15)
[2026-04-05 21:39:44,876] 235 root - INFO - Success at defining the churn label for training:clipped df.
[2026-04-05 21:39:44,877] 225 root - INFO - Defining the churn label for testing:clipped df.
[2026-04-05 21:39:44,877] 226 root - INFO - The observation window will be until: 2010-12-31 00:00:00.
[2026-04-05 21:39:44,877] 227 root - INFO - The churn window will be from: 2011-01-01 00:00:00 until:   2011-03-31 00:00:00
[2026-04-05 21:39:44,881] 229 root - INFO - The min invoice date in churn df: 2011-01-04 10:00:00 and the max is: 2011-03-30 17:33:00
[2026-04-05 21:39:44,882] 231 root - INFO - There are a total of: 1623 customer IDs who made the transaction in churn window.
[2026-04-05 21:39:44,883] 233 root - INFO - The count for the churn label is:
churn
1    2874
0    1270
Name: count, dtype: int64
[2026-04-05 21:39:44,883] 234 root - INFO - The shape of the finalized df is:(4144, 15)
[2026-04-05 21:39:44,883] 235 root - INFO - Success at defining the churn label for testing:clipped df.
[2026-04-05 21:39:44,908] 331 root - INFO - Clipped training data saved to: Artifacts\feature_engineering\data_clipped\train.parquet
[2026-04-05 21:39:44,909] 332 root - INFO - Clipped testing data saved to: Artifacts\feature_engineering\data_clipped\test.parquet
[2026-04-05 21:39:44,909] 353 root - INFO - Feature Engineering Artifacts:
FeatureEngineeringArtifacts(clipped_training_file_path='Artifacts\\feature_engineering\\data_clipped\\train.parquet', clipped_testing_file_path='Artifacts\\feature_engineering\\data_clipped\\test.parquet', unclipped_training_file_path=None, unclipped_testing_file_path=None)

[2026-04-05 21:39:44,909] 354 root - INFO - Feature Engineering Completed | Total Execution Time: 0.037 min.
[2026-04-05 21:39:44,923] 41 root - INFO - ----------------------------------------------------------------------------------------------------
[2026-04-05 21:39:44,924] 42 root - INFO - END OF: FEATURE ENGINEERING
[2026-04-05 21:39:44,924] 43 root - INFO - ----------------------------------------------------------------------------------------------------



[2026-04-05 21:39:44,924] 37 root - INFO - ----------------------------------------------------------------------------------------------------
[2026-04-05 21:39:44,924] 38 root - INFO - START OF: FEATURE ENGINEERING
[2026-04-05 21:39:44,924] 39 root - INFO - ----------------------------------------------------------------------------------------------------

[2026-04-05 21:39:44,925] 27 root - INFO - FeatureEngineering Class initialization success!
[2026-04-05 21:39:44,925] 251 root - INFO - Feature Engineering For: unclipped dataframes:
[2026-04-05 21:39:44,925] 252 root - INFO - ----------------------------------------------------------------------------------------------------
[2026-04-05 21:39:44,925] 255 root - INFO - Feature engineering pipeline started, given branch name: 'unclipped'
[2026-04-05 21:39:45,048] 267 root - INFO - Reading Artifacts\data_cleaning\data_unclipped\train.parquet data completed.
[2026-04-05 21:39:45,048] 268 root - INFO - Training unclipped data has a shape of: (396216, 10)
[2026-04-05 21:39:45,086] 271 root - INFO - Reading Artifacts\data_cleaning\data_unclipped\test.parquet data completed.
[2026-04-05 21:39:45,086] 272 root - INFO - Testing unclipped data has a shape of: (101679, 10)
[2026-04-05 21:39:45,086] 47 root - INFO - Creating observation dataframe via 'create_observation_df()' method started for 'training:unclipped' df.
[2026-04-05 21:39:45,122] 50 root - INFO - The shape of the training observation dataframe is: (341454, 10).
[2026-04-05 21:39:45,122] 51 root - INFO - The transactions in the training observation window ranges between: 2009-12-01 07:45:00 : 2010-12-23 16:06:00
[2026-04-05 21:39:45,122] 52 root - INFO - Creating observation dataframe via 'create_observation_df()' method for 'training:unclipped' df success.
[2026-04-05 21:39:45,122] 47 root - INFO - Creating observation dataframe via 'create_observation_df()' method started for 'testing:unclipped' df.
[2026-04-05 21:39:45,132] 50 root - INFO - The shape of the testing observation dataframe is: (88000, 10).
[2026-04-05 21:39:45,132] 51 root - INFO - The transactions in the testing observation window ranges between: 2009-12-01 07:45:00 : 2010-12-23 16:06:00
[2026-04-05 21:39:45,132] 52 root - INFO - Creating observation dataframe via 'create_observation_df()' method for 'testing:unclipped' df success.
[2026-04-05 21:39:45,133] 280 root - INFO - --------------------------------------------------
[2026-04-05 21:39:45,133] 75 root - INFO - Creating the product/stockcode level metrics using 'create_stockcode_lvl_metrics()' method.
[2026-04-05 21:39:45,159] 77 root - INFO - There are a total of 4,001 unique products on the given training dataset.
[2026-04-05 21:39:45,219] 87 root - INFO - Creating the product/stockcode level metrics using 'create_stockcode_lvl_metrics()' method success
[2026-04-05 21:39:45,221] 284 root - INFO - --------------------------------------------------
[2026-04-05 21:39:45,222] 114 root - INFO - Creating the customer level risk for the products they buy: 'training:unclipped df'
[2026-04-05 21:39:45,335] 127 root - INFO - Success for creating the customer level risk for the products they buy for 'training:unclipped df'
[2026-04-05 21:39:45,336] 114 root - INFO - Creating the customer level risk for the products they buy: 'testing:unclipped df'
[2026-04-05 21:39:45,372] 127 root - INFO - Success for creating the customer level risk for the products they buy for 'testing:unclipped df'
[2026-04-05 21:39:45,373] 296 root - INFO - --------------------------------------------------
[2026-04-05 21:39:45,373] 156 root - INFO - Creating the customer level aggregated metrics for training:unclipped data.
[2026-04-05 21:39:46,302] 200 root - INFO - Success in creating the customer level aggregated metrics.
[2026-04-05 21:39:46,306] 156 root - INFO - Creating the customer level aggregated metrics for testing:unclipped data.
[2026-04-05 21:39:47,095] 200 root - INFO - Success in creating the customer level aggregated metrics.
[2026-04-05 21:39:47,097] 309 root - INFO - --------------------------------------------------
[2026-04-05 21:39:47,097] 225 root - INFO - Defining the churn label for training:unclipped df.
[2026-04-05 21:39:47,097] 226 root - INFO - The observation window will be until: 2010-12-31 00:00:00.
[2026-04-05 21:39:47,097] 227 root - INFO - The churn window will be from: 2011-01-01 00:00:00 until:   2011-03-31 00:00:00
[2026-04-05 21:39:47,108] 229 root - INFO - The min invoice date in churn df: 2011-01-04 10:00:00 and the max is: 2011-03-30 17:33:00
[2026-04-05 21:39:47,109] 231 root - INFO - There are a total of: 1778 customer IDs who made the transaction in churn window.
[2026-04-05 21:39:47,111] 233 root - INFO - The count for the churn label is:
churn
1    2956
0    1418
Name: count, dtype: int64
[2026-04-05 21:39:47,111] 234 root - INFO - The shape of the finalized df is:(4374, 15)
[2026-04-05 21:39:47,111] 235 root - INFO - Success at defining the churn label for training:unclipped df.
[2026-04-05 21:39:47,111] 225 root - INFO - Defining the churn label for testing:unclipped df.
[2026-04-05 21:39:47,111] 226 root - INFO - The observation window will be until: 2010-12-31 00:00:00.
[2026-04-05 21:39:47,112] 227 root - INFO - The churn window will be from: 2011-01-01 00:00:00 until:   2011-03-31 00:00:00
[2026-04-05 21:39:47,115] 229 root - INFO - The min invoice date in churn df: 2011-01-04 10:00:00 and the max is: 2011-03-30 17:33:00
[2026-04-05 21:39:47,115] 231 root - INFO - There are a total of: 1623 customer IDs who made the transaction in churn window.
[2026-04-05 21:39:47,117] 233 root - INFO - The count for the churn label is:
churn
1    2874
0    1270
Name: count, dtype: int64
[2026-04-05 21:39:47,117] 234 root - INFO - The shape of the finalized df is:(4144, 15)
[2026-04-05 21:39:47,117] 235 root - INFO - Success at defining the churn label for testing:unclipped df.
[2026-04-05 21:39:47,140] 338 root - INFO - Unclipped training data saved to: Artifacts\feature_engineering\data_unclipped\train.parquet
[2026-04-05 21:39:47,140] 339 root - INFO - Unclipped testing data saved to: Artifacts\feature_engineering\data_unclipped\test.parquet
[2026-04-05 21:39:47,140] 353 root - INFO - Feature Engineering Artifacts:
FeatureEngineeringArtifacts(clipped_training_file_path=None, clipped_testing_file_path=None, unclipped_training_file_path='Artifacts\\feature_engineering\\data_unclipped\\train.parquet', unclipped_testing_file_path='Artifacts\\feature_engineering\\data_unclipped\\test.parquet')

[2026-04-05 21:39:47,140] 354 root - INFO - Feature Engineering Completed | Total Execution Time: 0.037 min.
[2026-04-05 21:39:47,154] 41 root - INFO - ----------------------------------------------------------------------------------------------------
[2026-04-05 21:39:47,155] 42 root - INFO - END OF: FEATURE ENGINEERING: UNCLIPPED DATASET
[2026-04-05 21:39:47,155] 43 root - INFO - ----------------------------------------------------------------------------------------------------



[2026-04-05 21:39:47,155] 37 root - INFO - ----------------------------------------------------------------------------------------------------
[2026-04-05 21:39:47,155] 38 root - INFO - START OF: CREATING PRE-PROCESSOR
[2026-04-05 21:39:47,155] 39 root - INFO - ----------------------------------------------------------------------------------------------------

[2026-04-05 21:39:47,155] 22 root - INFO - Data Pre-Processing Class Initialization Success!
[2026-04-05 21:39:47,155] 120 root - INFO - Pre-Processor Pipeline Trigerred.
[2026-04-05 21:39:47,155] 31 root - INFO - Concatenating the final dataset.
[2026-04-05 21:39:47,177] 36 root - INFO - Concatenation completed. Final data size: (8518, 15)
[2026-04-05 21:39:47,177] 122 root - INFO - Pre-processor created on the full data size of: (8518, 15)
[2026-04-05 21:39:47,178] 124 root - INFO - The numerical features are:
None and the categoical features are:
['country']
[2026-04-05 21:39:47,178] 125 root - INFO - Creating dependent and independent features:
[2026-04-05 21:39:47,179] 61 root - INFO - Dependent and independent features created. Independent: (8518, 13) and dependent: (8518,)
[2026-04-05 21:39:47,194] 69 root - INFO - Independent feature saved at: Artifacts\pre_processing\full_dataset\X.parquet
[2026-04-05 21:39:47,194] 70 root - INFO - Dependent features saved at: Artifacts\pre_processing\full_dataset\y.parquet
[2026-04-05 21:39:47,194] 127 root - INFO - Creating the pre-processing file:
