[2026-03-07 15:24:05,734] 37 root - INFO - ----------------------------------------------------------------------------------------------------
[2026-03-07 15:24:05,734] 38 root - INFO - START OF: DATA INGSETION
[2026-03-07 15:24:05,735] 39 root - INFO - ----------------------------------------------------------------------------------------------------

[2026-03-07 15:24:05,740] 122 root - INFO - Data Ingestion Pipeline Started:
[2026-03-07 15:25:18,096] 51 root - INFO - RAW data shape: (1067371, 9) pulled from MongoDB.
[2026-03-07 15:25:18,447] 57 root - INFO - Total number of dropped rows: 243,007 or 22.77% with missing Customer ID
[2026-03-07 15:25:19,194] 68 root - INFO - Cut-off date: 2011-03-31 00:00:00 | Before: 824,364 samples | After: 513,367 samples. 
[2026-03-07 15:25:19,896] 75 root - INFO - Data Import From MongoDB As DataFrame Success | Records: 513,367 & Features: 8
[2026-03-07 15:25:20,607] 93 root - INFO - Dataframe saved as Parquet file in feature store in the path: Artifacts\data_ingestion\feature_store as a backup file.
[2026-03-07 15:25:20,968] 106 root - INFO - Train-test split completed | Training: (410693, 8) (80.0%)  and Test: (102674, 8) (20.0%).
[2026-03-07 15:25:21,761] 111 root - INFO - Exporting train and test data as Parquet completed.
[2026-03-07 15:25:21,843] 137 root - INFO - Data Ingestion Artifacts:
DataIngestionArtifacts(training_file_path='Artifacts\\data_ingestion\\ingested\\train.parquet', test_file_path='Artifacts\\data_ingestion\\ingested\\test.parquet')

[2026-03-07 15:25:21,843] 138 root - INFO - Data Ingestion Completed | Total Execution Time: 1.268 min.
[2026-03-07 15:25:22,014] 41 root - INFO - ----------------------------------------------------------------------------------------------------
[2026-03-07 15:25:22,014] 42 root - INFO - END OF: DATA INGSETION
[2026-03-07 15:25:22,014] 43 root - INFO - ----------------------------------------------------------------------------------------------------



[2026-03-07 15:25:22,014] 37 root - INFO - ----------------------------------------------------------------------------------------------------
[2026-03-07 15:25:22,014] 38 root - INFO - START OF: DATA VALIDATION
[2026-03-07 15:25:22,015] 39 root - INFO - ----------------------------------------------------------------------------------------------------

[2026-03-07 15:25:22,015] 14 root - INFO - Reading YAML file from the path: data_schema\schema.yaml
[2026-03-07 15:25:22,022] 113 root - INFO - Data Validation Pipeline Started:
[2026-03-07 15:25:22,305] 44 root - INFO - Training dataframe: Column length validation success!
[2026-03-07 15:25:22,305] 44 root - INFO - Testing dataframe: Column length validation success!
[2026-03-07 15:25:22,306] 65 root - INFO - Training dataframe: Data types validation success!
[2026-03-07 15:25:22,306] 65 root - INFO - Testing dataframe: Data types validation success!
[2026-03-07 15:25:22,738] 133 root - INFO - Data Validation Artifacts:
DataValidationArtifacts(validation_status=True, valid_train_file_path='Artifacts\\data_validation\\valid\\train.parquet', valid_test_file_path='Artifacts\\data_validation\\valid\\test.parquet', invalid_train_file_path=None, invalid_test_file_path=None, drift_report_file_path=None)

[2026-03-07 15:25:22,738] 134 root - INFO - Data Validation Completed | Total Execution Time: 0.012 min.
[2026-03-07 15:25:22,738] 41 root - INFO - ----------------------------------------------------------------------------------------------------
[2026-03-07 15:25:22,738] 42 root - INFO - END OF: DATA VALIDATION
[2026-03-07 15:25:22,738] 43 root - INFO - ----------------------------------------------------------------------------------------------------



[2026-03-07 15:25:22,738] 37 root - INFO - ----------------------------------------------------------------------------------------------------
[2026-03-07 15:25:22,739] 38 root - INFO - START OF: DATA CLEANING: TRAINING DATA
[2026-03-07 15:25:22,739] 39 root - INFO - ----------------------------------------------------------------------------------------------------

[2026-03-07 15:25:22,739] 14 root - INFO - Reading YAML file from the path: params.yaml
[2026-03-07 15:25:22,740] 28 root - INFO - Data cleaning parameters loaded with success: {'imputation_strategy': 'median', 'capping_quantiles': 0.99}
[2026-03-07 15:25:22,740] 154 root - INFO - Cleaning Training Data Pipeline Started:
[2026-03-07 15:25:22,902] 158 root - INFO - Reading training data success!
[2026-03-07 15:25:23,406] 38 root - INFO - Total number of duplicates in the given training dataframe: 14,524 were dropped.
[2026-03-07 15:25:23,407] 160 root - INFO - Duplicates handled in the training data.
[2026-03-07 15:25:23,468] 88 root - INFO - training dataframe missing value report:
invoice         0
stockcode       0
description     0
quantity        0
invoicedate     0
price          29
customerid      0
country         0
dtype: int64
[2026-03-07 15:25:23,509] 61 root - INFO - SimpleImputer used median as strategy and saved the imputer at: Artifacts\data_cleaning\missing_data_imputer\SimpleImputerForPrice.joblib path.
[2026-03-07 15:25:23,520] 74 root - INFO - Imputer loading Success from Artifacts\data_cleaning\missing_data_imputer\SimpleImputerForPrice.joblib
[2026-03-07 15:25:23,527] 76 root - INFO - Dataframe: training on column Price, imputation success!
[2026-03-07 15:25:24,503] 107 root - INFO - Total number of returned orders in training dataframe: 9,524
[2026-03-07 15:25:24,505] 108 root - INFO - Total number of cancelled orders in training dataframe: 9,524
[2026-03-07 15:25:24,944] 178 root - INFO - Unclipped training data saved for tree models in: Artifacts\data_cleaning\data_unclipped\train.parquet
[2026-03-07 15:25:24,958] 126 root - INFO - Clipping values calculated on training data: {'quantity_abs': 144.0, 'price': 14.95}
[2026-03-07 15:25:24,960] 132 root - INFO - Clipping data from training file saved at: Artifacts\data_cleaning\caps.yaml
[2026-03-07 15:25:24,965] 137 root - INFO - Column: quantity_abs has been clipped by 99th quantile: 144.0
[2026-03-07 15:25:24,969] 137 root - INFO - Column: price has been clipped by 99th quantile: 14.95
[2026-03-07 15:25:25,349] 185 root - INFO - Clipped training data saved for linear models in: Artifacts\data_cleaning\data_clipped\train.parquet
[2026-03-07 15:25:25,349] 198 root - INFO - Data Cleaning Artifacts:
DataCleaningArtifacts(clipped_training_file_path='Artifacts\\data_cleaning\\data_clipped\\train.parquet', clipped_testing_file_path=None, unclipped_training_file_path='Artifacts\\data_cleaning\\data_unclipped\\train.parquet', unclipped_testing_file_path=None, simple_imputer_file_path='Artifacts\\data_cleaning\\missing_data_imputer\\SimpleImputerForPrice.joblib', caps_file_path_yaml='Artifacts\\data_cleaning\\caps.yaml')

[2026-03-07 15:25:25,349] 199 root - INFO - Cleaning Training Data Completed | Total Execution Time: 0.044 min.
[2026-03-07 15:25:25,376] 41 root - INFO - ----------------------------------------------------------------------------------------------------
[2026-03-07 15:25:25,376] 42 root - INFO - END OF: DATA CLEANING: TRAINING DATA
[2026-03-07 15:25:25,376] 43 root - INFO - ----------------------------------------------------------------------------------------------------



