[2026-03-07 14:03:12,483] 37 root - INFO - ----------------------------------------------------------------------------------------------------
[2026-03-07 14:03:12,484] 38 root - INFO - START OF: DATA INGSETION
[2026-03-07 14:03:12,484] 39 root - INFO - ----------------------------------------------------------------------------------------------------

[2026-03-07 14:03:12,486] 122 root - INFO - Data Ingestion Pipeline Started:
[2026-03-07 14:04:51,255] 51 root - INFO - RAW data shape: (2134742, 9) pulled from MongoDB.
[2026-03-07 14:04:51,886] 57 root - INFO - Total number of dropped rows: 486,014 or 22.77% with missing Customer ID
[2026-03-07 14:04:53,331] 68 root - INFO - Cut-off date: 2011-03-31 00:00:00 | Before: 1,648,728 samples | After: 1,026,734 sampples. 
[2026-03-07 14:04:54,554] 75 root - INFO - Data Import From MongoDB As DataFrame Success | Records: 1,026,734 & Features: 8
[2026-03-07 14:04:55,922] 93 root - INFO - Dataframe saved as Parquet file in feature store in the path: Artifacts\data_ingestion\feature_store as a backup file.
[2026-03-07 14:04:56,900] 106 root - INFO - Train-test split completed | Training: (821387, 8) (80.0%)  and Test: (205347, 8) (20.0%).
[2026-03-07 14:04:58,546] 111 root - INFO - Exporting train and test data as Parquet completed.
[2026-03-07 14:04:58,732] 137 root - INFO - Data Ingestion Artifacts:
DataIngestionArtifacts(training_file_path='Artifacts\\data_ingestion\\ingested\\train.parquet', test_file_path='Artifacts\\data_ingestion\\ingested\\test.parquet')

[2026-03-07 14:04:58,732] 138 root - INFO - Data Ingestion Completed | Total Execution Time: 1.771 min.
[2026-03-07 14:04:59,100] 41 root - INFO - ----------------------------------------------------------------------------------------------------
[2026-03-07 14:04:59,100] 42 root - INFO - END OF: DATA INGSETION
[2026-03-07 14:04:59,100] 43 root - INFO - ----------------------------------------------------------------------------------------------------



[2026-03-07 14:04:59,100] 37 root - INFO - ----------------------------------------------------------------------------------------------------
[2026-03-07 14:04:59,100] 38 root - INFO - START OF: DATA VALIDATION
[2026-03-07 14:04:59,100] 39 root - INFO - ----------------------------------------------------------------------------------------------------

[2026-03-07 14:04:59,100] 14 root - INFO - Reading YAML file from the path: data_schema\schema.yaml
[2026-03-07 14:04:59,107] 113 root - INFO - Data Validation Pipeline Started:
[2026-03-07 14:04:59,556] 44 root - INFO - Training dataframe: Column length validation success!
[2026-03-07 14:04:59,557] 44 root - INFO - Testing dataframe: Column length validation success!
[2026-03-07 14:04:59,557] 65 root - INFO - Training dataframe: Data types validation success!
[2026-03-07 14:04:59,557] 65 root - INFO - Testing dataframe: Data types validation success!
[2026-03-07 14:05:00,405] 133 root - INFO - Data Validation Artifacts:
DataValidationArtifacts(validation_status=True, valid_train_file_path='Artifacts\\data_validation\\valid\\train.parquet', valid_test_file_path='Artifacts\\data_validation\\valid\\test.parquet', invalid_train_file_path=None, invalid_test_file_path=None, drift_report_file_path=None)

[2026-03-07 14:05:00,405] 134 root - INFO - Data Validation Completed | Total Execution Time: 0.022 min.
[2026-03-07 14:05:00,405] 41 root - INFO - ----------------------------------------------------------------------------------------------------
[2026-03-07 14:05:00,405] 42 root - INFO - END OF: DATA VALIDATION
[2026-03-07 14:05:00,405] 43 root - INFO - ----------------------------------------------------------------------------------------------------



[2026-03-07 14:05:00,405] 37 root - INFO - ----------------------------------------------------------------------------------------------------
[2026-03-07 14:05:00,405] 38 root - INFO - START OF: DATA CLEANING: TRAINING DATA
[2026-03-07 14:05:00,405] 39 root - INFO - ----------------------------------------------------------------------------------------------------

[2026-03-07 14:05:00,406] 14 root - INFO - Reading YAML file from the path: params.yaml
[2026-03-07 14:05:00,407] 28 root - INFO - Data cleaning parameters loaded with success: {'imputation_strategy': 'median', 'capping_quantiles': 0.99}
[2026-03-07 14:05:00,407] 154 root - INFO - Cleaning Training Data Pipeline Started:
[2026-03-07 14:05:00,705] 158 root - INFO - Reading training data success!
[2026-03-07 14:05:01,745] 38 root - INFO - Total number of duplicates in the given training dataframe: 349,432 were dropped.
[2026-03-07 14:05:01,745] 160 root - INFO - Duplicates handled in the training data.
[2026-03-07 14:05:01,823] 88 root - INFO - training dataframe missing value report:
Invoice         0
StockCode       0
Description     0
Quantity        0
InvoiceDate     0
Price          28
Customer ID     0
Country         0
dtype: int64
[2026-03-07 14:05:01,870] 61 root - INFO - SimpleImputer used median as strategy and saved the imputer at: Artifacts\data_cleaning\missing_data_imputer\SimpleImputerForPrice.joblib path.
[2026-03-07 14:05:01,871] 74 root - INFO - Imputer loading Success from Artifacts\data_cleaning\missing_data_imputer\SimpleImputerForPrice.joblib
[2026-03-07 14:05:01,879] 76 root - INFO - Dataframe: training on column Price, imputation success!
[2026-03-07 14:05:02,777] 107 root - INFO - Total number of returned orders in training dataframe: 11,391
[2026-03-07 14:05:02,777] 108 root - INFO - Total number of cancelled orders in training dataframe: 11,391
[2026-03-07 14:05:03,219] 178 root - INFO - Unclipped training data saved for tree models in: Artifacts\data_cleaning\data_unclipped\train.parquet
[2026-03-07 14:05:03,231] 126 root - INFO - Clipping values calculated on training data: {'Quantity_abs': 144.0, 'Price': 14.95}
[2026-03-07 14:05:03,232] 132 root - INFO - Clipping data from training file saved at: Artifacts\data_cleaning\caps.yaml
[2026-03-07 14:05:03,236] 137 root - INFO - Column: Quantity_abs has been clipped by 99th quantile: 144.0
[2026-03-07 14:05:03,240] 137 root - INFO - Column: Price has been clipped by 99th quantile: 14.95
[2026-03-07 14:05:03,678] 185 root - INFO - Clipped training data saved for linear models in: Artifacts\data_cleaning\data_clipped\train.parquet
[2026-03-07 14:05:03,678] 198 root - INFO - Data Cleaning Artifacts:
DataCleaningArtifacts(clipped_training_file_path='Artifacts\\data_cleaning\\data_clipped\\train.parquet', clipped_testing_file_path=None, unclipped_training_file_path='Artifacts\\data_cleaning\\data_unclipped\\train.parquet', unclipped_testing_file_path=None, simple_imputer_file_path='Artifacts\\data_cleaning\\missing_data_imputer\\SimpleImputerForPrice.joblib', caps_file_path_yaml='Artifacts\\data_cleaning\\caps.yaml')

[2026-03-07 14:05:03,678] 199 root - INFO - Cleaning Training Data Completed | Total Execution Time: 0.055 min.
[2026-03-07 14:05:03,710] 41 root - INFO - ----------------------------------------------------------------------------------------------------
[2026-03-07 14:05:03,710] 42 root - INFO - END OF: DATA CLEANING: TRAINING DATA
[2026-03-07 14:05:03,710] 43 root - INFO - ----------------------------------------------------------------------------------------------------



