[2026-04-12 11:49:03,359] 20 root - INFO - Prediction class initialization success!
[2026-04-12 11:50:19,670] 35 root - INFO - Provided features for prediction:
   order_frequency  total_monetary_value  total_quantity_abs  total_order_issues  country  avg_order_value  avg_quantity_per_order  customer_order_issue_rate  recency  tenure  avg_stockcode_issue_rate  max_stockcode_issue_rate  total_orders_made_for_stock
0               25                -850.0                  10                   8  Germany           -850.0                   250.0                       13.0       25      97                       1.0                      1.02                        195.0
[2026-04-12 11:50:19,685] 37 root - INFO - Features transformation success!
[2026-04-12 11:50:19,691] 54 root - INFO - The result of the prediction:
[{'prediction_probability': 0.4312, 'prediction': 'Stay', 'risk_label': 'No Risk'}]
[2026-04-12 12:11:17,386] 35 root - INFO - Provided features for prediction:
   order_frequency  total_monetary_value  total_quantity_abs  total_order_issues  country  avg_order_value  avg_quantity_per_order  customer_order_issue_rate  recency  tenure  avg_stockcode_issue_rate  max_stockcode_issue_rate  total_orders_made_for_stock
0               25                -850.0                  10                   8  Germany           -850.0                   250.0                       13.0       25      97                       1.0                      1.02                        195.0
[2026-04-12 12:11:17,391] 37 root - INFO - Features transformation success!
[2026-04-12 12:11:17,393] 54 root - INFO - The result of the prediction:
[{'prediction_probability': 0.4312, 'prediction': 'Stay', 'risk_label': 'No Risk'}]
[2026-04-12 19:46:15,509] 35 root - INFO - Provided features for prediction:
   order_frequency  total_monetary_value  total_quantity_abs  total_order_issues  country  avg_order_value  avg_quantity_per_order  customer_order_issue_rate  recency  tenure  avg_stockcode_issue_rate  max_stockcode_issue_rate  total_orders_made_for_stock
0               25                -850.0                  10                   8  Germany           -850.0                   250.0                       13.0       25      97                       1.0                      1.02                        195.0
[2026-04-12 19:46:15,524] 37 root - INFO - Features transformation success!
[2026-04-12 19:46:15,532] 54 root - INFO - The result of the prediction:
[{'prediction_probability': 0.4312, 'prediction': 'Stay', 'risk_label': 'No Risk'}]
[2026-04-12 19:59:28,645] 35 root - INFO - Provided features for prediction:
   order_frequency  total_monetary_value  total_quantity_abs  total_order_issues  country  avg_order_value  avg_quantity_per_order  customer_order_issue_rate  recency  tenure  avg_stockcode_issue_rate  max_stockcode_issue_rate  total_orders_made_for_stock
0               25                -850.0                  10                   8  Germany           -850.0                   250.0                       13.0       25      97                       1.0                      1.02                        195.0
[2026-04-12 19:59:28,650] 37 root - INFO - Features transformation success!
[2026-04-12 19:59:28,653] 54 root - INFO - The result of the prediction:
[{'prediction_probability': 0.4312, 'prediction': 'Stay', 'risk_label': 'No Risk'}]
