[2026-03-01 18:45:05,307] 33 root - INFO - ----------------------------------------------------------------------------------------------------
[2026-03-01 18:45:05,308] 35 root - INFO - START OF: DATA INGSETION
[2026-03-01 18:45:05,308] 36 root - INFO - ----------------------------------------------------------------------------------------------------
[2026-03-01 18:45:05,308] 107 root - INFO - Data Ingestion Pipeline Started:
[2026-03-01 18:45:57,992] 44 root - INFO - RAW data shape: (1067371, 9) pulled from MongoDB.
[2026-03-01 18:45:58,347] 50 root - INFO - Tota number of dropped rows: 243007 or 22.77% with missing Customer ID
[2026-03-01 18:45:59,302] 61 root - INFO - Data Import From MongoDB As DataFrame Success | Records: 824,364
[2026-03-01 18:46:00,182] 78 root - INFO - Dataframe saved as Parquet file in feature store in the path: Artifacts\data_ingestion\feature_store as a backup file.
[2026-03-01 18:46:01,014] 91 root - INFO - Train-test split completed | Training: 80.0% and Test: 20.0%
[2026-03-01 18:46:02,712] 96 root - INFO - Exporting train and test data as Parquet completed.
[2026-03-01 18:46:02,854] 116 root - INFO - Data Ingestion Completed | Total Execution Time: 0.959 min
[2026-03-01 18:46:02,854] 123 root - INFO - Data Ingestion Artifacts:
DataIngestionArtifacts(training_file_path='Artifacts\\data_ingestion\\ingested\\train.parquet', test_file_path='Artifacts\\data_ingestion\\ingested\\test.parquet')
[2026-03-01 18:46:03,149] 14 root - INFO - Reading YAML file from the path: data_schema\schema.yaml
[2026-03-01 18:46:03,153] 33 root - INFO - ----------------------------------------------------------------------------------------------------
[2026-03-01 18:46:03,153] 35 root - INFO - START OF: DATA VALIDATION
[2026-03-01 18:46:03,153] 36 root - INFO - ----------------------------------------------------------------------------------------------------
[2026-03-01 18:46:03,153] 113 root - INFO - Data Validation Pipeline Started:
[2026-03-01 18:46:03,459] 44 root - INFO - Training dataframe: Column length validation success!
[2026-03-01 18:46:03,459] 44 root - INFO - Testing dataframe: Column length validation success!
[2026-03-01 18:46:03,459] 65 root - INFO - Training dataframe: Data types validation success!
[2026-03-01 18:46:03,459] 65 root - INFO - Testing dataframe: Data types validation success!
[2026-03-01 18:46:04,046] 133 root - INFO - Data Validation Completed | Total Execution Time: 0.015 min.
[2026-03-01 18:46:04,046] 134 root - INFO - Data Validation Artifacts:
DataValidationArtifacts(validation_status=True, valid_train_file_path='Artifacts\\data_validation\\valid\\train.parquet', valid_test_file_path='Artifacts\\data_validation\\valid\\test.parquet', invalid_train_file_path=None, invalid_test_file_path=None, drift_report_file_path=None)
