[2026-03-02 14:12:20,005] 37 root - INFO - ----------------------------------------------------------------------------------------------------
[2026-03-02 14:12:20,005] 38 root - INFO - START OF: DATA INGSETION
[2026-03-02 14:12:20,005] 39 root - INFO - ----------------------------------------------------------------------------------------------------

[2026-03-02 14:12:20,006] 120 root - INFO - Data Ingestion Pipeline Started:
[2026-03-02 14:13:17,349] 51 root - INFO - RAW data shape: (1067371, 9) pulled from MongoDB.
[2026-03-02 14:13:17,720] 57 root - INFO - Tota number of dropped rows: 243007 or 22.77% with missing Customer ID
[2026-03-02 14:13:18,112] 68 root - INFO - Cut-off date: 2011-03-31 | Before: 824,364 samples | After: 513,367 sampples. 
[2026-03-02 14:13:18,752] 74 root - INFO - Data Import From MongoDB As DataFrame Success | Records: 513,367
[2026-03-02 14:13:19,433] 91 root - INFO - Dataframe saved as Parquet file in feature store in the path: Artifacts\data_ingestion\feature_store as a backup file.
[2026-03-02 14:13:19,829] 104 root - INFO - Train-test split completed | Training: 80.0% and Test: 20.0%
[2026-03-02 14:13:20,614] 109 root - INFO - Exporting train and test data as Parquet completed.
[2026-03-02 14:13:20,700] 135 root - INFO - Data Ingestion Artifacts:
DataIngestionArtifacts(training_file_path='Artifacts\\data_ingestion\\ingested\\train.parquet', test_file_path='Artifacts\\data_ingestion\\ingested\\test.parquet')

[2026-03-02 14:13:20,700] 136 root - INFO - Data Ingestion Completed | Total Execution Time: 1.012 min.
[2026-03-02 14:13:20,925] 41 root - INFO - ----------------------------------------------------------------------------------------------------
[2026-03-02 14:13:20,925] 42 root - INFO - END OF: DATA INGSETION
[2026-03-02 14:13:20,925] 43 root - INFO - ----------------------------------------------------------------------------------------------------



[2026-03-02 14:13:20,925] 37 root - INFO - ----------------------------------------------------------------------------------------------------
[2026-03-02 14:13:20,925] 38 root - INFO - START OF: DATA VALIDATION
[2026-03-02 14:13:20,926] 39 root - INFO - ----------------------------------------------------------------------------------------------------

[2026-03-02 14:13:20,926] 14 root - INFO - Reading YAML file from the path: data_schema\schema.yaml
[2026-03-02 14:13:20,946] 113 root - INFO - Data Validation Pipeline Started:
[2026-03-02 14:13:21,235] 44 root - INFO - Training dataframe: Column length validation success!
[2026-03-02 14:13:21,235] 44 root - INFO - Testing dataframe: Column length validation success!
[2026-03-02 14:13:21,235] 65 root - INFO - Training dataframe: Data types validation success!
[2026-03-02 14:13:21,235] 65 root - INFO - Testing dataframe: Data types validation success!
[2026-03-02 14:13:21,646] 134 root - INFO - Data Validation Artifacts:
DataValidationArtifacts(validation_status=True, valid_train_file_path='Artifacts\\data_validation\\valid\\train.parquet', valid_test_file_path='Artifacts\\data_validation\\valid\\test.parquet', invalid_train_file_path=None, invalid_test_file_path=None, drift_report_file_path=None)

[2026-03-02 14:13:21,646] 135 root - INFO - Data Validation Completed | Total Execution Time: 0.012 min.
[2026-03-02 14:13:21,646] 41 root - INFO - ----------------------------------------------------------------------------------------------------
[2026-03-02 14:13:21,646] 42 root - INFO - END OF: DATA VALIDATION
[2026-03-02 14:13:21,646] 43 root - INFO - ----------------------------------------------------------------------------------------------------



