[2026-04-05 21:27:57,294] 14 root - INFO - Reading YAML file from the path: params.yaml
[2026-04-05 21:27:57,295] 37 root - INFO - ----------------------------------------------------------------------------------------------------
[2026-04-05 21:27:57,295] 38 root - INFO - START OF: DATA INGSETION
[2026-04-05 21:27:57,295] 39 root - INFO - ----------------------------------------------------------------------------------------------------

[2026-04-05 21:27:57,298] 122 root - INFO - Data Ingestion Pipeline Started:
[2026-04-05 21:29:05,034] 51 root - INFO - RAW data shape: (1067371, 9) pulled from MongoDB.
[2026-04-05 21:29:05,335] 57 root - INFO - Total number of dropped rows: 243,007 or 22.77% with missing Customer ID
[2026-04-05 21:29:05,675] 68 root - INFO - Cut-off date: 2011-03-31 00:00:00 | Before: 824,364 samples | After: 513,367 samples. 
[2026-04-05 21:29:06,251] 75 root - INFO - Data Import From MongoDB As DataFrame Success | Records: 513,367 & Features: 8
[2026-04-05 21:29:06,905] 93 root - INFO - Dataframe saved as Parquet file in feature store in the path: Artifacts\data_ingestion\feature_store as a backup file.
[2026-04-05 21:29:07,232] 106 root - INFO - Train-test split completed | Training: (410693, 8) (80.0%)  and Test: (102674, 8) (20.0%).
[2026-04-05 21:29:07,887] 111 root - INFO - Exporting train and test data as Parquet completed.
[2026-04-05 21:29:07,964] 137 root - INFO - Data Ingestion Artifacts:
DataIngestionArtifacts(training_file_path='Artifacts\\data_ingestion\\ingested\\train.parquet', test_file_path='Artifacts\\data_ingestion\\ingested\\test.parquet')

[2026-04-05 21:29:07,964] 138 root - INFO - Data Ingestion Completed | Total Execution Time: 1.178 min.
[2026-04-05 21:29:08,138] 41 root - INFO - ----------------------------------------------------------------------------------------------------
[2026-04-05 21:29:08,138] 42 root - INFO - END OF: DATA INGSETION
[2026-04-05 21:29:08,139] 43 root - INFO - ----------------------------------------------------------------------------------------------------



[2026-04-05 21:29:08,139] 37 root - INFO - ----------------------------------------------------------------------------------------------------
[2026-04-05 21:29:08,139] 38 root - INFO - START OF: DATA VALIDATION
[2026-04-05 21:29:08,139] 39 root - INFO - ----------------------------------------------------------------------------------------------------

[2026-04-05 21:29:08,139] 14 root - INFO - Reading YAML file from the path: data_schema\schema.yaml
[2026-04-05 21:29:08,142] 125 root - INFO - Data Validation Pipeline Started:
[2026-04-05 21:29:08,345] 44 root - INFO - Training dataframe: Column length validation success!
[2026-04-05 21:29:08,345] 44 root - INFO - Testing dataframe: Column length validation success!
[2026-04-05 21:29:08,346] 76 root - INFO - 'Training' dataframe: All column data-type validations passed.
[2026-04-05 21:29:08,346] 76 root - INFO - 'Testing' dataframe: All column data-type validations passed.
[2026-04-05 21:29:08,701] 145 root - INFO - Data Validation Artifacts:
DataValidationArtifacts(validation_status=True, valid_train_file_path='Artifacts\\data_validation\\valid\\train.parquet', valid_test_file_path='Artifacts\\data_validation\\valid\\test.parquet', invalid_train_file_path=None, invalid_test_file_path=None, drift_report_file_path=None)

[2026-04-05 21:29:08,702] 146 root - INFO - Data Validation Completed | Total Execution Time: 0.009 min.
[2026-04-05 21:29:08,702] 41 root - INFO - ----------------------------------------------------------------------------------------------------
[2026-04-05 21:29:08,702] 42 root - INFO - END OF: DATA VALIDATION
[2026-04-05 21:29:08,702] 43 root - INFO - ----------------------------------------------------------------------------------------------------



[2026-04-05 21:29:08,702] 37 root - INFO - ----------------------------------------------------------------------------------------------------
[2026-04-05 21:29:08,702] 38 root - INFO - START OF: DATA CLEANING: TRAINING DATA
[2026-04-05 21:29:08,702] 39 root - INFO - ----------------------------------------------------------------------------------------------------

[2026-04-05 21:29:08,702] 14 root - INFO - Reading YAML file from the path: params.yaml
[2026-04-05 21:29:08,703] 28 root - INFO - Data cleaning parameters loaded with success: {'imputation_strategy': 'median', 'capping_quantiles': 0.99}
[2026-04-05 21:29:08,703] 152 root - INFO - Cleaning Training Data Pipeline Started:
[2026-04-05 21:29:08,828] 156 root - INFO - Reading training data success!
[2026-04-05 21:29:09,267] 38 root - INFO - Total number of duplicates in the given training dataframe: 14,479 were dropped.
[2026-04-05 21:29:09,267] 158 root - INFO - Duplicates handled in the training data.
[2026-04-05 21:29:09,319] 88 root - INFO - training dataframe missing value report:
invoice         0
stockcode       0
description     0
quantity        0
invoicedate     0
price          33
customerid      0
country         0
dtype: int64
[2026-04-05 21:29:09,363] 61 root - INFO - SimpleImputer used median as strategy and saved the imputer at: Artifacts\data_cleaning\missing_data_imputer\SimpleImputerForPrice.joblib path.
[2026-04-05 21:29:09,365] 74 root - INFO - Imputer loading Success from Artifacts\data_cleaning\missing_data_imputer\SimpleImputerForPrice.joblib
[2026-04-05 21:29:09,374] 76 root - INFO - Dataframe: training on column Price, imputation success!
[2026-04-05 21:29:09,959] 106 root - INFO - Total number of cancelled orders in training dataframe: 9,544
[2026-04-05 21:29:10,263] 176 root - INFO - Unclipped training data saved for tree models in: Artifacts\data_cleaning\data_unclipped\train.parquet
[2026-04-05 21:29:10,276] 124 root - INFO - Clipping values calculated on training data: {'quantity_abs': 144.0, 'price': 14.95}
[2026-04-05 21:29:10,277] 130 root - INFO - Clipping data from training file saved at: Artifacts\data_cleaning\caps.yaml
[2026-04-05 21:29:10,281] 135 root - INFO - Column: quantity_abs has been clipped by 99th quantile: 144.0
[2026-04-05 21:29:10,285] 135 root - INFO - Column: price has been clipped by 99th quantile: 14.95
[2026-04-05 21:29:10,590] 183 root - INFO - Clipped training data saved for linear models in: Artifacts\data_cleaning\data_clipped\train.parquet
[2026-04-05 21:29:10,590] 196 root - INFO - Data Cleaning Artifacts:
DataCleaningArtifacts(clipped_training_file_path='Artifacts\\data_cleaning\\data_clipped\\train.parquet', clipped_testing_file_path=None, unclipped_training_file_path='Artifacts\\data_cleaning\\data_unclipped\\train.parquet', unclipped_testing_file_path=None, simple_imputer_file_path='Artifacts\\data_cleaning\\missing_data_imputer\\SimpleImputerForPrice.joblib', caps_file_path_yaml='Artifacts\\data_cleaning\\caps.yaml')

[2026-04-05 21:29:10,590] 197 root - INFO - Cleaning Training Data Completed | Total Execution Time: 0.031 min.
[2026-04-05 21:29:10,601] 41 root - INFO - ----------------------------------------------------------------------------------------------------
[2026-04-05 21:29:10,601] 42 root - INFO - END OF: DATA CLEANING: TRAINING DATA
[2026-04-05 21:29:10,602] 43 root - INFO - ----------------------------------------------------------------------------------------------------



[2026-04-05 21:29:10,602] 37 root - INFO - ----------------------------------------------------------------------------------------------------
[2026-04-05 21:29:10,602] 38 root - INFO - START OF: DATA CLEANING: TESTING DATA
[2026-04-05 21:29:10,602] 39 root - INFO - ----------------------------------------------------------------------------------------------------

[2026-04-05 21:29:10,602] 14 root - INFO - Reading YAML file from the path: params.yaml
[2026-04-05 21:29:10,604] 28 root - INFO - Data cleaning parameters loaded with success: {'imputation_strategy': 'median', 'capping_quantiles': 0.99}
[2026-04-05 21:29:10,604] 207 root - INFO - Cleaning Testing Data Pipeline Started:
[2026-04-05 21:29:10,642] 211 root - INFO - Reading testing data success!!
[2026-04-05 21:29:10,786] 38 root - INFO - Total number of duplicates in the given testing dataframe: 976 were dropped.
[2026-04-05 21:29:10,786] 213 root - INFO - Duplicates removed in the testing data.
[2026-04-05 21:29:10,808] 88 root - INFO - testing dataframe missing value report:
invoice        0
stockcode      0
description    0
quantity       0
invoicedate    0
price          6
customerid     0
country        0
dtype: int64
[2026-04-05 21:29:10,809] 74 root - INFO - Imputer loading Success from Artifacts\data_cleaning\missing_data_imputer\SimpleImputerForPrice.joblib
[2026-04-05 21:29:10,812] 76 root - INFO - Dataframe: testing on column Price, imputation success!
[2026-04-05 21:29:11,046] 106 root - INFO - Total number of cancelled orders in testing dataframe: 2,422
[2026-04-05 21:29:11,142] 229 root - INFO - Unclipped test file saved at: Artifacts\data_cleaning\data_unclipped\test.parquet
[2026-04-05 21:29:11,143] 14 root - INFO - Reading YAML file from the path: Artifacts\data_cleaning\caps.yaml
[2026-04-05 21:29:11,146] 141 root - INFO - Column: price has been clipped using 14.95
[2026-04-05 21:29:11,149] 141 root - INFO - Column: quantity_abs has been clipped using 144.0
[2026-04-05 21:29:11,249] 237 root - INFO - Clipped testing data saved at: Artifacts\data_cleaning\data_clipped\test.parquet
[2026-04-05 21:29:11,249] 249 root - INFO - Data Cleaning Artifacts:
DataCleaningArtifacts(clipped_training_file_path=None, clipped_testing_file_path='Artifacts\\data_cleaning\\data_clipped\\test.parquet', unclipped_training_file_path=None, unclipped_testing_file_path='Artifacts\\data_cleaning\\data_unclipped\\test.parquet', simple_imputer_file_path=None, caps_file_path_yaml=None)

[2026-04-05 21:29:11,249] 250 root - INFO - Cleaning Testing Data Completed | Total Execution Time: 0.011 min.
[2026-04-05 21:29:11,252] 41 root - INFO - ----------------------------------------------------------------------------------------------------
[2026-04-05 21:29:11,252] 42 root - INFO - END OF: DATA CLEANING: TESTING DATA
[2026-04-05 21:29:11,252] 43 root - INFO - ----------------------------------------------------------------------------------------------------



[2026-04-05 21:29:11,252] 37 root - INFO - ----------------------------------------------------------------------------------------------------
[2026-04-05 21:29:11,252] 38 root - INFO - START OF: FEATURE ENGINEERING: CLIPPED DATASET
[2026-04-05 21:29:11,252] 39 root - INFO - ----------------------------------------------------------------------------------------------------

[2026-04-05 21:29:11,253] 27 root - INFO - FeatureEngineering Class initialization success!
[2026-04-05 21:29:11,253] 251 root - INFO - Feature Engineering For: clipped dataframes:
[2026-04-05 21:29:11,253] 252 root - INFO - ----------------------------------------------------------------------------------------------------
[2026-04-05 21:29:11,253] 255 root - INFO - Feature engineering pipeline started, given branch name: 'clipped'
[2026-04-05 21:29:11,372] 267 root - INFO - Reading Artifacts\data_cleaning\data_clipped\train.parquet data completed.
[2026-04-05 21:29:11,372] 268 root - INFO - Training clipped data has a shape of: (396214, 12)
[2026-04-05 21:29:11,409] 271 root - INFO - Reading Artifacts\data_cleaning\data_clipped\test.parquet data completed.
[2026-04-05 21:29:11,409] 272 root - INFO - Testing clipped data has a shape of: (101698, 12)
[2026-04-05 21:29:11,409] 47 root - INFO - Creating observation dataframe via 'create_observation_df()' method started for 'training:clipped' df.
[2026-04-05 21:29:11,453] 50 root - INFO - The shape of the training observation dataframe is: (341448, 12).
[2026-04-05 21:29:11,453] 51 root - INFO - The transactions in the training observation window ranges between: 2009-12-01 07:45:00 : 2010-12-23 16:06:00
[2026-04-05 21:29:11,453] 52 root - INFO - Creating observation dataframe via 'create_observation_df()' method for 'training:clipped' df success.
[2026-04-05 21:29:11,453] 47 root - INFO - Creating observation dataframe via 'create_observation_df()' method started for 'testing:clipped' df.
[2026-04-05 21:29:11,470] 50 root - INFO - The shape of the testing observation dataframe is: (88021, 12).
[2026-04-05 21:29:11,470] 51 root - INFO - The transactions in the testing observation window ranges between: 2009-12-01 07:45:00 : 2010-12-23 16:06:00
[2026-04-05 21:29:11,470] 52 root - INFO - Creating observation dataframe via 'create_observation_df()' method for 'testing:clipped' df success.
[2026-04-05 21:29:11,470] 280 root - INFO - --------------------------------------------------
[2026-04-05 21:29:11,470] 75 root - INFO - Creating the product/stockcode level metrics using 'create_stockcode_lvl_metrics()' method.
[2026-04-05 21:29:11,503] 77 root - INFO - There are a total of 4,008 unique products on the given training dataset.
[2026-04-05 21:29:11,593] 87 root - INFO - Creating the product/stockcode level metrics using 'create_stockcode_lvl_metrics()' method success
[2026-04-05 21:29:11,597] 284 root - INFO - --------------------------------------------------
[2026-04-05 21:29:11,597] 114 root - INFO - Creating the customer level risk for the products they buy: 'training:clipped df'
[2026-04-05 21:29:11,778] 127 root - INFO - Success for creating the customer level risk for the products they buy for 'training:clipped df'
[2026-04-05 21:29:11,779] 114 root - INFO - Creating the customer level risk for the products they buy: 'testing:clipped df'
[2026-04-05 21:29:11,836] 127 root - INFO - Success for creating the customer level risk for the products they buy for 'testing:clipped df'
[2026-04-05 21:29:11,838] 296 root - INFO - --------------------------------------------------
[2026-04-05 21:29:11,838] 156 root - INFO - Creating the customer level aggregated metrics for training:clipped data.
[2026-04-05 21:29:13,063] 200 root - INFO - Success in creating the customer level aggregated metrics.
[2026-04-05 21:29:13,066] 156 root - INFO - Creating the customer level aggregated metrics for testing:clipped data.
[2026-04-05 21:29:14,449] 200 root - INFO - Success in creating the customer level aggregated metrics.
[2026-04-05 21:29:14,450] 309 root - INFO - --------------------------------------------------
[2026-04-05 21:29:14,450] 225 root - INFO - Defining the churn label for training:clipped df.
[2026-04-05 21:29:14,451] 226 root - INFO - The observation window will be until: 2010-12-31 00:00:00.
[2026-04-05 21:29:14,451] 227 root - INFO - The churn window will be from: 2011-01-01 00:00:00 until:   2011-03-31 00:00:00
[2026-04-05 21:29:14,471] 229 root - INFO - The min invoice date in churn df: 2011-01-04 10:00:00 and the max is: 2011-03-30 17:33:00
[2026-04-05 21:29:14,473] 231 root - INFO - There are a total of: 1775 customer IDs who made the transaction in churn window.
[2026-04-05 21:29:14,475] 233 root - INFO - The count for the churn label is:
churn
1    2977
0    1412
Name: count, dtype: int64
[2026-04-05 21:29:14,476] 234 root - INFO - The shape of the finalized df is:(4389, 15)
[2026-04-05 21:29:14,476] 235 root - INFO - Success at defining the churn label for training:clipped df.
[2026-04-05 21:29:14,477] 225 root - INFO - Defining the churn label for testing:clipped df.
[2026-04-05 21:29:14,477] 226 root - INFO - The observation window will be until: 2010-12-31 00:00:00.
[2026-04-05 21:29:14,477] 227 root - INFO - The churn window will be from: 2011-01-01 00:00:00 until:   2011-03-31 00:00:00
[2026-04-05 21:29:14,483] 229 root - INFO - The min invoice date in churn df: 2011-01-04 10:00:00 and the max is: 2011-03-30 17:33:00
[2026-04-05 21:29:14,485] 231 root - INFO - There are a total of: 1615 customer IDs who made the transaction in churn window.
[2026-04-05 21:29:14,489] 233 root - INFO - The count for the churn label is:
churn
1    2840
0    1272
Name: count, dtype: int64
[2026-04-05 21:29:14,489] 234 root - INFO - The shape of the finalized df is:(4112, 15)
[2026-04-05 21:29:14,489] 235 root - INFO - Success at defining the churn label for testing:clipped df.
[2026-04-05 21:29:14,523] 331 root - INFO - Clipped training data saved to: Artifacts\feature_engineering\data_clipped\train.parquet
[2026-04-05 21:29:14,523] 332 root - INFO - Clipped testing data saved to: Artifacts\feature_engineering\data_clipped\test.parquet
[2026-04-05 21:29:14,523] 353 root - INFO - Feature Engineering Artifacts:
FeatureEngineeringArtifacts(clipped_training_file_path='Artifacts\\feature_engineering\\data_clipped\\train.parquet', clipped_testing_file_path='Artifacts\\feature_engineering\\data_clipped\\test.parquet', unclipped_training_file_path=None, unclipped_testing_file_path=None)

[2026-04-05 21:29:14,525] 354 root - INFO - Feature Engineering Completed | Total Execution Time: 0.055 min.
[2026-04-05 21:29:14,554] 41 root - INFO - ----------------------------------------------------------------------------------------------------
[2026-04-05 21:29:14,555] 42 root - INFO - END OF: FEATURE ENGINEERING
[2026-04-05 21:29:14,555] 43 root - INFO - ----------------------------------------------------------------------------------------------------



[2026-04-05 21:29:14,555] 37 root - INFO - ----------------------------------------------------------------------------------------------------
[2026-04-05 21:29:14,555] 38 root - INFO - START OF: FEATURE ENGINEERING
[2026-04-05 21:29:14,555] 39 root - INFO - ----------------------------------------------------------------------------------------------------

[2026-04-05 21:29:14,557] 27 root - INFO - FeatureEngineering Class initialization success!
[2026-04-05 21:29:14,557] 251 root - INFO - Feature Engineering For: unclipped dataframes:
[2026-04-05 21:29:14,557] 252 root - INFO - ----------------------------------------------------------------------------------------------------
[2026-04-05 21:29:14,557] 255 root - INFO - Feature engineering pipeline started, given branch name: 'unclipped'
[2026-04-05 21:29:14,864] 267 root - INFO - Reading Artifacts\data_cleaning\data_unclipped\train.parquet data completed.
[2026-04-05 21:29:14,865] 268 root - INFO - Training unclipped data has a shape of: (396214, 10)
[2026-04-05 21:29:14,935] 271 root - INFO - Reading Artifacts\data_cleaning\data_unclipped\test.parquet data completed.
[2026-04-05 21:29:14,936] 272 root - INFO - Testing unclipped data has a shape of: (101698, 10)
[2026-04-05 21:29:14,936] 47 root - INFO - Creating observation dataframe via 'create_observation_df()' method started for 'training:unclipped' df.
[2026-04-05 21:29:14,995] 50 root - INFO - The shape of the training observation dataframe is: (341448, 10).
[2026-04-05 21:29:14,996] 51 root - INFO - The transactions in the training observation window ranges between: 2009-12-01 07:45:00 : 2010-12-23 16:06:00
[2026-04-05 21:29:14,996] 52 root - INFO - Creating observation dataframe via 'create_observation_df()' method for 'training:unclipped' df success.
[2026-04-05 21:29:14,996] 47 root - INFO - Creating observation dataframe via 'create_observation_df()' method started for 'testing:unclipped' df.
[2026-04-05 21:29:15,012] 50 root - INFO - The shape of the testing observation dataframe is: (88021, 10).
[2026-04-05 21:29:15,012] 51 root - INFO - The transactions in the testing observation window ranges between: 2009-12-01 07:45:00 : 2010-12-23 16:06:00
[2026-04-05 21:29:15,012] 52 root - INFO - Creating observation dataframe via 'create_observation_df()' method for 'testing:unclipped' df success.
[2026-04-05 21:29:15,012] 280 root - INFO - --------------------------------------------------
[2026-04-05 21:29:15,012] 75 root - INFO - Creating the product/stockcode level metrics using 'create_stockcode_lvl_metrics()' method.
[2026-04-05 21:29:15,051] 77 root - INFO - There are a total of 4,008 unique products on the given training dataset.
[2026-04-05 21:29:15,138] 87 root - INFO - Creating the product/stockcode level metrics using 'create_stockcode_lvl_metrics()' method success
[2026-04-05 21:29:15,141] 284 root - INFO - --------------------------------------------------
[2026-04-05 21:29:15,141] 114 root - INFO - Creating the customer level risk for the products they buy: 'training:unclipped df'
[2026-04-05 21:29:15,283] 127 root - INFO - Success for creating the customer level risk for the products they buy for 'training:unclipped df'
[2026-04-05 21:29:15,285] 114 root - INFO - Creating the customer level risk for the products they buy: 'testing:unclipped df'
[2026-04-05 21:29:15,332] 127 root - INFO - Success for creating the customer level risk for the products they buy for 'testing:unclipped df'
[2026-04-05 21:29:15,333] 296 root - INFO - --------------------------------------------------
[2026-04-05 21:29:15,333] 156 root - INFO - Creating the customer level aggregated metrics for training:unclipped data.
[2026-04-05 21:29:17,467] 200 root - INFO - Success in creating the customer level aggregated metrics.
[2026-04-05 21:29:17,473] 156 root - INFO - Creating the customer level aggregated metrics for testing:unclipped data.
[2026-04-05 21:29:19,078] 200 root - INFO - Success in creating the customer level aggregated metrics.
[2026-04-05 21:29:19,082] 309 root - INFO - --------------------------------------------------
[2026-04-05 21:29:19,082] 225 root - INFO - Defining the churn label for training:unclipped df.
[2026-04-05 21:29:19,082] 226 root - INFO - The observation window will be until: 2010-12-31 00:00:00.
[2026-04-05 21:29:19,082] 227 root - INFO - The churn window will be from: 2011-01-01 00:00:00 until:   2011-03-31 00:00:00
[2026-04-05 21:29:19,102] 229 root - INFO - The min invoice date in churn df: 2011-01-04 10:00:00 and the max is: 2011-03-30 17:33:00
[2026-04-05 21:29:19,104] 231 root - INFO - There are a total of: 1775 customer IDs who made the transaction in churn window.
[2026-04-05 21:29:19,107] 233 root - INFO - The count for the churn label is:
churn
1    2977
0    1412
Name: count, dtype: int64
[2026-04-05 21:29:19,108] 234 root - INFO - The shape of the finalized df is:(4389, 15)
[2026-04-05 21:29:19,108] 235 root - INFO - Success at defining the churn label for training:unclipped df.
[2026-04-05 21:29:19,109] 225 root - INFO - Defining the churn label for testing:unclipped df.
[2026-04-05 21:29:19,110] 226 root - INFO - The observation window will be until: 2010-12-31 00:00:00.
[2026-04-05 21:29:19,110] 227 root - INFO - The churn window will be from: 2011-01-01 00:00:00 until:   2011-03-31 00:00:00
[2026-04-05 21:29:19,119] 229 root - INFO - The min invoice date in churn df: 2011-01-04 10:00:00 and the max is: 2011-03-30 17:33:00
[2026-04-05 21:29:19,120] 231 root - INFO - There are a total of: 1615 customer IDs who made the transaction in churn window.
[2026-04-05 21:29:19,124] 233 root - INFO - The count for the churn label is:
churn
1    2840
0    1272
Name: count, dtype: int64
[2026-04-05 21:29:19,124] 234 root - INFO - The shape of the finalized df is:(4112, 15)
[2026-04-05 21:29:19,124] 235 root - INFO - Success at defining the churn label for testing:unclipped df.
[2026-04-05 21:29:19,173] 338 root - INFO - Unclipped training data saved to: Artifacts\feature_engineering\data_unclipped\train.parquet
[2026-04-05 21:29:19,173] 339 root - INFO - Unclipped testing data saved to: Artifacts\feature_engineering\data_unclipped\test.parquet
[2026-04-05 21:29:19,174] 353 root - INFO - Feature Engineering Artifacts:
FeatureEngineeringArtifacts(clipped_training_file_path=None, clipped_testing_file_path=None, unclipped_training_file_path='Artifacts\\feature_engineering\\data_unclipped\\train.parquet', unclipped_testing_file_path='Artifacts\\feature_engineering\\data_unclipped\\test.parquet')

[2026-04-05 21:29:19,174] 354 root - INFO - Feature Engineering Completed | Total Execution Time: 0.077 min.
[2026-04-05 21:29:19,197] 41 root - INFO - ----------------------------------------------------------------------------------------------------
[2026-04-05 21:29:19,198] 42 root - INFO - END OF: FEATURE ENGINEERING: UNCLIPPED DATASET
[2026-04-05 21:29:19,198] 43 root - INFO - ----------------------------------------------------------------------------------------------------



[2026-04-05 21:29:19,198] 37 root - INFO - ----------------------------------------------------------------------------------------------------
[2026-04-05 21:29:19,198] 38 root - INFO - START OF: CREATING PRE-PROCESSOR
[2026-04-05 21:29:19,198] 39 root - INFO - ----------------------------------------------------------------------------------------------------

[2026-04-05 21:29:19,198] 22 root - INFO - Data Pre-Processing Class Initialization Success!
[2026-04-05 21:29:19,199] 121 root - INFO - Pre-Processor Pipeline Trigerred.
[2026-04-05 21:29:19,199] 31 root - INFO - Concatenating the final dataset.
[2026-04-05 21:29:19,250] 36 root - INFO - Concatenation completed. Final data size: (8501, 15)
[2026-04-05 21:29:19,250] 123 root - INFO - Pre-processor created on the full data size of: (8501, 15)
[2026-04-05 21:29:19,253] 48 root - INFO - The finalized dataset has a total of 14 numerical features and a total of 1 categorical features.
[2026-04-05 21:29:19,253] 125 root - INFO - The numerical features are:
['customerid', 'order_frequency', 'total_monetary_value', 'total_quantity_abs', 'total_order_issues', 'avg_order_value', 'avg_quantity_per_order', 'customer_order_issue_rate', 'recency', 'tenure', 'avg_stockcode_issue_rate', 'max_stockcode_issue_rate', 'total_orders_made_for_stock', 'churn'] and the categoical features are:
['country']
[2026-04-05 21:29:19,253] 126 root - INFO - Creating dependent and independent features:
[2026-04-05 21:29:19,257] 62 root - INFO - Dependent and independent features created. Independent: (8501, 13) and dependent: (8501,)
[2026-04-05 21:29:19,286] 70 root - INFO - Independent feature saved at: Artifacts\pre_processing\full_dataset\X.parquet
[2026-04-05 21:29:19,287] 71 root - INFO - Dependent features saved at: Artifacts\pre_processing\full_dataset\y.parquet
[2026-04-05 21:29:19,287] 128 root - INFO - Creating the pre-processing file:
