[2026-04-05 20:04:32,056] 14 root - INFO - Reading YAML file from the path: params.yaml
[2026-04-05 20:04:32,065] 37 root - INFO - ----------------------------------------------------------------------------------------------------
[2026-04-05 20:04:32,065] 38 root - INFO - START OF: DATA INGSETION
[2026-04-05 20:04:32,065] 39 root - INFO - ----------------------------------------------------------------------------------------------------

[2026-04-05 20:04:32,071] 122 root - INFO - Data Ingestion Pipeline Started:
[2026-04-05 20:05:39,076] 51 root - INFO - RAW data shape: (1067371, 9) pulled from MongoDB.
[2026-04-05 20:05:39,435] 57 root - INFO - Total number of dropped rows: 243,007 or 22.77% with missing Customer ID
[2026-04-05 20:05:39,776] 68 root - INFO - Cut-off date: 2011-03-31 00:00:00 | Before: 824,364 samples | After: 513,367 samples. 
[2026-04-05 20:05:40,356] 75 root - INFO - Data Import From MongoDB As DataFrame Success | Records: 513,367 & Features: 8
[2026-04-05 20:05:41,067] 93 root - INFO - Dataframe saved as Parquet file in feature store in the path: Artifacts\data_ingestion\feature_store as a backup file.
[2026-04-05 20:05:41,374] 106 root - INFO - Train-test split completed | Training: (410693, 8) (80.0%)  and Test: (102674, 8) (20.0%).
[2026-04-05 20:05:41,991] 111 root - INFO - Exporting train and test data as Parquet completed.
[2026-04-05 20:05:42,061] 137 root - INFO - Data Ingestion Artifacts:
DataIngestionArtifacts(training_file_path='Artifacts\\data_ingestion\\ingested\\train.parquet', test_file_path='Artifacts\\data_ingestion\\ingested\\test.parquet')

[2026-04-05 20:05:42,061] 138 root - INFO - Data Ingestion Completed | Total Execution Time: 1.166 min.
[2026-04-05 20:05:42,239] 41 root - INFO - ----------------------------------------------------------------------------------------------------
[2026-04-05 20:05:42,240] 42 root - INFO - END OF: DATA INGSETION
[2026-04-05 20:05:42,240] 43 root - INFO - ----------------------------------------------------------------------------------------------------



[2026-04-05 20:05:42,240] 37 root - INFO - ----------------------------------------------------------------------------------------------------
[2026-04-05 20:05:42,240] 38 root - INFO - START OF: DATA VALIDATION
[2026-04-05 20:05:42,240] 39 root - INFO - ----------------------------------------------------------------------------------------------------

[2026-04-05 20:05:42,240] 14 root - INFO - Reading YAML file from the path: data_schema\schema.yaml
[2026-04-05 20:05:42,255] 125 root - INFO - Data Validation Pipeline Started:
[2026-04-05 20:05:42,528] 44 root - INFO - Training dataframe: Column length validation success!
[2026-04-05 20:05:42,528] 44 root - INFO - Testing dataframe: Column length validation success!
[2026-04-05 20:05:42,528] 76 root - INFO - 'Training' dataframe: All column data-type validations passed.
[2026-04-05 20:05:42,529] 76 root - INFO - 'Testing' dataframe: All column data-type validations passed.
[2026-04-05 20:05:42,879] 145 root - INFO - Data Validation Artifacts:
DataValidationArtifacts(validation_status=True, valid_train_file_path='Artifacts\\data_validation\\valid\\train.parquet', valid_test_file_path='Artifacts\\data_validation\\valid\\test.parquet', invalid_train_file_path=None, invalid_test_file_path=None, drift_report_file_path=None)

[2026-04-05 20:05:42,879] 146 root - INFO - Data Validation Completed | Total Execution Time: 0.01 min.
[2026-04-05 20:05:42,879] 41 root - INFO - ----------------------------------------------------------------------------------------------------
[2026-04-05 20:05:42,879] 42 root - INFO - END OF: DATA VALIDATION
[2026-04-05 20:05:42,879] 43 root - INFO - ----------------------------------------------------------------------------------------------------



[2026-04-05 20:05:42,879] 37 root - INFO - ----------------------------------------------------------------------------------------------------
[2026-04-05 20:05:42,879] 38 root - INFO - START OF: DATA CLEANING: TRAINING DATA
[2026-04-05 20:05:42,879] 39 root - INFO - ----------------------------------------------------------------------------------------------------

[2026-04-05 20:05:42,879] 14 root - INFO - Reading YAML file from the path: params.yaml
[2026-04-05 20:05:42,880] 28 root - INFO - Data cleaning parameters loaded with success: {'imputation_strategy': 'median', 'capping_quantiles': 0.99}
[2026-04-05 20:05:42,881] 152 root - INFO - Cleaning Training Data Pipeline Started:
[2026-04-05 20:05:42,999] 156 root - INFO - Reading training data success!
[2026-04-05 20:05:43,433] 38 root - INFO - Total number of duplicates in the given training dataframe: 14,661 were dropped.
[2026-04-05 20:05:43,433] 158 root - INFO - Duplicates handled in the training data.
[2026-04-05 20:05:43,483] 88 root - INFO - training dataframe missing value report:
invoice         0
stockcode       0
description     0
quantity        0
invoicedate     0
price          31
customerid      0
country         0
dtype: int64
[2026-04-05 20:05:43,521] 61 root - INFO - SimpleImputer used median as strategy and saved the imputer at: Artifacts\data_cleaning\missing_data_imputer\SimpleImputerForPrice.joblib path.
[2026-04-05 20:05:43,533] 74 root - INFO - Imputer loading Success from Artifacts\data_cleaning\missing_data_imputer\SimpleImputerForPrice.joblib
[2026-04-05 20:05:43,540] 76 root - INFO - Dataframe: training on column Price, imputation success!
[2026-04-05 20:05:44,094] 106 root - INFO - Total number of cancelled orders in training dataframe: 9,563
[2026-04-05 20:05:44,393] 176 root - INFO - Unclipped training data saved for tree models in: Artifacts\data_cleaning\data_unclipped\train.parquet
[2026-04-05 20:05:44,405] 124 root - INFO - Clipping values calculated on training data: {'quantity_abs': 144.0, 'price': 14.95}
[2026-04-05 20:05:44,406] 130 root - INFO - Clipping data from training file saved at: Artifacts\data_cleaning\caps.yaml
[2026-04-05 20:05:44,410] 135 root - INFO - Column: quantity_abs has been clipped by 99th quantile: 144.0
[2026-04-05 20:05:44,414] 135 root - INFO - Column: price has been clipped by 99th quantile: 14.95
[2026-04-05 20:05:44,712] 183 root - INFO - Clipped training data saved for linear models in: Artifacts\data_cleaning\data_clipped\train.parquet
[2026-04-05 20:05:44,712] 196 root - INFO - Data Cleaning Artifacts:
DataCleaningArtifacts(clipped_training_file_path='Artifacts\\data_cleaning\\data_clipped\\train.parquet', clipped_testing_file_path=None, unclipped_training_file_path='Artifacts\\data_cleaning\\data_unclipped\\train.parquet', unclipped_testing_file_path=None, simple_imputer_file_path='Artifacts\\data_cleaning\\missing_data_imputer\\SimpleImputerForPrice.joblib', caps_file_path_yaml='Artifacts\\data_cleaning\\caps.yaml')

[2026-04-05 20:05:44,712] 197 root - INFO - Cleaning Training Data Completed | Total Execution Time: 0.031 min.
[2026-04-05 20:05:44,723] 41 root - INFO - ----------------------------------------------------------------------------------------------------
[2026-04-05 20:05:44,724] 42 root - INFO - END OF: DATA CLEANING: TRAINING DATA
[2026-04-05 20:05:44,724] 43 root - INFO - ----------------------------------------------------------------------------------------------------



[2026-04-05 20:05:44,724] 37 root - INFO - ----------------------------------------------------------------------------------------------------
[2026-04-05 20:05:44,724] 38 root - INFO - START OF: DATA CLEANING: TESTING DATA
[2026-04-05 20:05:44,724] 39 root - INFO - ----------------------------------------------------------------------------------------------------

[2026-04-05 20:05:44,724] 14 root - INFO - Reading YAML file from the path: params.yaml
[2026-04-05 20:05:44,725] 28 root - INFO - Data cleaning parameters loaded with success: {'imputation_strategy': 'median', 'capping_quantiles': 0.99}
[2026-04-05 20:05:44,725] 207 root - INFO - Cleaning Testing Data Pipeline Started:
[2026-04-05 20:05:44,762] 211 root - INFO - Reading testing data success!!
[2026-04-05 20:05:44,867] 38 root - INFO - Total number of duplicates in the given testing dataframe: 946 were dropped.
[2026-04-05 20:05:44,867] 213 root - INFO - Duplicates removed in the testing data.
[2026-04-05 20:05:44,881] 88 root - INFO - testing dataframe missing value report:
invoice        0
stockcode      0
description    0
quantity       0
invoicedate    0
price          8
customerid     0
country        0
dtype: int64
[2026-04-05 20:05:44,881] 74 root - INFO - Imputer loading Success from Artifacts\data_cleaning\missing_data_imputer\SimpleImputerForPrice.joblib
[2026-04-05 20:05:44,884] 76 root - INFO - Dataframe: testing on column Price, imputation success!
[2026-04-05 20:05:45,021] 106 root - INFO - Total number of cancelled orders in testing dataframe: 2,389
[2026-04-05 20:05:45,106] 229 root - INFO - Unclipped test file saved at: Artifacts\data_cleaning\data_unclipped\test.parquet
[2026-04-05 20:05:45,106] 14 root - INFO - Reading YAML file from the path: Artifacts\data_cleaning\caps.yaml
[2026-04-05 20:05:45,115] 141 root - INFO - Column: price has been clipped using 14.95
[2026-04-05 20:05:45,117] 141 root - INFO - Column: quantity_abs has been clipped using 144.0
[2026-04-05 20:05:45,199] 237 root - INFO - Clipped testing data saved at: Artifacts\data_cleaning\data_clipped\test.parquet
[2026-04-05 20:05:45,199] 249 root - INFO - Data Cleaning Artifacts:
DataCleaningArtifacts(clipped_training_file_path=None, clipped_testing_file_path='Artifacts\\data_cleaning\\data_clipped\\test.parquet', unclipped_training_file_path=None, unclipped_testing_file_path='Artifacts\\data_cleaning\\data_unclipped\\test.parquet', simple_imputer_file_path=None, caps_file_path_yaml=None)

[2026-04-05 20:05:45,199] 250 root - INFO - Cleaning Testing Data Completed | Total Execution Time: 0.008 min.
[2026-04-05 20:05:45,202] 41 root - INFO - ----------------------------------------------------------------------------------------------------
[2026-04-05 20:05:45,202] 42 root - INFO - END OF: DATA CLEANING: TESTING DATA
[2026-04-05 20:05:45,202] 43 root - INFO - ----------------------------------------------------------------------------------------------------



[2026-04-05 20:05:45,202] 37 root - INFO - ----------------------------------------------------------------------------------------------------
[2026-04-05 20:05:45,202] 38 root - INFO - START OF: FEATURE ENGINEERING: CLIPPED DATASET
[2026-04-05 20:05:45,202] 39 root - INFO - ----------------------------------------------------------------------------------------------------

[2026-04-05 20:05:45,209] 27 root - INFO - FeatureEngineering Class initialization success!
[2026-04-05 20:05:45,209] 251 root - INFO - Feature Engineering For: clipped dataframes:
[2026-04-05 20:05:45,209] 252 root - INFO - ----------------------------------------------------------------------------------------------------
[2026-04-05 20:05:45,209] 255 root - INFO - Feature engineering pipeline started, given branch name: 'clipped'
[2026-04-05 20:05:45,327] 267 root - INFO - Reading Artifacts\data_cleaning\data_clipped\train.parquet data completed.
[2026-04-05 20:05:45,327] 268 root - INFO - Training clipped data has a shape of: (396032, 12)
[2026-04-05 20:05:45,365] 271 root - INFO - Reading Artifacts\data_cleaning\data_clipped\test.parquet data completed.
[2026-04-05 20:05:45,365] 272 root - INFO - Testing clipped data has a shape of: (101728, 12)
[2026-04-05 20:05:45,365] 47 root - INFO - Creating observation dataframe via 'create_observation_df()' method started for 'training:clipped' df.
[2026-04-05 20:05:45,403] 50 root - INFO - The shape of the training observation dataframe is: (341452, 12).
[2026-04-05 20:05:45,403] 51 root - INFO - The transactions in the training observation window ranges between: 2009-12-01 07:45:00 : 2010-12-23 16:06:00
[2026-04-05 20:05:45,403] 52 root - INFO - Creating observation dataframe via 'create_observation_df()' method for 'training:clipped' df success.
[2026-04-05 20:05:45,403] 47 root - INFO - Creating observation dataframe via 'create_observation_df()' method started for 'testing:clipped' df.
[2026-04-05 20:05:45,413] 50 root - INFO - The shape of the testing observation dataframe is: (87878, 12).
[2026-04-05 20:05:45,414] 51 root - INFO - The transactions in the testing observation window ranges between: 2009-12-01 07:45:00 : 2010-12-23 16:06:00
[2026-04-05 20:05:45,414] 52 root - INFO - Creating observation dataframe via 'create_observation_df()' method for 'testing:clipped' df success.
[2026-04-05 20:05:45,414] 280 root - INFO - --------------------------------------------------
[2026-04-05 20:05:45,414] 75 root - INFO - Creating the product/stockcode level metrics using 'create_stockcode_lvl_metrics()' method.
[2026-04-05 20:05:45,441] 77 root - INFO - There are a total of 4,012 unique products on the given training dataset.
[2026-04-05 20:05:45,508] 87 root - INFO - Creating the product/stockcode level metrics using 'create_stockcode_lvl_metrics()' method success
[2026-04-05 20:05:45,511] 284 root - INFO - --------------------------------------------------
[2026-04-05 20:05:45,511] 114 root - INFO - Creating the customer level risk for the products they buy: 'training:clipped df'
[2026-04-05 20:05:45,612] 127 root - INFO - Success for creating the customer level risk for the products they buy for 'training:clipped df'
[2026-04-05 20:05:45,614] 114 root - INFO - Creating the customer level risk for the products they buy: 'testing:clipped df'
[2026-04-05 20:05:45,651] 127 root - INFO - Success for creating the customer level risk for the products they buy for 'testing:clipped df'
[2026-04-05 20:05:45,652] 296 root - INFO - --------------------------------------------------
[2026-04-05 20:05:45,652] 156 root - INFO - Creating the customer level aggregated metrics for training:clipped data.
[2026-04-05 20:05:46,629] 200 root - INFO - Success in creating the customer level aggregated metrics.
[2026-04-05 20:05:46,633] 156 root - INFO - Creating the customer level aggregated metrics for testing:clipped data.
[2026-04-05 20:05:47,555] 200 root - INFO - Success in creating the customer level aggregated metrics.
[2026-04-05 20:05:47,556] 309 root - INFO - --------------------------------------------------
[2026-04-05 20:05:47,556] 225 root - INFO - Defining the churn label for training:clipped df.
[2026-04-05 20:05:47,556] 226 root - INFO - The observation window will be until: 2010-12-31 00:00:00.
[2026-04-05 20:05:47,557] 227 root - INFO - The churn window will be from: 2011-01-01 00:00:00 until:   2011-03-31 00:00:00
[2026-04-05 20:05:47,571] 229 root - INFO - The min invoice date in churn df: 2011-01-04 10:00:00 and the max is: 2011-03-30 17:33:00
[2026-04-05 20:05:47,572] 231 root - INFO - There are a total of: 1778 customer IDs who made the transaction in churn window.
[2026-04-05 20:05:47,576] 233 root - INFO - The count for the churn label is:
churn
1    2975
0    1411
Name: count, dtype: int64
[2026-04-05 20:05:47,576] 234 root - INFO - The shape of the finalized df is:(4386, 15)
[2026-04-05 20:05:47,576] 235 root - INFO - Success at defining the churn label for training:clipped df.
[2026-04-05 20:05:47,577] 225 root - INFO - Defining the churn label for testing:clipped df.
[2026-04-05 20:05:47,577] 226 root - INFO - The observation window will be until: 2010-12-31 00:00:00.
[2026-04-05 20:05:47,577] 227 root - INFO - The churn window will be from: 2011-01-01 00:00:00 until:   2011-03-31 00:00:00
[2026-04-05 20:05:47,581] 229 root - INFO - The min invoice date in churn df: 2011-01-04 10:00:00 and the max is: 2011-03-30 17:33:00
[2026-04-05 20:05:47,582] 231 root - INFO - There are a total of: 1619 customer IDs who made the transaction in churn window.
[2026-04-05 20:05:47,584] 233 root - INFO - The count for the churn label is:
churn
1    2841
0    1280
Name: count, dtype: int64
[2026-04-05 20:05:47,584] 234 root - INFO - The shape of the finalized df is:(4121, 15)
[2026-04-05 20:05:47,584] 235 root - INFO - Success at defining the churn label for testing:clipped df.
[2026-04-05 20:05:47,614] 331 root - INFO - Clipped training data saved to: Artifacts\feature_engineering\data_clipped\train.parquet
[2026-04-05 20:05:47,614] 332 root - INFO - Clipped testing data saved to: Artifacts\feature_engineering\data_clipped\test.parquet
[2026-04-05 20:05:47,614] 353 root - INFO - Feature Engineering Artifacts:
FeatureEngineeringArtifacts(clipped_training_file_path='Artifacts\\feature_engineering\\data_clipped\\train.parquet', clipped_testing_file_path='Artifacts\\feature_engineering\\data_clipped\\test.parquet', unclipped_training_file_path=None, unclipped_testing_file_path=None)

[2026-04-05 20:05:47,614] 354 root - INFO - Feature Engineering Completed | Total Execution Time: 0.04 min.
[2026-04-05 20:05:47,629] 41 root - INFO - ----------------------------------------------------------------------------------------------------
[2026-04-05 20:05:47,629] 42 root - INFO - END OF: FEATURE ENGINEERING
[2026-04-05 20:05:47,630] 43 root - INFO - ----------------------------------------------------------------------------------------------------



[2026-04-05 20:05:47,630] 37 root - INFO - ----------------------------------------------------------------------------------------------------
[2026-04-05 20:05:47,630] 38 root - INFO - START OF: FEATURE ENGINEERING
[2026-04-05 20:05:47,630] 39 root - INFO - ----------------------------------------------------------------------------------------------------

[2026-04-05 20:05:47,630] 27 root - INFO - FeatureEngineering Class initialization success!
[2026-04-05 20:05:47,631] 251 root - INFO - Feature Engineering For: unclipped dataframes:
[2026-04-05 20:05:47,631] 252 root - INFO - ----------------------------------------------------------------------------------------------------
[2026-04-05 20:05:47,631] 255 root - INFO - Feature engineering pipeline started, given branch name: 'unclipped'
[2026-04-05 20:05:47,766] 267 root - INFO - Reading Artifacts\data_cleaning\data_unclipped\train.parquet data completed.
[2026-04-05 20:05:47,766] 268 root - INFO - Training unclipped data has a shape of: (396032, 10)
[2026-04-05 20:05:47,810] 271 root - INFO - Reading Artifacts\data_cleaning\data_unclipped\test.parquet data completed.
[2026-04-05 20:05:47,810] 272 root - INFO - Testing unclipped data has a shape of: (101728, 10)
[2026-04-05 20:05:47,810] 47 root - INFO - Creating observation dataframe via 'create_observation_df()' method started for 'training:unclipped' df.
[2026-04-05 20:05:47,857] 50 root - INFO - The shape of the training observation dataframe is: (341452, 10).
[2026-04-05 20:05:47,857] 51 root - INFO - The transactions in the training observation window ranges between: 2009-12-01 07:45:00 : 2010-12-23 16:06:00
[2026-04-05 20:05:47,857] 52 root - INFO - Creating observation dataframe via 'create_observation_df()' method for 'training:unclipped' df success.
[2026-04-05 20:05:47,857] 47 root - INFO - Creating observation dataframe via 'create_observation_df()' method started for 'testing:unclipped' df.
[2026-04-05 20:05:47,870] 50 root - INFO - The shape of the testing observation dataframe is: (87878, 10).
[2026-04-05 20:05:47,870] 51 root - INFO - The transactions in the testing observation window ranges between: 2009-12-01 07:45:00 : 2010-12-23 16:06:00
[2026-04-05 20:05:47,870] 52 root - INFO - Creating observation dataframe via 'create_observation_df()' method for 'testing:unclipped' df success.
[2026-04-05 20:05:47,870] 280 root - INFO - --------------------------------------------------
[2026-04-05 20:05:47,870] 75 root - INFO - Creating the product/stockcode level metrics using 'create_stockcode_lvl_metrics()' method.
[2026-04-05 20:05:47,908] 77 root - INFO - There are a total of 4,012 unique products on the given training dataset.
[2026-04-05 20:05:47,980] 87 root - INFO - Creating the product/stockcode level metrics using 'create_stockcode_lvl_metrics()' method success
[2026-04-05 20:05:47,983] 284 root - INFO - --------------------------------------------------
[2026-04-05 20:05:47,983] 114 root - INFO - Creating the customer level risk for the products they buy: 'training:unclipped df'
[2026-04-05 20:05:48,112] 127 root - INFO - Success for creating the customer level risk for the products they buy for 'training:unclipped df'
[2026-04-05 20:05:48,115] 114 root - INFO - Creating the customer level risk for the products they buy: 'testing:unclipped df'
[2026-04-05 20:05:48,171] 127 root - INFO - Success for creating the customer level risk for the products they buy for 'testing:unclipped df'
[2026-04-05 20:05:48,172] 296 root - INFO - --------------------------------------------------
[2026-04-05 20:05:48,172] 156 root - INFO - Creating the customer level aggregated metrics for training:unclipped data.
[2026-04-05 20:05:49,153] 200 root - INFO - Success in creating the customer level aggregated metrics.
[2026-04-05 20:05:49,158] 156 root - INFO - Creating the customer level aggregated metrics for testing:unclipped data.
[2026-04-05 20:05:49,953] 200 root - INFO - Success in creating the customer level aggregated metrics.
[2026-04-05 20:05:49,954] 309 root - INFO - --------------------------------------------------
[2026-04-05 20:05:49,954] 225 root - INFO - Defining the churn label for training:unclipped df.
[2026-04-05 20:05:49,954] 226 root - INFO - The observation window will be until: 2010-12-31 00:00:00.
[2026-04-05 20:05:49,954] 227 root - INFO - The churn window will be from: 2011-01-01 00:00:00 until:   2011-03-31 00:00:00
[2026-04-05 20:05:49,965] 229 root - INFO - The min invoice date in churn df: 2011-01-04 10:00:00 and the max is: 2011-03-30 17:33:00
[2026-04-05 20:05:49,966] 231 root - INFO - There are a total of: 1778 customer IDs who made the transaction in churn window.
[2026-04-05 20:05:49,968] 233 root - INFO - The count for the churn label is:
churn
1    2975
0    1411
Name: count, dtype: int64
[2026-04-05 20:05:49,968] 234 root - INFO - The shape of the finalized df is:(4386, 15)
[2026-04-05 20:05:49,969] 235 root - INFO - Success at defining the churn label for training:unclipped df.
[2026-04-05 20:05:49,969] 225 root - INFO - Defining the churn label for testing:unclipped df.
[2026-04-05 20:05:49,970] 226 root - INFO - The observation window will be until: 2010-12-31 00:00:00.
[2026-04-05 20:05:49,970] 227 root - INFO - The churn window will be from: 2011-01-01 00:00:00 until:   2011-03-31 00:00:00
[2026-04-05 20:05:49,973] 229 root - INFO - The min invoice date in churn df: 2011-01-04 10:00:00 and the max is: 2011-03-30 17:33:00
[2026-04-05 20:05:49,973] 231 root - INFO - There are a total of: 1619 customer IDs who made the transaction in churn window.
[2026-04-05 20:05:49,975] 233 root - INFO - The count for the churn label is:
churn
1    2841
0    1280
Name: count, dtype: int64
[2026-04-05 20:05:49,975] 234 root - INFO - The shape of the finalized df is:(4121, 15)
[2026-04-05 20:05:49,975] 235 root - INFO - Success at defining the churn label for testing:unclipped df.
[2026-04-05 20:05:50,002] 338 root - INFO - Unclipped training data saved to: Artifacts\feature_engineering\data_unclipped\train.parquet
[2026-04-05 20:05:50,002] 339 root - INFO - Unclipped testing data saved to: Artifacts\feature_engineering\data_unclipped\test.parquet
[2026-04-05 20:05:50,002] 353 root - INFO - Feature Engineering Artifacts:
FeatureEngineeringArtifacts(clipped_training_file_path=None, clipped_testing_file_path=None, unclipped_training_file_path='Artifacts\\feature_engineering\\data_unclipped\\train.parquet', unclipped_testing_file_path='Artifacts\\feature_engineering\\data_unclipped\\test.parquet')

[2026-04-05 20:05:50,003] 354 root - INFO - Feature Engineering Completed | Total Execution Time: 0.04 min.
[2026-04-05 20:05:50,016] 41 root - INFO - ----------------------------------------------------------------------------------------------------
[2026-04-05 20:05:50,016] 42 root - INFO - END OF: FEATURE ENGINEERING: UNCLIPPED DATASET
[2026-04-05 20:05:50,016] 43 root - INFO - ----------------------------------------------------------------------------------------------------



[2026-04-05 20:05:50,016] 37 root - INFO - ----------------------------------------------------------------------------------------------------
[2026-04-05 20:05:50,016] 38 root - INFO - START OF: CREATING PRE-PROCESSOR
[2026-04-05 20:05:50,016] 39 root - INFO - ----------------------------------------------------------------------------------------------------

[2026-04-05 20:05:50,016] 22 root - INFO - Data Pre-Processing Class Initialization Success!
[2026-04-05 20:05:50,016] 109 root - INFO - Pre-Processor Pipeline Trigerred.
[2026-04-05 20:05:50,016] 31 root - INFO - Concatenating the final dataset.
[2026-04-05 20:05:50,047] 36 root - INFO - Concatenation completed. Final data size: (8505, 15)
[2026-04-05 20:05:50,047] 111 root - INFO - Pre-processor created on the full data size of: (8505, 15)
