[2026-04-24 15:36:48,574] 14 root - INFO - Reading YAML file from the path: params.yaml
[2026-04-24 15:36:48,583] 37 root - INFO - ----------------------------------------------------------------------------------------------------
[2026-04-24 15:36:48,583] 38 root - INFO - START OF: DATA INGSETION
[2026-04-24 15:36:48,583] 39 root - INFO - ----------------------------------------------------------------------------------------------------

[2026-04-24 15:36:48,588] 122 root - INFO - Data Ingestion Pipeline Started:
[2026-04-24 15:37:51,792] 51 root - INFO - RAW data shape: (1067371, 9) pulled from MongoDB.
[2026-04-24 15:37:52,136] 57 root - INFO - Total number of dropped rows: 243,007 or 22.77% with missing Customer ID
[2026-04-24 15:37:52,506] 68 root - INFO - Cut-off date: 2011-03-31 00:00:00 | Before: 824,364 samples | After: 513,367 samples. 
[2026-04-24 15:37:53,075] 75 root - INFO - Data Import From MongoDB As DataFrame Success | Records: 513,367 & Features: 8
[2026-04-24 15:37:53,784] 93 root - INFO - Dataframe saved as Parquet file in feature store in the path: Artifacts\data_ingestion\feature_store as a backup file.
[2026-04-24 15:37:54,095] 106 root - INFO - Train-test split completed | Training: (410693, 8) (80.0%)  and Test: (102674, 8) (20.0%).
[2026-04-24 15:37:54,683] 111 root - INFO - Exporting train and test data as Parquet completed.
[2026-04-24 15:37:54,756] 137 root - INFO - Data Ingestion Artifacts:
DataIngestionArtifacts(training_file_path='Artifacts\\data_ingestion\\ingested\\train.parquet', test_file_path='Artifacts\\data_ingestion\\ingested\\test.parquet')

[2026-04-24 15:37:54,756] 138 root - INFO - Data Ingestion Completed | Total Execution Time: 1.103 min.
[2026-04-24 15:37:54,919] 41 root - INFO - ----------------------------------------------------------------------------------------------------
[2026-04-24 15:37:54,919] 42 root - INFO - END OF: DATA INGSETION
[2026-04-24 15:37:54,919] 43 root - INFO - ----------------------------------------------------------------------------------------------------



[2026-04-24 15:37:54,919] 37 root - INFO - ----------------------------------------------------------------------------------------------------
[2026-04-24 15:37:54,919] 38 root - INFO - START OF: DATA VALIDATION
[2026-04-24 15:37:54,919] 39 root - INFO - ----------------------------------------------------------------------------------------------------

[2026-04-24 15:37:54,919] 14 root - INFO - Reading YAML file from the path: data_schema\schema.yaml
[2026-04-24 15:37:54,933] 161 root - INFO - Data Validation Pipeline Started:
[2026-04-24 15:37:55,196] 44 root - INFO - Training dataframe: Column length validation success!
[2026-04-24 15:37:55,196] 44 root - INFO - Testing dataframe: Column length validation success!
[2026-04-24 15:37:55,196] 76 root - INFO - 'Training' dataframe: All column data-type validations passed.
[2026-04-24 15:37:55,197] 76 root - INFO - 'Testing' dataframe: All column data-type validations passed.
[2026-04-24 15:37:56,491] 26 root - INFO - Writing the YAML file in the given path: Artifacts\data_validation\drift_report\report.yaml
[2026-04-24 15:37:56,848] 185 root - INFO - Data Validation Artifacts:
DataValidationArtifacts(validation_status=True, valid_train_file_path='Artifacts\\data_validation\\valid\\train.parquet', valid_test_file_path='Artifacts\\data_validation\\valid\\test.parquet', invalid_train_file_path=None, invalid_test_file_path=None, drift_report_file_path='Artifacts\\data_validation\\drift_report\\report.yaml')

[2026-04-24 15:37:56,849] 186 root - INFO - Data Validation Completed | Total Execution Time: 0.032 min.
[2026-04-24 15:37:56,849] 41 root - INFO - ----------------------------------------------------------------------------------------------------
[2026-04-24 15:37:56,849] 42 root - INFO - END OF: DATA VALIDATION
[2026-04-24 15:37:56,849] 43 root - INFO - ----------------------------------------------------------------------------------------------------



[2026-04-24 15:37:56,849] 37 root - INFO - ----------------------------------------------------------------------------------------------------
[2026-04-24 15:37:56,849] 38 root - INFO - START OF: DATA CLEANING: TRAINING DATA
[2026-04-24 15:37:56,849] 39 root - INFO - ----------------------------------------------------------------------------------------------------

[2026-04-24 15:37:56,849] 14 root - INFO - Reading YAML file from the path: params.yaml
[2026-04-24 15:37:56,852] 27 root - INFO - Data cleaning parameters loaded with success: {'imputation_strategy': 'median', 'capping_quantiles': 0.99}
[2026-04-24 15:37:56,852] 151 root - INFO - Cleaning Training Data Pipeline Started:
[2026-04-24 15:37:56,973] 155 root - INFO - Reading training data success!
[2026-04-24 15:37:57,392] 37 root - INFO - Total number of duplicates in the given training dataframe: 14,612 were dropped.
[2026-04-24 15:37:57,392] 157 root - INFO - Duplicates handled in the training data.
[2026-04-24 15:37:57,452] 87 root - INFO - training dataframe missing value report:
invoice         0
stockcode       0
description     0
quantity        0
invoicedate     0
price          31
customerid      0
country         0
dtype: int64
[2026-04-24 15:37:57,486] 60 root - INFO - SimpleImputer used median as strategy and saved the imputer at: Artifacts\data_cleaning\missing_data_imputer\SimpleImputerForPrice.joblib path.
[2026-04-24 15:37:57,495] 73 root - INFO - Imputer loading Success from Artifacts\data_cleaning\missing_data_imputer\SimpleImputerForPrice.joblib
[2026-04-24 15:37:57,504] 75 root - INFO - Dataframe: training on column Price, imputation success!
[2026-04-24 15:37:59,703] 105 root - INFO - Total number of cancelled orders in training dataframe: 9,548
[2026-04-24 15:38:00,026] 175 root - INFO - Unclipped training data saved for tree models in: Artifacts\data_cleaning\data_unclipped\train.parquet
[2026-04-24 15:38:00,037] 123 root - INFO - Clipping values calculated on training data: {'quantity_abs': 144.0, 'price': 14.95}
[2026-04-24 15:38:00,038] 129 root - INFO - Clipping data from training file saved at: Artifacts\data_cleaning\caps.yaml
[2026-04-24 15:38:00,042] 134 root - INFO - Column: quantity_abs has been clipped by 99th quantile: 144.0
[2026-04-24 15:38:00,047] 134 root - INFO - Column: price has been clipped by 99th quantile: 14.95
[2026-04-24 15:38:00,357] 182 root - INFO - Clipped training data saved for linear models in: Artifacts\data_cleaning\data_clipped\train.parquet
[2026-04-24 15:38:00,357] 195 root - INFO - Data Cleaning Artifacts:
DataCleaningArtifacts(clipped_training_file_path='Artifacts\\data_cleaning\\data_clipped\\train.parquet', clipped_testing_file_path=None, unclipped_training_file_path='Artifacts\\data_cleaning\\data_unclipped\\train.parquet', unclipped_testing_file_path=None, simple_imputer_file_path='Artifacts\\data_cleaning\\missing_data_imputer\\SimpleImputerForPrice.joblib', caps_file_path_yaml='Artifacts\\data_cleaning\\caps.yaml')

[2026-04-24 15:38:00,357] 196 root - INFO - Cleaning Training Data Completed | Total Execution Time: 0.058 min.
[2026-04-24 15:38:00,368] 41 root - INFO - ----------------------------------------------------------------------------------------------------
[2026-04-24 15:38:00,368] 42 root - INFO - END OF: DATA CLEANING: TRAINING DATA
[2026-04-24 15:38:00,368] 43 root - INFO - ----------------------------------------------------------------------------------------------------



[2026-04-24 15:38:00,368] 37 root - INFO - ----------------------------------------------------------------------------------------------------
[2026-04-24 15:38:00,368] 38 root - INFO - START OF: DATA CLEANING: TESTING DATA
[2026-04-24 15:38:00,368] 39 root - INFO - ----------------------------------------------------------------------------------------------------

[2026-04-24 15:38:00,368] 14 root - INFO - Reading YAML file from the path: params.yaml
[2026-04-24 15:38:00,370] 27 root - INFO - Data cleaning parameters loaded with success: {'imputation_strategy': 'median', 'capping_quantiles': 0.99}
[2026-04-24 15:38:00,370] 206 root - INFO - Cleaning Testing Data Pipeline Started:
[2026-04-24 15:38:00,408] 210 root - INFO - Reading testing data success!!
[2026-04-24 15:38:00,507] 37 root - INFO - Total number of duplicates in the given testing dataframe: 948 were dropped.
[2026-04-24 15:38:00,508] 212 root - INFO - Duplicates removed in the testing data.
[2026-04-24 15:38:00,521] 87 root - INFO - testing dataframe missing value report:
invoice        0
stockcode      0
description    0
quantity       0
invoicedate    0
price          8
customerid     0
country        0
dtype: int64
[2026-04-24 15:38:00,521] 73 root - INFO - Imputer loading Success from Artifacts\data_cleaning\missing_data_imputer\SimpleImputerForPrice.joblib
[2026-04-24 15:38:00,524] 75 root - INFO - Dataframe: testing on column Price, imputation success!
[2026-04-24 15:38:01,106] 105 root - INFO - Total number of cancelled orders in testing dataframe: 2,421
[2026-04-24 15:38:01,255] 228 root - INFO - Unclipped test file saved at: Artifacts\data_cleaning\data_unclipped\test.parquet
[2026-04-24 15:38:01,256] 14 root - INFO - Reading YAML file from the path: Artifacts\data_cleaning\caps.yaml
[2026-04-24 15:38:01,269] 140 root - INFO - Column: price has been clipped using 14.95
[2026-04-24 15:38:01,271] 140 root - INFO - Column: quantity_abs has been clipped using 144.0
[2026-04-24 15:38:01,364] 236 root - INFO - Clipped testing data saved at: Artifacts\data_cleaning\data_clipped\test.parquet
[2026-04-24 15:38:01,364] 248 root - INFO - Data Cleaning Artifacts:
DataCleaningArtifacts(clipped_training_file_path=None, clipped_testing_file_path='Artifacts\\data_cleaning\\data_clipped\\test.parquet', unclipped_training_file_path=None, unclipped_testing_file_path='Artifacts\\data_cleaning\\data_unclipped\\test.parquet', simple_imputer_file_path=None, caps_file_path_yaml=None)

[2026-04-24 15:38:01,364] 249 root - INFO - Cleaning Testing Data Completed | Total Execution Time: 0.017 min.
[2026-04-24 15:38:01,366] 41 root - INFO - ----------------------------------------------------------------------------------------------------
[2026-04-24 15:38:01,367] 42 root - INFO - END OF: DATA CLEANING: TESTING DATA
[2026-04-24 15:38:01,367] 43 root - INFO - ----------------------------------------------------------------------------------------------------



[2026-04-24 15:38:01,367] 37 root - INFO - ----------------------------------------------------------------------------------------------------
[2026-04-24 15:38:01,367] 38 root - INFO - START OF: FEATURE ENGINEERING
[2026-04-24 15:38:01,367] 39 root - INFO - ----------------------------------------------------------------------------------------------------

[2026-04-24 15:38:01,370] 27 root - INFO - FeatureEngineering Class initialization success!
[2026-04-24 15:38:01,370] 251 root - INFO - Feature Engineering For: unclipped dataframes:
[2026-04-24 15:38:01,370] 252 root - INFO - ----------------------------------------------------------------------------------------------------
[2026-04-24 15:38:01,371] 255 root - INFO - Feature engineering pipeline started, given branch name: 'unclipped'
[2026-04-24 15:38:01,516] 267 root - INFO - Reading Artifacts\data_cleaning\data_unclipped\train.parquet data completed.
[2026-04-24 15:38:01,516] 268 root - INFO - Training unclipped data has a shape of: (396081, 10)
[2026-04-24 15:38:01,561] 271 root - INFO - Reading Artifacts\data_cleaning\data_unclipped\test.parquet data completed.
[2026-04-24 15:38:01,561] 272 root - INFO - Testing unclipped data has a shape of: (101726, 10)
[2026-04-24 15:38:01,561] 47 root - INFO - Creating observation dataframe via 'create_observation_df()' method started for 'training:unclipped' df.
[2026-04-24 15:38:01,633] 50 root - INFO - The shape of the training observation dataframe is: (341479, 10).
[2026-04-24 15:38:01,633] 51 root - INFO - The transactions in the training observation window ranges between: 2009-12-01 07:45:00 : 2010-12-23 16:06:00
[2026-04-24 15:38:01,633] 52 root - INFO - Creating observation dataframe via 'create_observation_df()' method for 'training:unclipped' df success.
[2026-04-24 15:38:01,633] 47 root - INFO - Creating observation dataframe via 'create_observation_df()' method started for 'testing:unclipped' df.
[2026-04-24 15:38:01,654] 50 root - INFO - The shape of the testing observation dataframe is: (87882, 10).
[2026-04-24 15:38:01,654] 51 root - INFO - The transactions in the testing observation window ranges between: 2009-12-01 07:45:00 : 2010-12-23 16:06:00
[2026-04-24 15:38:01,654] 52 root - INFO - Creating observation dataframe via 'create_observation_df()' method for 'testing:unclipped' df success.
[2026-04-24 15:38:01,654] 280 root - INFO - --------------------------------------------------
[2026-04-24 15:38:01,655] 75 root - INFO - Creating the product/stockcode level metrics using 'create_stockcode_lvl_metrics()' method.
[2026-04-24 15:38:01,694] 77 root - INFO - There are a total of 4,002 unique products on the given training dataset.
[2026-04-24 15:38:01,764] 87 root - INFO - Creating the product/stockcode level metrics using 'create_stockcode_lvl_metrics()' method success
[2026-04-24 15:38:01,766] 284 root - INFO - --------------------------------------------------
[2026-04-24 15:38:01,766] 114 root - INFO - Creating the customer level risk for the products they buy: 'training:unclipped df'
[2026-04-24 15:38:01,879] 127 root - INFO - Success for creating the customer level risk for the products they buy for 'training:unclipped df'
[2026-04-24 15:38:01,881] 114 root - INFO - Creating the customer level risk for the products they buy: 'testing:unclipped df'
[2026-04-24 15:38:01,923] 127 root - INFO - Success for creating the customer level risk for the products they buy for 'testing:unclipped df'
[2026-04-24 15:38:01,924] 296 root - INFO - --------------------------------------------------
[2026-04-24 15:38:01,924] 156 root - INFO - Creating the customer level aggregated metrics for training:unclipped data.
[2026-04-24 15:38:02,962] 200 root - INFO - Success in creating the customer level aggregated metrics.
[2026-04-24 15:38:02,966] 156 root - INFO - Creating the customer level aggregated metrics for testing:unclipped data.
[2026-04-24 15:38:03,806] 200 root - INFO - Success in creating the customer level aggregated metrics.
[2026-04-24 15:38:03,806] 309 root - INFO - --------------------------------------------------
[2026-04-24 15:38:03,807] 225 root - INFO - Defining the churn label for training:unclipped df.
[2026-04-24 15:38:03,807] 226 root - INFO - The observation window will be until: 2010-12-31 00:00:00.
[2026-04-24 15:38:03,807] 227 root - INFO - The churn window will be from: 2011-01-01 00:00:00 until:   2011-03-31 00:00:00
[2026-04-24 15:38:03,817] 229 root - INFO - The min invoice date in churn df: 2011-01-04 10:00:00 and the max is: 2011-03-30 17:33:00
[2026-04-24 15:38:03,819] 231 root - INFO - There are a total of: 1771 customer IDs who made the transaction in churn window.
[2026-04-24 15:38:03,824] 233 root - INFO - The count for the churn label is:
churn
1    2977
0    1408
Name: count, dtype: int64
[2026-04-24 15:38:03,824] 234 root - INFO - The shape of the finalized df is:(4385, 15)
[2026-04-24 15:38:03,824] 235 root - INFO - Success at defining the churn label for training:unclipped df.
[2026-04-24 15:38:03,826] 225 root - INFO - Defining the churn label for testing:unclipped df.
[2026-04-24 15:38:03,826] 226 root - INFO - The observation window will be until: 2010-12-31 00:00:00.
[2026-04-24 15:38:03,826] 227 root - INFO - The churn window will be from: 2011-01-01 00:00:00 until:   2011-03-31 00:00:00
[2026-04-24 15:38:03,829] 229 root - INFO - The min invoice date in churn df: 2011-01-04 10:00:00 and the max is: 2011-03-30 17:33:00
[2026-04-24 15:38:03,830] 231 root - INFO - There are a total of: 1628 customer IDs who made the transaction in churn window.
[2026-04-24 15:38:03,832] 233 root - INFO - The count for the churn label is:
churn
1    2832
0    1291
Name: count, dtype: int64
[2026-04-24 15:38:03,832] 234 root - INFO - The shape of the finalized df is:(4123, 15)
[2026-04-24 15:38:03,832] 235 root - INFO - Success at defining the churn label for testing:unclipped df.
[2026-04-24 15:38:03,855] 338 root - INFO - Unclipped training data saved to: Artifacts\feature_engineering\data_unclipped\train.parquet
[2026-04-24 15:38:03,855] 339 root - INFO - Unclipped testing data saved to: Artifacts\feature_engineering\data_unclipped\test.parquet
[2026-04-24 15:38:03,855] 353 root - INFO - Feature Engineering Artifacts:
FeatureEngineeringArtifacts(clipped_training_file_path=None, clipped_testing_file_path=None, unclipped_training_file_path='Artifacts\\feature_engineering\\data_unclipped\\train.parquet', unclipped_testing_file_path='Artifacts\\feature_engineering\\data_unclipped\\test.parquet')

[2026-04-24 15:38:03,855] 354 root - INFO - Feature Engineering Completed | Total Execution Time: 0.041 min.
[2026-04-24 15:38:03,868] 41 root - INFO - ----------------------------------------------------------------------------------------------------
[2026-04-24 15:38:03,868] 42 root - INFO - END OF: FEATURE ENGINEERING: UNCLIPPED DATASET
[2026-04-24 15:38:03,868] 43 root - INFO - ----------------------------------------------------------------------------------------------------



[2026-04-24 15:38:03,868] 37 root - INFO - ----------------------------------------------------------------------------------------------------
[2026-04-24 15:38:03,868] 38 root - INFO - START OF: CREATING PRE-PROCESSOR
[2026-04-24 15:38:03,868] 39 root - INFO - ----------------------------------------------------------------------------------------------------

[2026-04-24 15:38:03,868] 23 root - INFO - Data Pre-Processing Class Initialization Success!
[2026-04-24 15:38:03,868] 159 root - INFO - Pre-Processor Pipeline Trigerred.
[2026-04-24 15:38:03,868] 37 root - INFO - Concatenating the final dataset.
[2026-04-24 15:38:03,894] 42 root - INFO - Concatenation completed. Final data size: (8507, 15)
[2026-04-24 15:38:03,895] 62 root - INFO - The numerical features are:
['order_frequency', 'total_monetary_value', 'avg_order_value', 'avg_quantity_per_order', 'customer_order_issue_rate', 'recency', 'tenure', 'avg_stockcode_issue_rate', 'max_stockcode_issue_rate', 'total_orders_made_for_stock'] and the categoical features are:
['country']
[2026-04-24 15:38:03,895] 63 root - INFO - The dataset has 10 numerical features and 1 categorical features.
[2026-04-24 15:38:03,896] 83 root - INFO - Dependent and independent features created. Independent: (8507, 13) and dependent: (8507,)
[2026-04-24 15:38:03,909] 91 root - INFO - Independent feature saved at: Artifacts\pre_processing\full_dataset\X.parquet
[2026-04-24 15:38:03,909] 92 root - INFO - Dependent features saved at: Artifacts\pre_processing\full_dataset\y.parquet
[2026-04-24 15:38:03,909] 109 root - INFO - Creating the pre-processing file:
[2026-04-24 15:38:03,927] 115 root - INFO - Preprocessor fitted successfully.
ColumnTransformer(transformers=[('numerical', RobustScaler(),
                                 ['order_frequency', 'total_monetary_value',
                                  'avg_order_value', 'avg_quantity_per_order',
                                  'customer_order_issue_rate', 'recency',
                                  'tenure', 'avg_stockcode_issue_rate',
                                  'max_stockcode_issue_rate',
                                  'total_orders_made_for_stock']),
                                ('categorical',
                                 OneHotEncoder(handle_unknown='ignore',
                                               sparse_output=False),
                                 ['country'])])
[2026-04-24 15:38:03,929] 122 root - INFO - Preprocessor saved to Artifacts\pre_processing\pre_processor.pkl
[2026-04-24 15:38:03,929] 172 root - INFO - Pre-Processing Artifacts:
PreProcessingArtifacts(pre_processor_file_path='Artifacts\\pre_processing\\pre_processor.pkl', X_path='Artifacts\\pre_processing\\full_dataset\\X.parquet', y_path='Artifacts\\pre_processing\\full_dataset\\y.parquet')
[2026-04-24 15:38:03,929] 173 root - INFO - Pre-processor completed! | Total Execution Time: 0.001 min.
[2026-04-24 15:38:03,929] 41 root - INFO - ----------------------------------------------------------------------------------------------------
[2026-04-24 15:38:03,930] 42 root - INFO - END OF: CREATING PRE-PROCESSOR
[2026-04-24 15:38:03,930] 43 root - INFO - ----------------------------------------------------------------------------------------------------



[2026-04-24 15:38:03,930] 37 root - INFO - ----------------------------------------------------------------------------------------------------
[2026-04-24 15:38:03,930] 38 root - INFO - START OF: MODEL TRAINING
[2026-04-24 15:38:03,930] 39 root - INFO - ----------------------------------------------------------------------------------------------------

[2026-04-24 15:38:03,930] 14 root - INFO - Reading YAML file from the path: params.yaml
[2026-04-24 15:38:03,932] 27 root - INFO - ModelTraining class initialization completed!
[2026-04-24 15:38:03,932] 98 root - INFO - Model Training Pipeline Trigerred.
[2026-04-24 15:38:03,955] 43 root - INFO - Data loading success! | X:(8507, 13) | y: (8507,)
[2026-04-24 15:38:03,965] 59 root - INFO - Pre-processor loading success!
[2026-04-24 15:38:03,965] 67 root - INFO - Transforming data features using the saved preprocessor.
[2026-04-24 15:38:03,972] 70 root - INFO - Training the full data on XGBoost.
[2026-04-24 15:38:04,901] 76 root - INFO - Model Training Completed!
[2026-04-24 15:38:04,913] 81 root - INFO - Final model saved to: Artifacts\model_training\final_model.pkl
[2026-04-24 15:38:04,915] 108 root - INFO - Model Trainer Artifacts:
ModelTrainerArtifacts(final_model_path='Artifacts\\model_training\\final_model.pkl')
[2026-04-24 15:38:04,915] 109 root - INFO - Model Training Completed | Total Execution Time: 0.016 min.
[2026-04-24 15:38:04,916] 41 root - INFO - ----------------------------------------------------------------------------------------------------
[2026-04-24 15:38:04,916] 42 root - INFO - END OF: MODEL TRAINING
[2026-04-24 15:38:04,916] 43 root - INFO - ----------------------------------------------------------------------------------------------------



